2026-05-07 16:07:20 | ERR | REQUEST_EXCEPTION | Path=/ATT111001/GetList | Method=POST
System.ArgumentNullException: Value cannot be null. (Parameter 'key')
   at System.Collections.Generic.Dictionary`2.ContainsKey(TKey key)
   at EHRIS.Core.Repositories.Attendance.ATT111001Repository.GetPagedListAsync(ATT111001DataTableRequest request) in D:\DSPlatform\01.Source\EHRIS\EHRIS.Core\Repositories\Attendance\ATT111001Repository.cs:line 66
   at EHRIS.Services.Services.Attendance.ATT111001Service.GetListAsync(ATT111001DataTableRequest request) in D:\DSPlatform\01.Source\EHRIS\EHRIS.Services\Services\Attendance\ATT111001Service.cs:line 20
   at EHRIS.Attendance.Controllers.ATT111001Controller.GetList(ATT111001DataTableRequest request)
   at Microsoft.AspNetCore.Mvc.Infrastructure.ActionMethodExecutor.TaskOfIActionResultExecutor.Execute(ActionContext actionContext, IActionResultTypeMapper mapper, ObjectMethodExecutor executor, Object controller, Object[] arguments)
   at Microsoft.AspNetCore.Mvc.Infrastructure.ControllerActionInvoker.<InvokeActionMethodAsync>g__Awaited|12_0(ControllerActionInvoker invoker, ValueTask`1 actionResultValueTask)
   at Microsoft.AspNetCore.Mvc.Infrastructure.ControllerActionInvoker.<InvokeNextActionFilterAsync>g__Awaited|10_0(ControllerActionInvoker invoker, Task lastTask, State next, Scope scope, Object state, Boolean isCompleted)
   at Microsoft.AspNetCore.Mvc.Infrastructure.ControllerActionInvoker.Rethrow(ActionExecutedContextSealed context)
   at Microsoft.AspNetCore.Mvc.Infrastructure.ControllerActionInvoker.Next(State& next, Scope& scope, Object& state, Boolean& isCompleted)
   at Microsoft.AspNetCore.Mvc.Infrastructure.ControllerActionInvoker.<InvokeInnerFilterAsync>g__Awaited|13_0(ControllerActionInvoker invoker, Task lastTask, State next, Scope scope, Object state, Boolean isCompleted)
   at Microsoft.AspNetCore.Mvc.Infrastructure.ResourceInvoker.<InvokeNextResourceFilter>g__Awaited|25_0(ResourceInvoker invoker, Task lastTask, State next, Scope scope, Object state, Boolean isCompleted)
   at Microsoft.AspNetCore.Mvc.Infrastructure.ResourceInvoker.Rethrow(ResourceExecutedContextSealed context)
   at Microsoft.AspNetCore.Mvc.Infrastructure.ResourceInvoker.Next(State& next, Scope& scope, Object& state, Boolean& isCompleted)
   at Microsoft.AspNetCore.Mvc.Infrastructure.ResourceInvoker.<InvokeFilterPipelineAsync>g__Awaited|20_0(ResourceInvoker invoker, Task lastTask, State next, Scope scope, Object state, Boolean isCompleted)
   at Microsoft.AspNetCore.Mvc.Infrastructure.ResourceInvoker.<InvokeAsync>g__Awaited|17_0(ResourceInvoker invoker, Task task, IDisposable scope)
   at Microsoft.AspNetCore.Mvc.Infrastructure.ResourceInvoker.<InvokeAsync>g__Awaited|17_0(ResourceInvoker invoker, Task task, IDisposable scope)
   at EHRIS.Security.Middleware.UserActivityMiddleware.InvokeAsync(HttpContext context) in D:\DSPlatform\01.Source\EHRIS\EHRIS.Security\Middleware\UserActivityMiddleware.cs:line 41
2026-05-07 16:07:21 | ERR | 未預期錯誤
System.ArgumentNullException: Value cannot be null. (Parameter 'key')
   at System.Collections.Generic.Dictionary`2.ContainsKey(TKey key)
   at EHRIS.Core.Repositories.Attendance.ATT111001Repository.GetPagedListAsync(ATT111001DataTableRequest request) in D:\DSPlatform\01.Source\EHRIS\EHRIS.Core\Repositories\Attendance\ATT111001Repository.cs:line 66
   at EHRIS.Services.Services.Attendance.ATT111001Service.GetListAsync(ATT111001DataTableRequest request) in D:\DSPlatform\01.Source\EHRIS\EHRIS.Services\Services\Attendance\ATT111001Service.cs:line 20
   at EHRIS.Attendance.Controllers.ATT111001Controller.GetList(ATT111001DataTableRequest request)
   at Microsoft.AspNetCore.Mvc.Infrastructure.ActionMethodExecutor.TaskOfIActionResultExecutor.Execute(ActionContext actionContext, IActionResultTypeMapper mapper, ObjectMethodExecutor executor, Object controller, Object[] arguments)
   at Microsoft.AspNetCore.Mvc.Infrastructure.ControllerActionInvoker.<InvokeActionMethodAsync>g__Awaited|12_0(ControllerActionInvoker invoker, ValueTask`1 actionResultValueTask)
   at Microsoft.AspNetCore.Mvc.Infrastructure.ControllerActionInvoker.<InvokeNextActionFilterAsync>g__Awaited|10_0(ControllerActionInvoker invoker, Task lastTask, State next, Scope scope, Object state, Boolean isCompleted)
   at Microsoft.AspNetCore.Mvc.Infrastructure.ControllerActionInvoker.Rethrow(ActionExecutedContextSealed context)
   at Microsoft.AspNetCore.Mvc.Infrastructure.ControllerActionInvoker.Next(State& next, Scope& scope, Object& state, Boolean& isCompleted)
   at Microsoft.AspNetCore.Mvc.Infrastructure.ControllerActionInvoker.<InvokeInnerFilterAsync>g__Awaited|13_0(ControllerActionInvoker invoker, Task lastTask, State next, Scope scope, Object state, Boolean isCompleted)
   at Microsoft.AspNetCore.Mvc.Infrastructure.ResourceInvoker.<InvokeNextResourceFilter>g__Awaited|25_0(ResourceInvoker invoker, Task lastTask, State next, Scope scope, Object state, Boolean isCompleted)
   at Microsoft.AspNetCore.Mvc.Infrastructure.ResourceInvoker.Rethrow(ResourceExecutedContextSealed context)
   at Microsoft.AspNetCore.Mvc.Infrastructure.ResourceInvoker.Next(State& next, Scope& scope, Object& state, Boolean& isCompleted)
   at Microsoft.AspNetCore.Mvc.Infrastructure.ResourceInvoker.<InvokeFilterPipelineAsync>g__Awaited|20_0(ResourceInvoker invoker, Task lastTask, State next, Scope scope, Object state, Boolean isCompleted)
   at Microsoft.AspNetCore.Mvc.Infrastructure.ResourceInvoker.<InvokeAsync>g__Awaited|17_0(ResourceInvoker invoker, Task task, IDisposable scope)
   at Microsoft.AspNetCore.Mvc.Infrastructure.ResourceInvoker.<InvokeAsync>g__Awaited|17_0(ResourceInvoker invoker, Task task, IDisposable scope)
   at EHRIS.Security.Middleware.UserActivityMiddleware.InvokeAsync(HttpContext context) in D:\DSPlatform\01.Source\EHRIS\EHRIS.Security\Middleware\UserActivityMiddleware.cs:line 41
   at Microsoft.AspNetCore.Authorization.AuthorizationMiddleware.Invoke(HttpContext context)
   at Microsoft.AspNetCore.Authentication.AuthenticationMiddleware.Invoke(HttpContext context)
   at Microsoft.AspNetCore.Session.SessionMiddleware.Invoke(HttpContext context)
   at Microsoft.AspNetCore.Session.SessionMiddleware.Invoke(HttpContext context)
   at Program.<>c__DisplayClass0_0.<<<Main>$>b__13>d.MoveNext() in D:\DSPlatform\01.Source\EHRIS\EHRIS.Web\Program.cs:line 383
--- End of stack trace from previous location ---
   at EHRIS.Security.Middleware.NetworkStabilityMiddleware.InvokeAsync(HttpContext context) in D:\DSPlatform\01.Source\EHRIS\EHRIS.Security\Middleware\NetworkStabilityMiddleware.cs:line 31
   at EHRIS.Security.Middleware.RequestSanitizerMiddleware.Invoke(HttpContext context) in D:\DSPlatform\01.Source\EHRIS\EHRIS.Security\Middleware\RequestSanitizerMiddleware.cs:line 29
   at EHRIS.Security.Middleware.ExceptionMiddleware.InvokeAsync(HttpContext context, IDbHealthCheck dbHealthCheck) in D:\DSPlatform\01.Source\EHRIS\EHRIS.Security\Middleware\ExceptionMiddleware.cs:line 43
