2026-04-14 10:06:55 | INF | NETWORK_UNSTABLE | Acc=admin | IP=::1 | Path=/ | Reason=SlowRequest 7704ms
2026-04-14 10:13:31 | INF | NETWORK_UNSTABLE | Acc=admin | IP=::1 | Path=/ | Reason=SlowRequest 7206ms
2026-04-14 10:17:40 | INF | NETWORK_UNSTABLE | Acc=admin | IP=::1 | Path=/ | Reason=SlowRequest 7126ms
2026-04-14 10:31:31 | INF | NETWORK_UNSTABLE | Acc=admin | IP=::1 | Path=/ | Reason=SlowRequest 7194ms
2026-04-14 11:51:43 | WRN | No store type was specified for the decimal property 'OveMoney' on entity type 'HROvertime'. This will cause values to be silently truncated if they do not fit in the default precision and scale. Explicitly specify the SQL server column type that can accommodate all the values in 'OnModelCreating' using 'HasColumnType', specify precision and scale using 'HasPrecision', or configure a value converter using 'HasConversion'.
2026-04-14 11:51:43 | WRN | No store type was specified for the decimal property 'Wag1D1Hour' on entity type 'HRWage'. This will cause values to be silently truncated if they do not fit in the default precision and scale. Explicitly specify the SQL server column type that can accommodate all the values in 'OnModelCreating' using 'HasColumnType', specify precision and scale using 'HasPrecision', or configure a value converter using 'HasConversion'.
2026-04-14 11:51:43 | WRN | No store type was specified for the decimal property 'Wag2D1Hour' on entity type 'HRWage'. This will cause values to be silently truncated if they do not fit in the default precision and scale. Explicitly specify the SQL server column type that can accommodate all the values in 'OnModelCreating' using 'HasColumnType', specify precision and scale using 'HasPrecision', or configure a value converter using 'HasConversion'.
2026-04-14 11:51:43 | WRN | No store type was specified for the decimal property 'Wag4D3Hour' on entity type 'HRWage'. This will cause values to be silently truncated if they do not fit in the default precision and scale. Explicitly specify the SQL server column type that can accommodate all the values in 'OnModelCreating' using 'HasColumnType', specify precision and scale using 'HasPrecision', or configure a value converter using 'HasConversion'.
2026-04-14 11:51:43 | WRN | No store type was specified for the decimal property 'Wag5D3Hour' on entity type 'HRWage'. This will cause values to be silently truncated if they do not fit in the default precision and scale. Explicitly specify the SQL server column type that can accommodate all the values in 'OnModelCreating' using 'HasColumnType', specify precision and scale using 'HasPrecision', or configure a value converter using 'HasConversion'.
2026-04-14 11:51:43 | WRN | No store type was specified for the decimal property 'Wag8D3Hour' on entity type 'HRWage'. This will cause values to be silently truncated if they do not fit in the default precision and scale. Explicitly specify the SQL server column type that can accommodate all the values in 'OnModelCreating' using 'HasColumnType', specify precision and scale using 'HasPrecision', or configure a value converter using 'HasConversion'.
2026-04-14 11:51:43 | WRN | No store type was specified for the decimal property 'WagApplyHour' on entity type 'HRWage'. This will cause values to be silently truncated if they do not fit in the default precision and scale. Explicitly specify the SQL server column type that can accommodate all the values in 'OnModelCreating' using 'HasColumnType', specify precision and scale using 'HasPrecision', or configure a value converter using 'HasConversion'.
2026-04-14 11:51:43 | WRN | No store type was specified for the decimal property 'WagIssueHour' on entity type 'HRWage'. This will cause values to be silently truncated if they do not fit in the default precision and scale. Explicitly specify the SQL server column type that can accommodate all the values in 'OnModelCreating' using 'HasColumnType', specify precision and scale using 'HasPrecision', or configure a value converter using 'HasConversion'.
2026-04-14 11:51:43 | WRN | No store type was specified for the decimal property 'WagSubtotal' on entity type 'HRWage'. This will cause values to be silently truncated if they do not fit in the default precision and scale. Explicitly specify the SQL server column type that can accommodate all the values in 'OnModelCreating' using 'HasColumnType', specify precision and scale using 'HasPrecision', or configure a value converter using 'HasConversion'.
2026-04-14 11:51:49 | WRN | The query uses the 'First'/'FirstOrDefault' operator without 'OrderBy' and filter operators. This may lead to unpredictable results.
2026-04-14 11:51:50 | INF | ACTION_TRACE | Acc=Anonymous | Path=/ | IP=::1 | Start=2026-04-14 11:51:43.038 | Elapsed=7065ms | Status=Completed
2026-04-14 11:51:50 | INF | NETWORK_UNSTABLE | Acc=Anonymous | Path=/ | Reason=SlowRequest 7065ms
2026-04-14 11:51:50 | INF | NETWORK_UNSTABLE | Acc=Anonymous | IP=::1 | Path=/ | Reason=SlowRequest 7255ms
2026-04-14 11:51:50 | INF | ACTION_TRACE | Acc=Anonymous | Path=/Captcha/Generate | IP=::1 | Start=2026-04-14 11:51:50.268 | Elapsed=42ms | Status=Completed
2026-04-14 11:51:50 | INF | ACTION_TRACE | Acc=Anonymous | Path=/DNTCaptchaImage/Show | IP=::1 | Start=2026-04-14 11:51:50.325 | Elapsed=124ms | Status=Completed
2026-04-14 13:58:08 | WRN | No store type was specified for the decimal property 'OveMoney' on entity type 'HROvertime'. This will cause values to be silently truncated if they do not fit in the default precision and scale. Explicitly specify the SQL server column type that can accommodate all the values in 'OnModelCreating' using 'HasColumnType', specify precision and scale using 'HasPrecision', or configure a value converter using 'HasConversion'.
2026-04-14 13:58:08 | WRN | No store type was specified for the decimal property 'Wag1D1Hour' on entity type 'HRWage'. This will cause values to be silently truncated if they do not fit in the default precision and scale. Explicitly specify the SQL server column type that can accommodate all the values in 'OnModelCreating' using 'HasColumnType', specify precision and scale using 'HasPrecision', or configure a value converter using 'HasConversion'.
2026-04-14 13:58:08 | WRN | No store type was specified for the decimal property 'Wag2D1Hour' on entity type 'HRWage'. This will cause values to be silently truncated if they do not fit in the default precision and scale. Explicitly specify the SQL server column type that can accommodate all the values in 'OnModelCreating' using 'HasColumnType', specify precision and scale using 'HasPrecision', or configure a value converter using 'HasConversion'.
2026-04-14 13:58:08 | WRN | No store type was specified for the decimal property 'Wag4D3Hour' on entity type 'HRWage'. This will cause values to be silently truncated if they do not fit in the default precision and scale. Explicitly specify the SQL server column type that can accommodate all the values in 'OnModelCreating' using 'HasColumnType', specify precision and scale using 'HasPrecision', or configure a value converter using 'HasConversion'.
2026-04-14 13:58:08 | WRN | No store type was specified for the decimal property 'Wag5D3Hour' on entity type 'HRWage'. This will cause values to be silently truncated if they do not fit in the default precision and scale. Explicitly specify the SQL server column type that can accommodate all the values in 'OnModelCreating' using 'HasColumnType', specify precision and scale using 'HasPrecision', or configure a value converter using 'HasConversion'.
2026-04-14 13:58:08 | WRN | No store type was specified for the decimal property 'Wag8D3Hour' on entity type 'HRWage'. This will cause values to be silently truncated if they do not fit in the default precision and scale. Explicitly specify the SQL server column type that can accommodate all the values in 'OnModelCreating' using 'HasColumnType', specify precision and scale using 'HasPrecision', or configure a value converter using 'HasConversion'.
2026-04-14 13:58:08 | WRN | No store type was specified for the decimal property 'WagApplyHour' on entity type 'HRWage'. This will cause values to be silently truncated if they do not fit in the default precision and scale. Explicitly specify the SQL server column type that can accommodate all the values in 'OnModelCreating' using 'HasColumnType', specify precision and scale using 'HasPrecision', or configure a value converter using 'HasConversion'.
2026-04-14 13:58:08 | WRN | No store type was specified for the decimal property 'WagIssueHour' on entity type 'HRWage'. This will cause values to be silently truncated if they do not fit in the default precision and scale. Explicitly specify the SQL server column type that can accommodate all the values in 'OnModelCreating' using 'HasColumnType', specify precision and scale using 'HasPrecision', or configure a value converter using 'HasConversion'.
2026-04-14 13:58:08 | WRN | No store type was specified for the decimal property 'WagSubtotal' on entity type 'HRWage'. This will cause values to be silently truncated if they do not fit in the default precision and scale. Explicitly specify the SQL server column type that can accommodate all the values in 'OnModelCreating' using 'HasColumnType', specify precision and scale using 'HasPrecision', or configure a value converter using 'HasConversion'.
2026-04-14 13:58:14 | WRN | The query uses the 'First'/'FirstOrDefault' operator without 'OrderBy' and filter operators. This may lead to unpredictable results.
2026-04-14 13:58:15 | INF | ACTION_TRACE | Acc=Anonymous | Path=/ | IP=::1 | Start=2026-04-14 13:58:08.168 | Elapsed=6953ms | Status=Completed
2026-04-14 13:58:15 | INF | NETWORK_UNSTABLE | Acc=Anonymous | Path=/ | Reason=SlowRequest 6953ms
2026-04-14 13:58:15 | INF | NETWORK_UNSTABLE | Acc=Anonymous | IP=::1 | Path=/ | Reason=SlowRequest 7131ms
2026-04-14 13:58:15 | INF | ACTION_TRACE | Acc=Anonymous | Path=/Captcha/Generate | IP=::1 | Start=2026-04-14 13:58:15.334 | Elapsed=48ms | Status=Completed
2026-04-14 13:58:15 | INF | ACTION_TRACE | Acc=Anonymous | Path=/DNTCaptchaImage/Show | IP=::1 | Start=2026-04-14 13:58:15.413 | Elapsed=166ms | Status=Completed
2026-04-14 13:58:17 | INF | ACTION_TRACE | Acc=Anonymous | Path=/AdminPortal/Account/Login | IP=::1 | Start=2026-04-14 13:58:17.589 | Elapsed=0ms | Status=Completed
2026-04-14 13:58:24 | INF | ACTION_TRACE | Acc=Anonymous | Path=/ | IP=::1 | Start=2026-04-14 13:58:23.180 | Elapsed=844ms | Status=Completed
2026-04-14 13:58:24 | INF | ACTION_TRACE | Acc=Anonymous | Path=/Captcha/Generate | IP=::1 | Start=2026-04-14 13:58:24.359 | Elapsed=2ms | Status=Completed
2026-04-14 13:58:24 | INF | ACTION_TRACE | Acc=Anonymous | Path=/DNTCaptchaImage/Show | IP=::1 | Start=2026-04-14 13:58:24.379 | Elapsed=13ms | Status=Completed
2026-04-14 13:58:26 | INF | ACTION_TRACE | Acc=Anonymous | Path=/AdminPortal/Account/Login | IP=::1 | Start=2026-04-14 13:58:26.118 | Elapsed=0ms | Status=Completed
2026-04-14 14:01:49 | WRN | No store type was specified for the decimal property 'OveMoney' on entity type 'HROvertime'. This will cause values to be silently truncated if they do not fit in the default precision and scale. Explicitly specify the SQL server column type that can accommodate all the values in 'OnModelCreating' using 'HasColumnType', specify precision and scale using 'HasPrecision', or configure a value converter using 'HasConversion'.
2026-04-14 14:01:49 | WRN | No store type was specified for the decimal property 'Wag1D1Hour' on entity type 'HRWage'. This will cause values to be silently truncated if they do not fit in the default precision and scale. Explicitly specify the SQL server column type that can accommodate all the values in 'OnModelCreating' using 'HasColumnType', specify precision and scale using 'HasPrecision', or configure a value converter using 'HasConversion'.
2026-04-14 14:01:49 | WRN | No store type was specified for the decimal property 'Wag2D1Hour' on entity type 'HRWage'. This will cause values to be silently truncated if they do not fit in the default precision and scale. Explicitly specify the SQL server column type that can accommodate all the values in 'OnModelCreating' using 'HasColumnType', specify precision and scale using 'HasPrecision', or configure a value converter using 'HasConversion'.
2026-04-14 14:01:49 | WRN | No store type was specified for the decimal property 'Wag4D3Hour' on entity type 'HRWage'. This will cause values to be silently truncated if they do not fit in the default precision and scale. Explicitly specify the SQL server column type that can accommodate all the values in 'OnModelCreating' using 'HasColumnType', specify precision and scale using 'HasPrecision', or configure a value converter using 'HasConversion'.
2026-04-14 14:01:49 | WRN | No store type was specified for the decimal property 'Wag5D3Hour' on entity type 'HRWage'. This will cause values to be silently truncated if they do not fit in the default precision and scale. Explicitly specify the SQL server column type that can accommodate all the values in 'OnModelCreating' using 'HasColumnType', specify precision and scale using 'HasPrecision', or configure a value converter using 'HasConversion'.
2026-04-14 14:01:49 | WRN | No store type was specified for the decimal property 'Wag8D3Hour' on entity type 'HRWage'. This will cause values to be silently truncated if they do not fit in the default precision and scale. Explicitly specify the SQL server column type that can accommodate all the values in 'OnModelCreating' using 'HasColumnType', specify precision and scale using 'HasPrecision', or configure a value converter using 'HasConversion'.
2026-04-14 14:01:49 | WRN | No store type was specified for the decimal property 'WagApplyHour' on entity type 'HRWage'. This will cause values to be silently truncated if they do not fit in the default precision and scale. Explicitly specify the SQL server column type that can accommodate all the values in 'OnModelCreating' using 'HasColumnType', specify precision and scale using 'HasPrecision', or configure a value converter using 'HasConversion'.
2026-04-14 14:01:49 | WRN | No store type was specified for the decimal property 'WagIssueHour' on entity type 'HRWage'. This will cause values to be silently truncated if they do not fit in the default precision and scale. Explicitly specify the SQL server column type that can accommodate all the values in 'OnModelCreating' using 'HasColumnType', specify precision and scale using 'HasPrecision', or configure a value converter using 'HasConversion'.
2026-04-14 14:01:49 | WRN | No store type was specified for the decimal property 'WagSubtotal' on entity type 'HRWage'. This will cause values to be silently truncated if they do not fit in the default precision and scale. Explicitly specify the SQL server column type that can accommodate all the values in 'OnModelCreating' using 'HasColumnType', specify precision and scale using 'HasPrecision', or configure a value converter using 'HasConversion'.
2026-04-14 14:01:54 | WRN | The query uses the 'First'/'FirstOrDefault' operator without 'OrderBy' and filter operators. This may lead to unpredictable results.
2026-04-14 14:01:55 | INF | ACTION_TRACE | Acc=Anonymous | Path=/ | IP=::1 | Start=2026-04-14 14:01:48.521 | Elapsed=6780ms | Status=Completed
2026-04-14 14:01:55 | INF | NETWORK_UNSTABLE | Acc=Anonymous | Path=/ | Reason=SlowRequest 6780ms
2026-04-14 14:01:55 | INF | NETWORK_UNSTABLE | Acc=Anonymous | IP=::1 | Path=/ | Reason=SlowRequest 6954ms
2026-04-14 14:01:55 | INF | ACTION_TRACE | Acc=Anonymous | Path=/Captcha/Generate | IP=::1 | Start=2026-04-14 14:01:55.461 | Elapsed=36ms | Status=Completed
2026-04-14 14:01:55 | INF | ACTION_TRACE | Acc=Anonymous | Path=/DNTCaptchaImage/Show | IP=::1 | Start=2026-04-14 14:01:55.519 | Elapsed=120ms | Status=Completed
2026-04-14 14:01:59 | INF | ACTION_TRACE | Acc=Anonymous | Path=/AdminPortal/Account/Login | IP=::1 | Start=2026-04-14 14:01:59.334 | Elapsed=95ms | Status=Completed
2026-04-14 14:01:59 | INF | ACTION_TRACE | Acc=Anonymous | Path=/Captcha/Generate | IP=::1 | Start=2026-04-14 14:01:59.667 | Elapsed=5ms | Status=Completed
2026-04-14 14:01:59 | INF | ACTION_TRACE | Acc=Anonymous | Path=/DNTCaptchaImage/Show | IP=::1 | Start=2026-04-14 14:01:59.683 | Elapsed=17ms | Status=Completed
2026-04-14 14:02:10 | INF | ACTION_TRACE | Acc=admin | Path=/AdminPortal/Account/Login | IP=::1 | Start=2026-04-14 14:02:03.425 | Elapsed=6956ms | Status=Completed
2026-04-14 14:02:10 | INF | NETWORK_UNSTABLE | Acc=admin | Path=/AdminPortal/Account/Login | Reason=SlowRequest 6956ms
2026-04-14 14:02:10 | INF | NETWORK_UNSTABLE | Acc=admin | IP=::1 | Path=/AdminPortal/Account/Login | Reason=SlowRequest 6957ms
2026-04-14 15:10:56 | WRN | No store type was specified for the decimal property 'OveMoney' on entity type 'HROvertime'. This will cause values to be silently truncated if they do not fit in the default precision and scale. Explicitly specify the SQL server column type that can accommodate all the values in 'OnModelCreating' using 'HasColumnType', specify precision and scale using 'HasPrecision', or configure a value converter using 'HasConversion'.
2026-04-14 15:10:56 | WRN | No store type was specified for the decimal property 'Wag1D1Hour' on entity type 'HRWage'. This will cause values to be silently truncated if they do not fit in the default precision and scale. Explicitly specify the SQL server column type that can accommodate all the values in 'OnModelCreating' using 'HasColumnType', specify precision and scale using 'HasPrecision', or configure a value converter using 'HasConversion'.
2026-04-14 15:10:56 | WRN | No store type was specified for the decimal property 'Wag2D1Hour' on entity type 'HRWage'. This will cause values to be silently truncated if they do not fit in the default precision and scale. Explicitly specify the SQL server column type that can accommodate all the values in 'OnModelCreating' using 'HasColumnType', specify precision and scale using 'HasPrecision', or configure a value converter using 'HasConversion'.
2026-04-14 15:10:56 | WRN | No store type was specified for the decimal property 'Wag4D3Hour' on entity type 'HRWage'. This will cause values to be silently truncated if they do not fit in the default precision and scale. Explicitly specify the SQL server column type that can accommodate all the values in 'OnModelCreating' using 'HasColumnType', specify precision and scale using 'HasPrecision', or configure a value converter using 'HasConversion'.
2026-04-14 15:10:56 | WRN | No store type was specified for the decimal property 'Wag5D3Hour' on entity type 'HRWage'. This will cause values to be silently truncated if they do not fit in the default precision and scale. Explicitly specify the SQL server column type that can accommodate all the values in 'OnModelCreating' using 'HasColumnType', specify precision and scale using 'HasPrecision', or configure a value converter using 'HasConversion'.
2026-04-14 15:10:56 | WRN | No store type was specified for the decimal property 'Wag8D3Hour' on entity type 'HRWage'. This will cause values to be silently truncated if they do not fit in the default precision and scale. Explicitly specify the SQL server column type that can accommodate all the values in 'OnModelCreating' using 'HasColumnType', specify precision and scale using 'HasPrecision', or configure a value converter using 'HasConversion'.
2026-04-14 15:10:56 | WRN | No store type was specified for the decimal property 'WagApplyHour' on entity type 'HRWage'. This will cause values to be silently truncated if they do not fit in the default precision and scale. Explicitly specify the SQL server column type that can accommodate all the values in 'OnModelCreating' using 'HasColumnType', specify precision and scale using 'HasPrecision', or configure a value converter using 'HasConversion'.
2026-04-14 15:10:56 | WRN | No store type was specified for the decimal property 'WagIssueHour' on entity type 'HRWage'. This will cause values to be silently truncated if they do not fit in the default precision and scale. Explicitly specify the SQL server column type that can accommodate all the values in 'OnModelCreating' using 'HasColumnType', specify precision and scale using 'HasPrecision', or configure a value converter using 'HasConversion'.
2026-04-14 15:10:56 | WRN | No store type was specified for the decimal property 'WagSubtotal' on entity type 'HRWage'. This will cause values to be silently truncated if they do not fit in the default precision and scale. Explicitly specify the SQL server column type that can accommodate all the values in 'OnModelCreating' using 'HasColumnType', specify precision and scale using 'HasPrecision', or configure a value converter using 'HasConversion'.
2026-04-14 15:11:02 | WRN | The query uses the 'First'/'FirstOrDefault' operator without 'OrderBy' and filter operators. This may lead to unpredictable results.
2026-04-14 15:11:02 | INF | ACTION_TRACE | Acc=Anonymous | Path=/ | IP=::1 | Start=2026-04-14 15:10:56.181 | Elapsed=6752ms | Status=Completed
2026-04-14 15:11:02 | INF | NETWORK_UNSTABLE | Acc=Anonymous | Path=/ | Reason=SlowRequest 6752ms
2026-04-14 15:11:02 | INF | NETWORK_UNSTABLE | Acc=Anonymous | IP=::1 | Path=/ | Reason=SlowRequest 6916ms
2026-04-14 15:11:03 | INF | ACTION_TRACE | Acc=Anonymous | Path=/Captcha/Generate | IP=::1 | Start=2026-04-14 15:11:03.083 | Elapsed=35ms | Status=Completed
2026-04-14 15:11:03 | INF | ACTION_TRACE | Acc=Anonymous | Path=/DNTCaptchaImage/Show | IP=::1 | Start=2026-04-14 15:11:03.140 | Elapsed=97ms | Status=Completed
2026-04-14 15:11:16 | INF | ACTION_TRACE | Acc=Anonymous | Path=/AdminPortal/Account/Login | IP=::1 | Start=2026-04-14 15:11:16.874 | Elapsed=123ms | Status=Completed
2026-04-14 15:11:17 | INF | ACTION_TRACE | Acc=Anonymous | Path=/Captcha/Generate | IP=::1 | Start=2026-04-14 15:11:17.292 | Elapsed=4ms | Status=Completed
2026-04-14 15:11:17 | INF | ACTION_TRACE | Acc=Anonymous | Path=/DNTCaptchaImage/Show | IP=::1 | Start=2026-04-14 15:11:17.303 | Elapsed=11ms | Status=Completed
2026-04-14 15:11:30 | INF | ACTION_TRACE | Acc=admin | Path=/AdminPortal/Account/Login | IP=::1 | Start=2026-04-14 15:11:20.922 | Elapsed=9119ms | Status=Completed
2026-04-14 15:11:30 | INF | NETWORK_UNSTABLE | Acc=admin | Path=/AdminPortal/Account/Login | Reason=SlowRequest 9119ms
2026-04-14 15:11:30 | INF | NETWORK_UNSTABLE | Acc=admin | IP=::1 | Path=/AdminPortal/Account/Login | Reason=SlowRequest 9121ms
2026-04-14 15:19:37 | INF | NETWORK_UNSTABLE | Acc=admin | IP=::1 | Path=/ | Reason=SlowRequest 7304ms
2026-04-14 15:19:56 | INF | NETWORK_UNSTABLE | Acc=admin | IP=::1 | Path=/Account/Login | Reason=SlowRequest 6420ms
2026-04-14 15:21:06 | INF | NETWORK_UNSTABLE | Acc=admin | IP=::1 | Path=/ | Reason=SlowRequest 7143ms
2026-04-14 15:21:17 | INF | NETWORK_UNSTABLE | Acc=admin | IP=::1 | Path=/Account/Login | Reason=SlowRequest 6308ms
2026-04-14 16:08:07 | INF | NETWORK_UNSTABLE | Acc=admin | IP=::1 | Path=/ | Reason=SlowRequest 7252ms
2026-04-14 16:08:22 | INF | NETWORK_UNSTABLE | Acc=admin | IP=::1 | Path=/AdminPortal/Account/Login | Reason=SlowRequest 6442ms
2026-04-14 16:16:13 | INF | NETWORK_UNSTABLE | Acc=admin | IP=::1 | Path=/ | Reason=SlowRequest 7112ms
2026-04-14 16:16:30 | INF | NETWORK_UNSTABLE | Acc=admin | IP=::1 | Path=/AdminPortal/Account/Login | Reason=SlowRequest 8982ms
2026-04-14 16:18:14 | INF | NETWORK_UNSTABLE | Acc=admin | IP=::1 | Path=/ | Reason=SlowRequest 7019ms
2026-04-14 16:18:31 | INF | NETWORK_UNSTABLE | Acc=admin | IP=::1 | Path=/AdminPortal/Account/Login | Reason=SlowRequest 8319ms
2026-04-14 16:22:22 | INF | NETWORK_UNSTABLE | Acc=admin | IP=::1 | Path=/ | Reason=SlowRequest 6991ms
2026-04-14 16:22:38 | INF | NETWORK_UNSTABLE | Acc=admin | IP=::1 | Path=/AdminPortal/Account/Login | Reason=SlowRequest 9613ms
2026-04-14 16:26:34 | INF | NETWORK_UNSTABLE | Acc=admin | IP=::1 | Path=/ | Reason=SlowRequest 6971ms
2026-04-14 16:26:48 | INF | NETWORK_UNSTABLE | Acc=admin | IP=::1 | Path=/AdminPortal/Account/Login | Reason=SlowRequest 6672ms
2026-04-14 16:34:07 | INF | NETWORK_UNSTABLE | Acc=admin | IP=::1 | Path=/ | Reason=SlowRequest 7010ms
2026-04-14 16:35:50 | INF | NETWORK_UNSTABLE | Acc=admin | IP=::1 | Path=/ | Reason=SlowRequest 7038ms
2026-04-14 16:36:08 | INF | NETWORK_UNSTABLE | Acc=admin | IP=::1 | Path=/AdminPortal/Account/Login | Reason=SlowRequest 6639ms
2026-04-14 16:38:35 | INF | NETWORK_UNSTABLE | Acc=admin | IP=::1 | Path=/ | Reason=SlowRequest 7015ms
2026-04-14 16:38:51 | INF | NETWORK_UNSTABLE | Acc=admin | IP=::1 | Path=/AdminPortal/Account/Login | Reason=SlowRequest 9112ms
2026-04-14 16:45:33 | INF | NETWORK_UNSTABLE | Acc=admin | IP=::1 | Path=/ | Reason=SlowRequest 7233ms
2026-04-14 16:45:44 | INF | NETWORK_UNSTABLE | Acc=admin | IP=::1 | Path=/Account/Login | Reason=SlowRequest 6379ms
2026-04-14 16:47:09 | INF | NETWORK_UNSTABLE | Acc=admin | IP=::1 | Path=/ | Reason=SlowRequest 7161ms
2026-04-14 16:47:20 | INF | NETWORK_UNSTABLE | Acc=admin | IP=::1 | Path=/Account/Login | Reason=SlowRequest 6460ms
2026-04-14 16:47:32 | INF | NETWORK_UNSTABLE | Acc=admin | IP=::1 | Path=/AdminPortal/Account/Login | Reason=SlowRequest 3994ms
2026-04-14 16:47:48 | WRN | Unable to configure Browser Link script injection on the response. 
2026-04-14 16:47:48 | WRN | Unable to configure browser refresh script injection on the response. Consider manually adding '<script src="/_framework/aspnetcore-browser-refresh.js"></script>' to the body of the page.
2026-04-14 16:55:18 | INF | NETWORK_UNSTABLE | Acc=admin | IP=::1 | Path=/ | Reason=SlowRequest 6999ms
2026-04-14 16:55:35 | INF | NETWORK_UNSTABLE | Acc=admin | IP=::1 | Path=/AdminPortal/Account/Login | Reason=SlowRequest 10143ms
