2026-07-01 09:27:34 | INF | ACTION_TRACE | Acc=admin | Path=/Home/Index | IP=::1 | Start=2026-07-01 09:27:33.623 | Elapsed=379ms | Status=Completed
2026-07-01 09:27:36 | INF | ACTION_TRACE | Acc=admin | Path=/Home/GetMenu | IP=::1 | Start=2026-07-01 09:27:36.623 | Elapsed=35ms | Status=Completed
2026-07-01 09:27:39 | INF | CONTROLLER_EXEC | Acc= admin | IP=::1 | Path=SYS201001/SYS201001 | Message=GET /SYS201001/SYS201001
2026-07-01 09:27:39 | INF | ACTION_TRACE | Acc=admin | Path=/SYS201001/SYS201001 | IP=::1 | Start=2026-07-01 09:27:39.442 | Elapsed=279ms | Status=Completed
2026-07-01 09:27:39 | INF | CONTROLLER_EXEC | Acc= admin | IP=::1 | Path=SYS201001/GetAllAdmins | Message=POST /SYS201001/GetAllAdmins
2026-07-01 09:27:39 | INF | ACTION_TRACE | Acc=admin | Path=/SYS201001/GetAllAdmins | IP=::1 | Start=2026-07-01 09:27:39.835 | Elapsed=133ms | Status=Completed
2026-07-01 09:27:40 | INF | CONTROLLER_EXEC | Acc= admin | IP=::1 | Path=SYS201001/GetAllAdmins | Message=POST /SYS201001/GetAllAdmins
2026-07-01 09:27:40 | INF | ACTION_TRACE | Acc=admin | Path=/SYS201001/GetAllAdmins | IP=::1 | Start=2026-07-01 09:27:40.001 | Elapsed=17ms | Status=Completed
2026-07-01 09:28:03 | INF | CONTROLLER_EXEC | Acc= admin | IP=::1 | Path=SYS201002/SYS201002 | Message=GET /SYS201002/SYS201002
2026-07-01 09:28:03 | INF | ACTION_TRACE | Acc=admin | Path=/SYS201002/SYS201002 | IP=::1 | Start=2026-07-01 09:28:03.544 | Elapsed=65ms | Status=Completed
2026-07-01 09:28:05 | INF | CONTROLLER_EXEC | Acc= admin | IP=::1 | Path=SYS202100/SYS202100 | Message=GET /SYS202100/SYS202100
2026-07-01 09:28:05 | INF | ACTION_TRACE | Acc=admin | Path=/SYS202100/SYS202100 | IP=::1 | Start=2026-07-01 09:28:05.402 | Elapsed=124ms | Status=Completed
2026-07-01 09:28:05 | INF | CONTROLLER_EXEC | Acc= admin | IP=::1 | Path=SYS202100/GetDepartmentOptions | Message=GET /SYS202100/GetDepartmentOptions
2026-07-01 09:28:05 | INF | ACTION_TRACE | Acc=admin | Path=/SYS202100/GetDepartmentOptions | IP=::1 | Start=2026-07-01 09:28:05.586 | Elapsed=37ms | Status=Completed
2026-07-01 09:28:05 | INF | CONTROLLER_EXEC | Acc= admin | IP=::1 | Path=SYS202100/GetList | Message=POST /SYS202100/GetList
2026-07-01 09:28:05 | INF | ACTION_TRACE | Acc=admin | Path=/SYS202100/GetList | IP=::1 | Start=2026-07-01 09:28:05.595 | Elapsed=71ms | Status=Completed
2026-07-01 09:28:05 | INF | CONTROLLER_EXEC | Acc= admin | IP=::1 | Path=SYS202100/GetList | Message=POST /SYS202100/GetList
2026-07-01 09:28:05 | INF | ACTION_TRACE | Acc=admin | Path=/SYS202100/GetList | IP=::1 | Start=2026-07-01 09:28:05.700 | Elapsed=189ms | Status=Completed
2026-07-01 09:28:08 | INF | CONTROLLER_EXEC | Acc= admin | IP=::1 | Path=SYS202001/SYS202001 | Message=GET /SYS202001/SYS202001
2026-07-01 09:28:08 | INF | ACTION_TRACE | Acc=admin | Path=/SYS202001/SYS202001 | IP=::1 | Start=2026-07-01 09:28:08.841 | Elapsed=35ms | Status=Completed
2026-07-01 09:28:09 | INF | CONTROLLER_EXEC | Acc= admin | IP=::1 | Path=SYS202001/GetDepartments | Message=POST /SYS202001/GetDepartments
2026-07-01 09:28:09 | INF | ACTION_TRACE | Acc=admin | Path=/SYS202001/GetDepartments | IP=::1 | Start=2026-07-01 09:28:08.935 | Elapsed=153ms | Status=Completed
2026-07-01 09:28:09 | INF | CONTROLLER_EXEC | Acc= admin | IP=::1 | Path=SYS202001/GetDepartments | Message=POST /SYS202001/GetDepartments
2026-07-01 09:28:09 | INF | ACTION_TRACE | Acc=admin | Path=/SYS202001/GetDepartments | IP=::1 | Start=2026-07-01 09:28:09.111 | Elapsed=13ms | Status=Completed
2026-07-01 09:28:10 | INF | CONTROLLER_EXEC | Acc= admin | IP=::1 | Path=SYS202003/SYS202003 | Message=GET /SYS202003/SYS202003
2026-07-01 09:28:10 | INF | ACTION_TRACE | Acc=admin | Path=/SYS202003/SYS202003 | IP=::1 | Start=2026-07-01 09:28:10.949 | Elapsed=39ms | Status=Completed
2026-07-01 09:28:11 | INF | CONTROLLER_EXEC | Acc= admin | IP=::1 | Path=SYS202003/GetPTypeData | Message=POST /SYS202003/GetPTypeData
2026-07-01 09:28:11 | INF | ACTION_TRACE | Acc=admin | Path=/SYS202003/GetPTypeData | IP=::1 | Start=2026-07-01 09:28:11.054 | Elapsed=82ms | Status=Completed
2026-07-01 09:28:11 | INF | CONTROLLER_EXEC | Acc= admin | IP=::1 | Path=SYS202003/GetPTypeData | Message=POST /SYS202003/GetPTypeData
2026-07-01 09:28:11 | INF | ACTION_TRACE | Acc=admin | Path=/SYS202003/GetPTypeData | IP=::1 | Start=2026-07-01 09:28:11.177 | Elapsed=21ms | Status=Completed
2026-07-01 09:28:12 | INF | CONTROLLER_EXEC | Acc= admin | IP=::1 | Path=SYS201001/SYS201001 | Message=GET /SYS201001/SYS201001
2026-07-01 09:28:12 | INF | ACTION_TRACE | Acc=admin | Path=/SYS201001/SYS201001 | IP=::1 | Start=2026-07-01 09:28:12.967 | Elapsed=22ms | Status=Completed
2026-07-01 09:28:13 | INF | CONTROLLER_EXEC | Acc= admin | IP=::1 | Path=SYS201001/GetAllAdmins | Message=POST /SYS201001/GetAllAdmins
2026-07-01 09:28:13 | INF | ACTION_TRACE | Acc=admin | Path=/SYS201001/GetAllAdmins | IP=::1 | Start=2026-07-01 09:28:13.041 | Elapsed=14ms | Status=Completed
2026-07-01 09:28:13 | INF | CONTROLLER_EXEC | Acc= admin | IP=::1 | Path=SYS201001/GetAllAdmins | Message=POST /SYS201001/GetAllAdmins
2026-07-01 09:28:13 | INF | ACTION_TRACE | Acc=admin | Path=/SYS201001/GetAllAdmins | IP=::1 | Start=2026-07-01 09:28:13.077 | Elapsed=8ms | Status=Completed
2026-07-01 09:28:17 | INF | CONTROLLER_EXEC | Acc= admin | IP=::1 | Path=SYS202100/GetList | Message=POST /SYS202100/GetList
2026-07-01 09:28:17 | INF | ACTION_TRACE | Acc=admin | Path=/SYS202100/GetList | IP=::1 | Start=2026-07-01 09:28:17.152 | Elapsed=8ms | Status=Completed
2026-07-01 09:28:17 | INF | CONTROLLER_EXEC | Acc= admin | IP=::1 | Path=SYS202003/GetPTypeData | Message=POST /SYS202003/GetPTypeData
2026-07-01 09:28:17 | INF | ACTION_TRACE | Acc=admin | Path=/SYS202003/GetPTypeData | IP=::1 | Start=2026-07-01 09:28:17.181 | Elapsed=5ms | Status=Completed
2026-07-01 09:28:57 | INF | CONTROLLER_EXEC | Acc= admin | IP=::1 | Path=SYS202100/GetList | Message=POST /SYS202100/GetList
2026-07-01 09:28:57 | INF | ACTION_TRACE | Acc=admin | Path=/SYS202100/GetList | IP=::1 | Start=2026-07-01 09:28:57.154 | Elapsed=5ms | Status=Completed
2026-07-01 09:28:57 | INF | CONTROLLER_EXEC | Acc= admin | IP=::1 | Path=SYS202003/GetPTypeData | Message=POST /SYS202003/GetPTypeData
2026-07-01 09:28:57 | INF | ACTION_TRACE | Acc=admin | Path=/SYS202003/GetPTypeData | IP=::1 | Start=2026-07-01 09:28:57.222 | Elapsed=3ms | Status=Completed
2026-07-01 09:28:58 | INF | ACTION_TRACE | Acc=admin | Path=/DevTest/DevTest | IP=::1 | Start=2026-07-01 09:28:58.506 | Elapsed=115ms | Status=Completed
2026-07-01 09:29:01 | INF | ACTION_TRACE | Acc=admin | Path=/OrgSelector/Tree | IP=::1 | Start=2026-07-01 09:29:01.831 | Elapsed=37ms | Status=Completed
2026-07-01 09:29:04 | INF | ACTION_TRACE | Acc=admin | Path=/OrgSelector/Tree | IP=::1 | Start=2026-07-01 09:29:04.125 | Elapsed=11ms | Status=Completed
2026-07-01 09:29:05 | INF | ACTION_TRACE | Acc=admin | Path=/OrgSelector/Tree | IP=::1 | Start=2026-07-01 09:29:05.705 | Elapsed=6ms | Status=Completed
2026-07-01 09:29:08 | INF | ACTION_TRACE | Acc=admin | Path=/OrgSelector/Tree | IP=::1 | Start=2026-07-01 09:29:08.662 | Elapsed=8ms | Status=Completed
2026-07-01 09:29:11 | INF | CONTROLLER_EXEC | Acc= admin | IP=::1 | Path=SYS201001/SYS201001 | Message=GET /SYS201001/SYS201001
2026-07-01 09:29:11 | INF | ACTION_TRACE | Acc=admin | Path=/SYS201001/SYS201001 | IP=::1 | Start=2026-07-01 09:29:11.092 | Elapsed=30ms | Status=Completed
2026-07-01 09:29:11 | INF | CONTROLLER_EXEC | Acc= admin | IP=::1 | Path=SYS201001/GetAllAdmins | Message=POST /SYS201001/GetAllAdmins
2026-07-01 09:29:11 | INF | ACTION_TRACE | Acc=admin | Path=/SYS201001/GetAllAdmins | IP=::1 | Start=2026-07-01 09:29:11.170 | Elapsed=9ms | Status=Completed
2026-07-01 09:29:11 | INF | CONTROLLER_EXEC | Acc= admin | IP=::1 | Path=SYS201001/GetAllAdmins | Message=POST /SYS201001/GetAllAdmins
2026-07-01 09:29:11 | INF | ACTION_TRACE | Acc=admin | Path=/SYS201001/GetAllAdmins | IP=::1 | Start=2026-07-01 09:29:11.211 | Elapsed=7ms | Status=Completed
2026-07-01 09:29:11 | INF | CONTROLLER_EXEC | Acc= admin | IP=::1 | Path=SYS202100/GetList | Message=POST /SYS202100/GetList
2026-07-01 09:29:11 | INF | ACTION_TRACE | Acc=admin | Path=/SYS202100/GetList | IP=::1 | Start=2026-07-01 09:29:11.635 | Elapsed=5ms | Status=Completed
2026-07-01 09:29:11 | INF | CONTROLLER_EXEC | Acc= admin | IP=::1 | Path=SYS202003/GetPTypeData | Message=POST /SYS202003/GetPTypeData
2026-07-01 09:29:11 | INF | ACTION_TRACE | Acc=admin | Path=/SYS202003/GetPTypeData | IP=::1 | Start=2026-07-01 09:29:11.680 | Elapsed=4ms | Status=Completed
2026-07-01 14:42:19 | INF | ACTION_TRACE | Acc=admin | Path=/Home/Index | IP=::1 | Start=2026-07-01 14:42:19.250 | Elapsed=251ms | Status=Completed
2026-07-01 14:42:28 | INF | ACTION_TRACE | Acc=admin | Path=/Home/GetMenu | IP=::1 | Start=2026-07-01 14:42:28.488 | Elapsed=36ms | Status=Completed
2026-07-01 14:42:34 | INF | CONTROLLER_EXEC | Acc= admin | IP=::1 | Path=SYS202001/SYS202001 | Message=GET /SYS202001/SYS202001
2026-07-01 14:42:34 | INF | ACTION_TRACE | Acc=admin | Path=/SYS202001/SYS202001 | IP=::1 | Start=2026-07-01 14:42:34.552 | Elapsed=82ms | Status=Completed
2026-07-01 14:42:34 | INF | CONTROLLER_EXEC | Acc= admin | IP=::1 | Path=SYS202001/GetDepartments | Message=POST /SYS202001/GetDepartments
2026-07-01 14:42:34 | INF | ACTION_TRACE | Acc=admin | Path=/SYS202001/GetDepartments | IP=::1 | Start=2026-07-01 14:42:34.696 | Elapsed=210ms | Status=Completed
2026-07-01 14:42:34 | INF | CONTROLLER_EXEC | Acc= admin | IP=::1 | Path=SYS202001/GetDepartments | Message=POST /SYS202001/GetDepartments
2026-07-01 14:42:34 | INF | ACTION_TRACE | Acc=admin | Path=/SYS202001/GetDepartments | IP=::1 | Start=2026-07-01 14:42:34.947 | Elapsed=15ms | Status=Completed
2026-07-01 14:42:38 | INF | CONTROLLER_EXEC | Acc= admin | IP=::1 | Path=SYS202001/GetEditDepartmentPartial | Message=GET /SYS202001/GetEditDepartmentPartial
2026-07-01 14:42:38 | INF | ACTION_TRACE | Acc=admin | Path=/SYS202001/GetEditDepartmentPartial | IP=::1 | Start=2026-07-01 14:42:38.232 | Elapsed=31ms | Status=Completed
2026-07-01 14:42:38 | INF | CONTROLLER_EXEC | Acc= admin | IP=::1 | Path=SYS202001/GetSubDepartments | Message=POST /SYS202001/GetSubDepartments
2026-07-01 14:42:38 | INF | ACTION_TRACE | Acc=admin | Path=/SYS202001/GetSubDepartments | IP=::1 | Start=2026-07-01 14:42:38.276 | Elapsed=44ms | Status=Completed
2026-07-01 14:42:38 | INF | CONTROLLER_EXEC | Acc= admin | IP=::1 | Path=SYS202001/GetSubDepartments | Message=POST /SYS202001/GetSubDepartments
2026-07-01 14:42:38 | INF | ACTION_TRACE | Acc=admin | Path=/SYS202001/GetSubDepartments | IP=::1 | Start=2026-07-01 14:42:38.331 | Elapsed=23ms | Status=Completed
2026-07-01 14:42:42 | INF | CONTROLLER_EXEC | Acc= admin | IP=::1 | Path=SYS202001/GetSubDepartments | Message=POST /SYS202001/GetSubDepartments
2026-07-01 14:42:42 | INF | ACTION_TRACE | Acc=admin | Path=/SYS202001/GetSubDepartments | IP=::1 | Start=2026-07-01 14:42:38.335 | Elapsed=4553ms | Status=Completed
2026-07-01 14:42:42 | INF | NETWORK_UNSTABLE | Acc=admin | Path=/SYS202001/GetSubDepartments | Reason=SlowRequest 4553ms
2026-07-01 14:42:44 | INF | CONTROLLER_EXEC | Acc= admin | IP=::1 | Path=SYS202001/GetDepartments | Message=POST /SYS202001/GetDepartments
2026-07-01 14:42:44 | INF | ACTION_TRACE | Acc=admin | Path=/SYS202001/GetDepartments | IP=::1 | Start=2026-07-01 14:42:44.032 | Elapsed=22ms | Status=Completed
2026-07-01 14:42:46 | INF | CONTROLLER_EXEC | Acc= admin | IP=::1 | Path=SYS202001/GetEditDepartmentPartial | Message=GET /SYS202001/GetEditDepartmentPartial
2026-07-01 14:42:46 | INF | ACTION_TRACE | Acc=admin | Path=/SYS202001/GetEditDepartmentPartial | IP=::1 | Start=2026-07-01 14:42:46.636 | Elapsed=5ms | Status=Completed
2026-07-01 14:42:46 | INF | CONTROLLER_EXEC | Acc= admin | IP=::1 | Path=SYS202001/GetSubDepartments | Message=POST /SYS202001/GetSubDepartments
2026-07-01 14:42:46 | INF | ACTION_TRACE | Acc=admin | Path=/SYS202001/GetSubDepartments | IP=::1 | Start=2026-07-01 14:42:46.657 | Elapsed=8ms | Status=Completed
2026-07-01 14:42:46 | INF | CONTROLLER_EXEC | Acc= admin | IP=::1 | Path=SYS202001/GetSubDepartments | Message=POST /SYS202001/GetSubDepartments
2026-07-01 14:42:46 | INF | ACTION_TRACE | Acc=admin | Path=/SYS202001/GetSubDepartments | IP=::1 | Start=2026-07-01 14:42:46.678 | Elapsed=17ms | Status=Completed
2026-07-01 14:42:46 | INF | CONTROLLER_EXEC | Acc= admin | IP=::1 | Path=SYS202001/GetSubDepartments | Message=POST /SYS202001/GetSubDepartments
2026-07-01 14:42:46 | INF | ACTION_TRACE | Acc=admin | Path=/SYS202001/GetSubDepartments | IP=::1 | Start=2026-07-01 14:42:46.688 | Elapsed=14ms | Status=Completed
2026-07-01 14:43:02 | INF | CONTROLLER_EXEC | Acc= admin | IP=::1 | Path=SYS202001/GetDepartments | Message=POST /SYS202001/GetDepartments
2026-07-01 14:43:02 | INF | ACTION_TRACE | Acc=admin | Path=/SYS202001/GetDepartments | IP=::1 | Start=2026-07-01 14:43:02.594 | Elapsed=48ms | Status=Completed
2026-07-01 14:43:09 | INF | CONTROLLER_EXEC | Acc= admin | IP=::1 | Path=SYS202001/GetEditDepartmentPartial | Message=GET /SYS202001/GetEditDepartmentPartial
2026-07-01 14:43:09 | INF | ACTION_TRACE | Acc=admin | Path=/SYS202001/GetEditDepartmentPartial | IP=::1 | Start=2026-07-01 14:43:09.779 | Elapsed=8ms | Status=Completed
2026-07-01 14:43:09 | INF | CONTROLLER_EXEC | Acc= admin | IP=::1 | Path=SYS202001/GetSubDepartments | Message=POST /SYS202001/GetSubDepartments
2026-07-01 14:43:09 | INF | ACTION_TRACE | Acc=admin | Path=/SYS202001/GetSubDepartments | IP=::1 | Start=2026-07-01 14:43:09.807 | Elapsed=11ms | Status=Completed
2026-07-01 14:43:09 | INF | CONTROLLER_EXEC | Acc= admin | IP=::1 | Path=SYS202001/GetSubDepartments | Message=POST /SYS202001/GetSubDepartments
2026-07-01 14:43:09 | INF | ACTION_TRACE | Acc=admin | Path=/SYS202001/GetSubDepartments | IP=::1 | Start=2026-07-01 14:43:09.839 | Elapsed=9ms | Status=Completed
2026-07-01 14:43:09 | INF | CONTROLLER_EXEC | Acc= admin | IP=::1 | Path=SYS202001/GetSubDepartments | Message=POST /SYS202001/GetSubDepartments
2026-07-01 14:43:09 | INF | ACTION_TRACE | Acc=admin | Path=/SYS202001/GetSubDepartments | IP=::1 | Start=2026-07-01 14:43:09.846 | Elapsed=11ms | Status=Completed
2026-07-01 14:43:19 | INF | ACTION_TRACE | Acc=admin | Path=/DevTest/DevTest | IP=::1 | Start=2026-07-01 14:43:19.668 | Elapsed=116ms | Status=Completed
2026-07-01 14:43:22 | INF | ACTION_TRACE | Acc=admin | Path=/OrgSelector/Tree | IP=::1 | Start=2026-07-01 14:43:22.386 | Elapsed=34ms | Status=Completed
2026-07-01 14:43:24 | INF | ACTION_TRACE | Acc=admin | Path=/OrgSelector/Tree | IP=::1 | Start=2026-07-01 14:43:24.602 | Elapsed=70ms | Status=Completed
2026-07-01 14:43:28 | INF | ACTION_TRACE | Acc=admin | Path=/OrgSelector/Tree | IP=::1 | Start=2026-07-01 14:43:28.120 | Elapsed=66ms | Status=Completed
