2026-04-22 08:28:29 | INF | ACTION_TRACE | Acc=admin | Path=/AdminPortal/Home/Index | IP=::1 | Start=2026-04-22 08:28:29.347 | Elapsed=215ms | Status=Completed
2026-04-22 08:28:33 | INF | ACTION_TRACE | Acc=admin | Path=/ADS999001/ADS999001 | IP=::1 | Start=2026-04-22 08:28:33.784 | Elapsed=0ms | Status=Completed
2026-04-22 08:28:34 | INF | CONTROLLER_EXEC | Acc= admin | IP=::1 | Path=ADS999002/ADS999002 | Message=GET /ADS999002/ADS999002
2026-04-22 08:28:34 | INF | ACTION_TRACE | Acc=admin | Path=/ADS999002/ADS999002 | IP=::1 | Start=2026-04-22 08:28:34.633 | Elapsed=110ms | Status=Completed
2026-04-22 08:28:34 | INF | CONTROLLER_EXEC | Acc= admin | IP=::1 | Path=ADS999002/GetAllRoleList | Message=POST /ADS999002/GetAllRoleList
2026-04-22 08:28:34 | INF | ACTION_TRACE | Acc=admin | Path=/ADS999002/GetAllRoleList | IP=::1 | Start=2026-04-22 08:28:34.793 | Elapsed=63ms | Status=Completed
2026-04-22 08:29:14 | INF | CONTROLLER_EXEC | Acc= admin | IP=::1 | Path=ADS999002/ADS999002 | Message=GET /ADS999002/ADS999002
2026-04-22 08:29:14 | INF | ACTION_TRACE | Acc=admin | Path=/ADS999002/ADS999002 | IP=::1 | Start=2026-04-22 08:29:14.944 | Elapsed=42ms | Status=Completed
2026-04-22 08:29:15 | INF | CONTROLLER_EXEC | Acc= admin | IP=::1 | Path=ADS999002/GetAllRoleList | Message=POST /ADS999002/GetAllRoleList
2026-04-22 08:29:15 | INF | ACTION_TRACE | Acc=admin | Path=/ADS999002/GetAllRoleList | IP=::1 | Start=2026-04-22 08:29:15.004 | Elapsed=7ms | Status=Completed
2026-04-22 08:29:17 | INF | CONTROLLER_EXEC | Acc= admin | IP=::1 | Path=ADS999003/ADS999003 | Message=GET /ADS999003/ADS999003
2026-04-22 08:29:17 | INF | ACTION_TRACE | Acc=admin | Path=/ADS999003/ADS999003 | IP=::1 | Start=2026-04-22 08:29:16.993 | Elapsed=34ms | Status=Completed
2026-04-22 08:29:17 | INF | CONTROLLER_EXEC | Acc= admin | IP=::1 | Path=ADS999003/GetAllUserList | Message=POST /ADS999003/GetAllUserList
2026-04-22 08:29:17 | INF | ACTION_TRACE | Acc=admin | Path=/ADS999003/GetAllUserList | IP=::1 | Start=2026-04-22 08:29:17.055 | Elapsed=49ms | Status=Completed
2026-04-22 08:30:16 | INF | CONTROLLER_EXEC | Acc= admin | IP=::1 | Path=ADS999003/GetUserData | Message=GET /ADS999003/GetUserData
2026-04-22 08:30:16 | INF | ACTION_TRACE | Acc=admin | Path=/ADS999003/GetUserData | IP=::1 | Start=2026-04-22 08:30:16.835 | Elapsed=135ms | Status=Completed
2026-04-22 08:40:34 | WRN | No store type was specified for the decimal property 'OveMoney' on entity type 'HROvertime'. This will cause values to be silently truncated if they do not fit in the default precision and scale. Explicitly specify the SQL server column type that can accommodate all the values in 'OnModelCreating' using 'HasColumnType', specify precision and scale using 'HasPrecision', or configure a value converter using 'HasConversion'.
2026-04-22 08:40:34 | WRN | No store type was specified for the decimal property 'Wag1D1Hour' on entity type 'HRWage'. This will cause values to be silently truncated if they do not fit in the default precision and scale. Explicitly specify the SQL server column type that can accommodate all the values in 'OnModelCreating' using 'HasColumnType', specify precision and scale using 'HasPrecision', or configure a value converter using 'HasConversion'.
2026-04-22 08:40:34 | WRN | No store type was specified for the decimal property 'Wag2D1Hour' on entity type 'HRWage'. This will cause values to be silently truncated if they do not fit in the default precision and scale. Explicitly specify the SQL server column type that can accommodate all the values in 'OnModelCreating' using 'HasColumnType', specify precision and scale using 'HasPrecision', or configure a value converter using 'HasConversion'.
2026-04-22 08:40:34 | WRN | No store type was specified for the decimal property 'Wag4D3Hour' on entity type 'HRWage'. This will cause values to be silently truncated if they do not fit in the default precision and scale. Explicitly specify the SQL server column type that can accommodate all the values in 'OnModelCreating' using 'HasColumnType', specify precision and scale using 'HasPrecision', or configure a value converter using 'HasConversion'.
2026-04-22 08:40:34 | WRN | No store type was specified for the decimal property 'Wag5D3Hour' on entity type 'HRWage'. This will cause values to be silently truncated if they do not fit in the default precision and scale. Explicitly specify the SQL server column type that can accommodate all the values in 'OnModelCreating' using 'HasColumnType', specify precision and scale using 'HasPrecision', or configure a value converter using 'HasConversion'.
2026-04-22 08:40:34 | WRN | No store type was specified for the decimal property 'Wag8D3Hour' on entity type 'HRWage'. This will cause values to be silently truncated if they do not fit in the default precision and scale. Explicitly specify the SQL server column type that can accommodate all the values in 'OnModelCreating' using 'HasColumnType', specify precision and scale using 'HasPrecision', or configure a value converter using 'HasConversion'.
2026-04-22 08:40:34 | WRN | No store type was specified for the decimal property 'WagApplyHour' on entity type 'HRWage'. This will cause values to be silently truncated if they do not fit in the default precision and scale. Explicitly specify the SQL server column type that can accommodate all the values in 'OnModelCreating' using 'HasColumnType', specify precision and scale using 'HasPrecision', or configure a value converter using 'HasConversion'.
2026-04-22 08:40:34 | WRN | No store type was specified for the decimal property 'WagIssueHour' on entity type 'HRWage'. This will cause values to be silently truncated if they do not fit in the default precision and scale. Explicitly specify the SQL server column type that can accommodate all the values in 'OnModelCreating' using 'HasColumnType', specify precision and scale using 'HasPrecision', or configure a value converter using 'HasConversion'.
2026-04-22 08:40:34 | WRN | No store type was specified for the decimal property 'WagSubtotal' on entity type 'HRWage'. This will cause values to be silently truncated if they do not fit in the default precision and scale. Explicitly specify the SQL server column type that can accommodate all the values in 'OnModelCreating' using 'HasColumnType', specify precision and scale using 'HasPrecision', or configure a value converter using 'HasConversion'.
2026-04-22 08:40:39 | WRN | The query uses the 'First'/'FirstOrDefault' operator without 'OrderBy' and filter operators. This may lead to unpredictable results.
2026-04-22 08:40:40 | INF | ACTION_TRACE | Acc=admin | Path=/ | IP=::1 | Start=2026-04-22 08:40:33.414 | Elapsed=7069ms | Status=Completed
2026-04-22 08:40:40 | INF | NETWORK_UNSTABLE | Acc=admin | Path=/ | Reason=SlowRequest 7069ms
2026-04-22 08:40:40 | INF | ACTION_TRACE | Acc=admin | Path=/Captcha/Generate | IP=::1 | Start=2026-04-22 08:40:40.652 | Elapsed=38ms | Status=Completed
2026-04-22 08:40:40 | INF | ACTION_TRACE | Acc=admin | Path=/DNTCaptchaImage/Show | IP=::1 | Start=2026-04-22 08:40:40.723 | Elapsed=131ms | Status=Completed
2026-04-22 08:40:46 | INF | ACTION_TRACE | Acc=admin | Path=/AdminPortal/Account/Login | IP=::1 | Start=2026-04-22 08:40:46.130 | Elapsed=124ms | Status=Completed
2026-04-22 08:40:46 | INF | ACTION_TRACE | Acc=admin | Path=/Captcha/Generate | IP=::1 | Start=2026-04-22 08:40:46.324 | Elapsed=4ms | Status=Completed
2026-04-22 08:40:46 | INF | ACTION_TRACE | Acc=admin | Path=/DNTCaptchaImage/Show | IP=::1 | Start=2026-04-22 08:40:46.337 | Elapsed=26ms | Status=Completed
2026-04-22 08:40:55 | INF | ACTION_TRACE | Acc=admin | Path=/AdminPortal/Account/Login | IP=::1 | Start=2026-04-22 08:40:49.250 | Elapsed=6422ms | Status=Completed
2026-04-22 08:40:55 | INF | NETWORK_UNSTABLE | Acc=admin | Path=/AdminPortal/Account/Login | Reason=SlowRequest 6422ms
2026-04-22 08:40:55 | INF | ACTION_TRACE | Acc=admin | Path=/AdminPortal/Home/Index | IP=::1 | Start=2026-04-22 08:40:55.685 | Elapsed=122ms | Status=Completed
2026-04-22 08:41:26 | INF | CONTROLLER_EXEC | Acc= admin | IP=::1 | Path=ADS999003/ADS999003 | Message=GET /ADS999003/ADS999003
2026-04-22 08:41:26 | INF | ACTION_TRACE | Acc=admin | Path=/ADS999003/ADS999003 | IP=::1 | Start=2026-04-22 08:41:25.994 | Elapsed=74ms | Status=Completed
2026-04-22 08:41:26 | ERR | An exception occurred while iterating over the results of a query for context type 'EHRIS.Core.DbContext.ApplicationDbContext'.
System.InvalidOperationException: The required column 'AduCreateTime' was not present in the results of a 'FromSql' operation.
   at Microsoft.EntityFrameworkCore.Query.Internal.BufferedDataReader.BufferedDataRecord.InitializeFields()
   at Microsoft.EntityFrameworkCore.Query.Internal.BufferedDataReader.BufferedDataRecord.InitializeAsync(DbDataReader reader, IReadOnlyList`1 columns, CancellationToken cancellationToken)
   at Microsoft.EntityFrameworkCore.Query.Internal.BufferedDataReader.InitializeAsync(IReadOnlyList`1 columns, CancellationToken cancellationToken)
   at Microsoft.EntityFrameworkCore.Query.Internal.BufferedDataReader.InitializeAsync(IReadOnlyList`1 columns, CancellationToken cancellationToken)
   at Microsoft.EntityFrameworkCore.Storage.RelationalCommand.ExecuteReaderAsync(RelationalCommandParameterObject parameterObject, CancellationToken cancellationToken)
   at Microsoft.EntityFrameworkCore.Storage.RelationalCommand.ExecuteReaderAsync(RelationalCommandParameterObject parameterObject, CancellationToken cancellationToken)
   at Microsoft.EntityFrameworkCore.Query.Internal.FromSqlQueryingEnumerable`1.AsyncEnumerator.InitializeReaderAsync(AsyncEnumerator enumerator, CancellationToken cancellationToken)
   at Microsoft.EntityFrameworkCore.Storage.ExecutionStrategy.<>c__DisplayClass30_0`2.<<ExecuteAsync>b__0>d.MoveNext()
--- End of stack trace from previous location ---
   at Microsoft.EntityFrameworkCore.Storage.ExecutionStrategy.ExecuteImplementationAsync[TState,TResult](Func`4 operation, Func`4 verifySucceeded, TState state, CancellationToken cancellationToken)
   at Microsoft.EntityFrameworkCore.Storage.ExecutionStrategy.ExecuteImplementationAsync[TState,TResult](Func`4 operation, Func`4 verifySucceeded, TState state, CancellationToken cancellationToken)
   at Microsoft.EntityFrameworkCore.Storage.ExecutionStrategy.ExecuteAsync[TState,TResult](TState state, Func`4 operation, Func`4 verifySucceeded, CancellationToken cancellationToken)
   at Microsoft.EntityFrameworkCore.Query.Internal.FromSqlQueryingEnumerable`1.AsyncEnumerator.MoveNextAsync()
2026-04-22 08:45:15 | WRN | No store type was specified for the decimal property 'OveMoney' on entity type 'HROvertime'. This will cause values to be silently truncated if they do not fit in the default precision and scale. Explicitly specify the SQL server column type that can accommodate all the values in 'OnModelCreating' using 'HasColumnType', specify precision and scale using 'HasPrecision', or configure a value converter using 'HasConversion'.
2026-04-22 08:45:15 | WRN | No store type was specified for the decimal property 'Wag1D1Hour' on entity type 'HRWage'. This will cause values to be silently truncated if they do not fit in the default precision and scale. Explicitly specify the SQL server column type that can accommodate all the values in 'OnModelCreating' using 'HasColumnType', specify precision and scale using 'HasPrecision', or configure a value converter using 'HasConversion'.
2026-04-22 08:45:15 | WRN | No store type was specified for the decimal property 'Wag2D1Hour' on entity type 'HRWage'. This will cause values to be silently truncated if they do not fit in the default precision and scale. Explicitly specify the SQL server column type that can accommodate all the values in 'OnModelCreating' using 'HasColumnType', specify precision and scale using 'HasPrecision', or configure a value converter using 'HasConversion'.
2026-04-22 08:45:15 | WRN | No store type was specified for the decimal property 'Wag4D3Hour' on entity type 'HRWage'. This will cause values to be silently truncated if they do not fit in the default precision and scale. Explicitly specify the SQL server column type that can accommodate all the values in 'OnModelCreating' using 'HasColumnType', specify precision and scale using 'HasPrecision', or configure a value converter using 'HasConversion'.
2026-04-22 08:45:15 | WRN | No store type was specified for the decimal property 'Wag5D3Hour' on entity type 'HRWage'. This will cause values to be silently truncated if they do not fit in the default precision and scale. Explicitly specify the SQL server column type that can accommodate all the values in 'OnModelCreating' using 'HasColumnType', specify precision and scale using 'HasPrecision', or configure a value converter using 'HasConversion'.
2026-04-22 08:45:15 | WRN | No store type was specified for the decimal property 'Wag8D3Hour' on entity type 'HRWage'. This will cause values to be silently truncated if they do not fit in the default precision and scale. Explicitly specify the SQL server column type that can accommodate all the values in 'OnModelCreating' using 'HasColumnType', specify precision and scale using 'HasPrecision', or configure a value converter using 'HasConversion'.
2026-04-22 08:45:15 | WRN | No store type was specified for the decimal property 'WagApplyHour' on entity type 'HRWage'. This will cause values to be silently truncated if they do not fit in the default precision and scale. Explicitly specify the SQL server column type that can accommodate all the values in 'OnModelCreating' using 'HasColumnType', specify precision and scale using 'HasPrecision', or configure a value converter using 'HasConversion'.
2026-04-22 08:45:15 | WRN | No store type was specified for the decimal property 'WagIssueHour' on entity type 'HRWage'. This will cause values to be silently truncated if they do not fit in the default precision and scale. Explicitly specify the SQL server column type that can accommodate all the values in 'OnModelCreating' using 'HasColumnType', specify precision and scale using 'HasPrecision', or configure a value converter using 'HasConversion'.
2026-04-22 08:45:15 | WRN | No store type was specified for the decimal property 'WagSubtotal' on entity type 'HRWage'. This will cause values to be silently truncated if they do not fit in the default precision and scale. Explicitly specify the SQL server column type that can accommodate all the values in 'OnModelCreating' using 'HasColumnType', specify precision and scale using 'HasPrecision', or configure a value converter using 'HasConversion'.
2026-04-22 08:45:20 | WRN | The query uses the 'First'/'FirstOrDefault' operator without 'OrderBy' and filter operators. This may lead to unpredictable results.
2026-04-22 08:45:21 | INF | ACTION_TRACE | Acc=admin | Path=/ | IP=::1 | Start=2026-04-22 08:45:14.442 | Elapsed=6896ms | Status=Completed
2026-04-22 08:45:21 | INF | NETWORK_UNSTABLE | Acc=admin | Path=/ | Reason=SlowRequest 6896ms
2026-04-22 08:45:21 | INF | ACTION_TRACE | Acc=admin | Path=/Captcha/Generate | IP=::1 | Start=2026-04-22 08:45:21.493 | Elapsed=39ms | Status=Completed
2026-04-22 08:45:21 | INF | ACTION_TRACE | Acc=admin | Path=/DNTCaptchaImage/Show | IP=::1 | Start=2026-04-22 08:45:21.558 | Elapsed=100ms | Status=Completed
2026-04-22 08:45:23 | INF | ACTION_TRACE | Acc=admin | Path=/AdminPortal/Account/Login | IP=::1 | Start=2026-04-22 08:45:23.177 | Elapsed=101ms | Status=Completed
2026-04-22 08:45:23 | INF | ACTION_TRACE | Acc=admin | Path=/Captcha/Generate | IP=::1 | Start=2026-04-22 08:45:23.436 | Elapsed=4ms | Status=Completed
2026-04-22 08:45:23 | INF | ACTION_TRACE | Acc=admin | Path=/DNTCaptchaImage/Show | IP=::1 | Start=2026-04-22 08:45:23.448 | Elapsed=15ms | Status=Completed
2026-04-22 08:45:35 | INF | ACTION_TRACE | Acc=admin | Path=/AdminPortal/Account/Login | IP=::1 | Start=2026-04-22 08:45:26.635 | Elapsed=8735ms | Status=Completed
2026-04-22 08:45:35 | INF | NETWORK_UNSTABLE | Acc=admin | Path=/AdminPortal/Account/Login | Reason=SlowRequest 8735ms
2026-04-22 08:45:35 | INF | ACTION_TRACE | Acc=admin | Path=/AdminPortal/Home/Index | IP=::1 | Start=2026-04-22 08:45:35.383 | Elapsed=134ms | Status=Completed
2026-04-22 08:45:40 | INF | CONTROLLER_EXEC | Acc= admin | IP=::1 | Path=ADS999003/ADS999003 | Message=GET /ADS999003/ADS999003
2026-04-22 08:45:40 | INF | ACTION_TRACE | Acc=admin | Path=/ADS999003/ADS999003 | IP=::1 | Start=2026-04-22 08:45:40.729 | Elapsed=56ms | Status=Completed
2026-04-22 08:45:40 | ERR | An exception occurred while iterating over the results of a query for context type 'EHRIS.Core.DbContext.ApplicationDbContext'.
System.InvalidOperationException: The required column 'ModifyName' was not present in the results of a 'FromSql' operation.
   at Microsoft.EntityFrameworkCore.Query.Internal.BufferedDataReader.BufferedDataRecord.InitializeFields()
   at Microsoft.EntityFrameworkCore.Query.Internal.BufferedDataReader.BufferedDataRecord.InitializeAsync(DbDataReader reader, IReadOnlyList`1 columns, CancellationToken cancellationToken)
   at Microsoft.EntityFrameworkCore.Query.Internal.BufferedDataReader.InitializeAsync(IReadOnlyList`1 columns, CancellationToken cancellationToken)
   at Microsoft.EntityFrameworkCore.Query.Internal.BufferedDataReader.InitializeAsync(IReadOnlyList`1 columns, CancellationToken cancellationToken)
   at Microsoft.EntityFrameworkCore.Storage.RelationalCommand.ExecuteReaderAsync(RelationalCommandParameterObject parameterObject, CancellationToken cancellationToken)
   at Microsoft.EntityFrameworkCore.Storage.RelationalCommand.ExecuteReaderAsync(RelationalCommandParameterObject parameterObject, CancellationToken cancellationToken)
   at Microsoft.EntityFrameworkCore.Query.Internal.FromSqlQueryingEnumerable`1.AsyncEnumerator.InitializeReaderAsync(AsyncEnumerator enumerator, CancellationToken cancellationToken)
   at Microsoft.EntityFrameworkCore.Storage.ExecutionStrategy.<>c__DisplayClass30_0`2.<<ExecuteAsync>b__0>d.MoveNext()
--- End of stack trace from previous location ---
   at Microsoft.EntityFrameworkCore.Storage.ExecutionStrategy.ExecuteImplementationAsync[TState,TResult](Func`4 operation, Func`4 verifySucceeded, TState state, CancellationToken cancellationToken)
   at Microsoft.EntityFrameworkCore.Storage.ExecutionStrategy.ExecuteImplementationAsync[TState,TResult](Func`4 operation, Func`4 verifySucceeded, TState state, CancellationToken cancellationToken)
   at Microsoft.EntityFrameworkCore.Storage.ExecutionStrategy.ExecuteAsync[TState,TResult](TState state, Func`4 operation, Func`4 verifySucceeded, CancellationToken cancellationToken)
   at Microsoft.EntityFrameworkCore.Query.Internal.FromSqlQueryingEnumerable`1.AsyncEnumerator.MoveNextAsync()
2026-04-22 08:47:41 | WRN | No store type was specified for the decimal property 'OveMoney' on entity type 'HROvertime'. This will cause values to be silently truncated if they do not fit in the default precision and scale. Explicitly specify the SQL server column type that can accommodate all the values in 'OnModelCreating' using 'HasColumnType', specify precision and scale using 'HasPrecision', or configure a value converter using 'HasConversion'.
2026-04-22 08:47:41 | WRN | No store type was specified for the decimal property 'Wag1D1Hour' on entity type 'HRWage'. This will cause values to be silently truncated if they do not fit in the default precision and scale. Explicitly specify the SQL server column type that can accommodate all the values in 'OnModelCreating' using 'HasColumnType', specify precision and scale using 'HasPrecision', or configure a value converter using 'HasConversion'.
2026-04-22 08:47:41 | WRN | No store type was specified for the decimal property 'Wag2D1Hour' on entity type 'HRWage'. This will cause values to be silently truncated if they do not fit in the default precision and scale. Explicitly specify the SQL server column type that can accommodate all the values in 'OnModelCreating' using 'HasColumnType', specify precision and scale using 'HasPrecision', or configure a value converter using 'HasConversion'.
2026-04-22 08:47:41 | WRN | No store type was specified for the decimal property 'Wag4D3Hour' on entity type 'HRWage'. This will cause values to be silently truncated if they do not fit in the default precision and scale. Explicitly specify the SQL server column type that can accommodate all the values in 'OnModelCreating' using 'HasColumnType', specify precision and scale using 'HasPrecision', or configure a value converter using 'HasConversion'.
2026-04-22 08:47:41 | WRN | No store type was specified for the decimal property 'Wag5D3Hour' on entity type 'HRWage'. This will cause values to be silently truncated if they do not fit in the default precision and scale. Explicitly specify the SQL server column type that can accommodate all the values in 'OnModelCreating' using 'HasColumnType', specify precision and scale using 'HasPrecision', or configure a value converter using 'HasConversion'.
2026-04-22 08:47:41 | WRN | No store type was specified for the decimal property 'Wag8D3Hour' on entity type 'HRWage'. This will cause values to be silently truncated if they do not fit in the default precision and scale. Explicitly specify the SQL server column type that can accommodate all the values in 'OnModelCreating' using 'HasColumnType', specify precision and scale using 'HasPrecision', or configure a value converter using 'HasConversion'.
2026-04-22 08:47:41 | WRN | No store type was specified for the decimal property 'WagApplyHour' on entity type 'HRWage'. This will cause values to be silently truncated if they do not fit in the default precision and scale. Explicitly specify the SQL server column type that can accommodate all the values in 'OnModelCreating' using 'HasColumnType', specify precision and scale using 'HasPrecision', or configure a value converter using 'HasConversion'.
2026-04-22 08:47:41 | WRN | No store type was specified for the decimal property 'WagIssueHour' on entity type 'HRWage'. This will cause values to be silently truncated if they do not fit in the default precision and scale. Explicitly specify the SQL server column type that can accommodate all the values in 'OnModelCreating' using 'HasColumnType', specify precision and scale using 'HasPrecision', or configure a value converter using 'HasConversion'.
2026-04-22 08:47:41 | WRN | No store type was specified for the decimal property 'WagSubtotal' on entity type 'HRWage'. This will cause values to be silently truncated if they do not fit in the default precision and scale. Explicitly specify the SQL server column type that can accommodate all the values in 'OnModelCreating' using 'HasColumnType', specify precision and scale using 'HasPrecision', or configure a value converter using 'HasConversion'.
2026-04-22 08:47:46 | WRN | The query uses the 'First'/'FirstOrDefault' operator without 'OrderBy' and filter operators. This may lead to unpredictable results.
2026-04-22 08:47:47 | INF | ACTION_TRACE | Acc=admin | Path=/ | IP=::1 | Start=2026-04-22 08:47:40.292 | Elapsed=7005ms | Status=Completed
2026-04-22 08:47:47 | INF | NETWORK_UNSTABLE | Acc=admin | Path=/ | Reason=SlowRequest 7005ms
2026-04-22 08:47:47 | INF | ACTION_TRACE | Acc=admin | Path=/Captcha/Generate | IP=::1 | Start=2026-04-22 08:47:47.496 | Elapsed=55ms | Status=Completed
2026-04-22 08:47:47 | INF | ACTION_TRACE | Acc=admin | Path=/DNTCaptchaImage/Show | IP=::1 | Start=2026-04-22 08:47:47.580 | Elapsed=204ms | Status=Completed
2026-04-22 08:48:46 | INF | ACTION_TRACE | Acc=admin | Path=/AdminPortal/Account/Login | IP=::1 | Start=2026-04-22 08:48:46.628 | Elapsed=111ms | Status=Completed
2026-04-22 08:48:46 | INF | ACTION_TRACE | Acc=admin | Path=/Captcha/Generate | IP=::1 | Start=2026-04-22 08:48:46.900 | Elapsed=5ms | Status=Completed
2026-04-22 08:48:46 | INF | ACTION_TRACE | Acc=admin | Path=/DNTCaptchaImage/Show | IP=::1 | Start=2026-04-22 08:48:46.915 | Elapsed=15ms | Status=Completed
2026-04-22 08:48:58 | INF | ACTION_TRACE | Acc=admin | Path=/AdminPortal/Account/Login | IP=::1 | Start=2026-04-22 08:48:49.305 | Elapsed=9571ms | Status=Completed
2026-04-22 08:48:58 | INF | NETWORK_UNSTABLE | Acc=admin | Path=/AdminPortal/Account/Login | Reason=SlowRequest 9571ms
2026-04-22 08:48:59 | INF | ACTION_TRACE | Acc=admin | Path=/AdminPortal/Home/Index | IP=::1 | Start=2026-04-22 08:48:58.890 | Elapsed=127ms | Status=Completed
2026-04-22 08:49:12 | INF | CONTROLLER_EXEC | Acc= admin | IP=::1 | Path=ADS999003/ADS999003 | Message=GET /ADS999003/ADS999003
2026-04-22 08:49:12 | INF | ACTION_TRACE | Acc=admin | Path=/ADS999003/ADS999003 | IP=::1 | Start=2026-04-22 08:49:12.821 | Elapsed=69ms | Status=Completed
2026-04-22 08:49:13 | ERR | An exception occurred while iterating over the results of a query for context type 'EHRIS.Core.DbContext.ApplicationDbContext'.
System.InvalidOperationException: The required column 'ModifyTimeText' was not present in the results of a 'FromSql' operation.
   at Microsoft.EntityFrameworkCore.Query.Internal.BufferedDataReader.BufferedDataRecord.InitializeFields()
   at Microsoft.EntityFrameworkCore.Query.Internal.BufferedDataReader.BufferedDataRecord.InitializeAsync(DbDataReader reader, IReadOnlyList`1 columns, CancellationToken cancellationToken)
   at Microsoft.EntityFrameworkCore.Query.Internal.BufferedDataReader.InitializeAsync(IReadOnlyList`1 columns, CancellationToken cancellationToken)
   at Microsoft.EntityFrameworkCore.Query.Internal.BufferedDataReader.InitializeAsync(IReadOnlyList`1 columns, CancellationToken cancellationToken)
   at Microsoft.EntityFrameworkCore.Storage.RelationalCommand.ExecuteReaderAsync(RelationalCommandParameterObject parameterObject, CancellationToken cancellationToken)
   at Microsoft.EntityFrameworkCore.Storage.RelationalCommand.ExecuteReaderAsync(RelationalCommandParameterObject parameterObject, CancellationToken cancellationToken)
   at Microsoft.EntityFrameworkCore.Query.Internal.FromSqlQueryingEnumerable`1.AsyncEnumerator.InitializeReaderAsync(AsyncEnumerator enumerator, CancellationToken cancellationToken)
   at Microsoft.EntityFrameworkCore.Storage.ExecutionStrategy.<>c__DisplayClass30_0`2.<<ExecuteAsync>b__0>d.MoveNext()
--- End of stack trace from previous location ---
   at Microsoft.EntityFrameworkCore.Storage.ExecutionStrategy.ExecuteImplementationAsync[TState,TResult](Func`4 operation, Func`4 verifySucceeded, TState state, CancellationToken cancellationToken)
   at Microsoft.EntityFrameworkCore.Storage.ExecutionStrategy.ExecuteImplementationAsync[TState,TResult](Func`4 operation, Func`4 verifySucceeded, TState state, CancellationToken cancellationToken)
   at Microsoft.EntityFrameworkCore.Storage.ExecutionStrategy.ExecuteAsync[TState,TResult](TState state, Func`4 operation, Func`4 verifySucceeded, CancellationToken cancellationToken)
   at Microsoft.EntityFrameworkCore.Query.Internal.FromSqlQueryingEnumerable`1.AsyncEnumerator.MoveNextAsync()
2026-04-22 08:50:08 | WRN | No store type was specified for the decimal property 'OveMoney' on entity type 'HROvertime'. This will cause values to be silently truncated if they do not fit in the default precision and scale. Explicitly specify the SQL server column type that can accommodate all the values in 'OnModelCreating' using 'HasColumnType', specify precision and scale using 'HasPrecision', or configure a value converter using 'HasConversion'.
2026-04-22 08:50:08 | WRN | No store type was specified for the decimal property 'Wag1D1Hour' on entity type 'HRWage'. This will cause values to be silently truncated if they do not fit in the default precision and scale. Explicitly specify the SQL server column type that can accommodate all the values in 'OnModelCreating' using 'HasColumnType', specify precision and scale using 'HasPrecision', or configure a value converter using 'HasConversion'.
2026-04-22 08:50:08 | WRN | No store type was specified for the decimal property 'Wag2D1Hour' on entity type 'HRWage'. This will cause values to be silently truncated if they do not fit in the default precision and scale. Explicitly specify the SQL server column type that can accommodate all the values in 'OnModelCreating' using 'HasColumnType', specify precision and scale using 'HasPrecision', or configure a value converter using 'HasConversion'.
2026-04-22 08:50:08 | WRN | No store type was specified for the decimal property 'Wag4D3Hour' on entity type 'HRWage'. This will cause values to be silently truncated if they do not fit in the default precision and scale. Explicitly specify the SQL server column type that can accommodate all the values in 'OnModelCreating' using 'HasColumnType', specify precision and scale using 'HasPrecision', or configure a value converter using 'HasConversion'.
2026-04-22 08:50:08 | WRN | No store type was specified for the decimal property 'Wag5D3Hour' on entity type 'HRWage'. This will cause values to be silently truncated if they do not fit in the default precision and scale. Explicitly specify the SQL server column type that can accommodate all the values in 'OnModelCreating' using 'HasColumnType', specify precision and scale using 'HasPrecision', or configure a value converter using 'HasConversion'.
2026-04-22 08:50:08 | WRN | No store type was specified for the decimal property 'Wag8D3Hour' on entity type 'HRWage'. This will cause values to be silently truncated if they do not fit in the default precision and scale. Explicitly specify the SQL server column type that can accommodate all the values in 'OnModelCreating' using 'HasColumnType', specify precision and scale using 'HasPrecision', or configure a value converter using 'HasConversion'.
2026-04-22 08:50:08 | WRN | No store type was specified for the decimal property 'WagApplyHour' on entity type 'HRWage'. This will cause values to be silently truncated if they do not fit in the default precision and scale. Explicitly specify the SQL server column type that can accommodate all the values in 'OnModelCreating' using 'HasColumnType', specify precision and scale using 'HasPrecision', or configure a value converter using 'HasConversion'.
2026-04-22 08:50:08 | WRN | No store type was specified for the decimal property 'WagIssueHour' on entity type 'HRWage'. This will cause values to be silently truncated if they do not fit in the default precision and scale. Explicitly specify the SQL server column type that can accommodate all the values in 'OnModelCreating' using 'HasColumnType', specify precision and scale using 'HasPrecision', or configure a value converter using 'HasConversion'.
2026-04-22 08:50:08 | WRN | No store type was specified for the decimal property 'WagSubtotal' on entity type 'HRWage'. This will cause values to be silently truncated if they do not fit in the default precision and scale. Explicitly specify the SQL server column type that can accommodate all the values in 'OnModelCreating' using 'HasColumnType', specify precision and scale using 'HasPrecision', or configure a value converter using 'HasConversion'.
2026-04-22 08:50:13 | WRN | The query uses the 'First'/'FirstOrDefault' operator without 'OrderBy' and filter operators. This may lead to unpredictable results.
2026-04-22 08:50:15 | INF | ACTION_TRACE | Acc=admin | Path=/ | IP=::1 | Start=2026-04-22 08:50:07.549 | Elapsed=7487ms | Status=Completed
2026-04-22 08:50:15 | INF | NETWORK_UNSTABLE | Acc=admin | Path=/ | Reason=SlowRequest 7487ms
2026-04-22 08:50:15 | INF | ACTION_TRACE | Acc=admin | Path=/Captcha/Generate | IP=::1 | Start=2026-04-22 08:50:15.220 | Elapsed=50ms | Status=Completed
2026-04-22 08:50:15 | INF | ACTION_TRACE | Acc=admin | Path=/DNTCaptchaImage/Show | IP=::1 | Start=2026-04-22 08:50:15.302 | Elapsed=138ms | Status=Completed
2026-04-22 08:50:17 | INF | ACTION_TRACE | Acc=admin | Path=/AdminPortal/Account/Login | IP=::1 | Start=2026-04-22 08:50:16.910 | Elapsed=111ms | Status=Completed
2026-04-22 08:50:17 | INF | ACTION_TRACE | Acc=admin | Path=/Captcha/Generate | IP=::1 | Start=2026-04-22 08:50:17.170 | Elapsed=5ms | Status=Completed
2026-04-22 08:50:17 | INF | ACTION_TRACE | Acc=admin | Path=/DNTCaptchaImage/Show | IP=::1 | Start=2026-04-22 08:50:17.184 | Elapsed=16ms | Status=Completed
2026-04-22 08:50:29 | INF | ACTION_TRACE | Acc=admin | Path=/AdminPortal/Account/Login | IP=::1 | Start=2026-04-22 08:50:20.516 | Elapsed=9271ms | Status=Completed
2026-04-22 08:50:29 | INF | NETWORK_UNSTABLE | Acc=admin | Path=/AdminPortal/Account/Login | Reason=SlowRequest 9271ms
2026-04-22 08:50:29 | INF | ACTION_TRACE | Acc=admin | Path=/AdminPortal/Home/Index | IP=::1 | Start=2026-04-22 08:50:29.801 | Elapsed=124ms | Status=Completed
2026-04-22 08:50:34 | INF | CONTROLLER_EXEC | Acc= admin | IP=::1 | Path=ADS999003/ADS999003 | Message=GET /ADS999003/ADS999003
2026-04-22 08:50:34 | INF | ACTION_TRACE | Acc=admin | Path=/ADS999003/ADS999003 | IP=::1 | Start=2026-04-22 08:50:34.187 | Elapsed=57ms | Status=Completed
2026-04-22 08:50:34 | INF | CONTROLLER_EXEC | Acc= admin | IP=::1 | Path=ADS999003/GetAllUserList | Message=POST /ADS999003/GetAllUserList
2026-04-22 08:50:34 | INF | ACTION_TRACE | Acc=admin | Path=/ADS999003/GetAllUserList | IP=::1 | Start=2026-04-22 08:50:34.276 | Elapsed=77ms | Status=Completed
2026-04-22 08:52:34 | WRN | No store type was specified for the decimal property 'OveMoney' on entity type 'HROvertime'. This will cause values to be silently truncated if they do not fit in the default precision and scale. Explicitly specify the SQL server column type that can accommodate all the values in 'OnModelCreating' using 'HasColumnType', specify precision and scale using 'HasPrecision', or configure a value converter using 'HasConversion'.
2026-04-22 08:52:34 | WRN | No store type was specified for the decimal property 'Wag1D1Hour' on entity type 'HRWage'. This will cause values to be silently truncated if they do not fit in the default precision and scale. Explicitly specify the SQL server column type that can accommodate all the values in 'OnModelCreating' using 'HasColumnType', specify precision and scale using 'HasPrecision', or configure a value converter using 'HasConversion'.
2026-04-22 08:52:34 | WRN | No store type was specified for the decimal property 'Wag2D1Hour' on entity type 'HRWage'. This will cause values to be silently truncated if they do not fit in the default precision and scale. Explicitly specify the SQL server column type that can accommodate all the values in 'OnModelCreating' using 'HasColumnType', specify precision and scale using 'HasPrecision', or configure a value converter using 'HasConversion'.
2026-04-22 08:52:34 | WRN | No store type was specified for the decimal property 'Wag4D3Hour' on entity type 'HRWage'. This will cause values to be silently truncated if they do not fit in the default precision and scale. Explicitly specify the SQL server column type that can accommodate all the values in 'OnModelCreating' using 'HasColumnType', specify precision and scale using 'HasPrecision', or configure a value converter using 'HasConversion'.
2026-04-22 08:52:34 | WRN | No store type was specified for the decimal property 'Wag5D3Hour' on entity type 'HRWage'. This will cause values to be silently truncated if they do not fit in the default precision and scale. Explicitly specify the SQL server column type that can accommodate all the values in 'OnModelCreating' using 'HasColumnType', specify precision and scale using 'HasPrecision', or configure a value converter using 'HasConversion'.
2026-04-22 08:52:34 | WRN | No store type was specified for the decimal property 'Wag8D3Hour' on entity type 'HRWage'. This will cause values to be silently truncated if they do not fit in the default precision and scale. Explicitly specify the SQL server column type that can accommodate all the values in 'OnModelCreating' using 'HasColumnType', specify precision and scale using 'HasPrecision', or configure a value converter using 'HasConversion'.
2026-04-22 08:52:34 | WRN | No store type was specified for the decimal property 'WagApplyHour' on entity type 'HRWage'. This will cause values to be silently truncated if they do not fit in the default precision and scale. Explicitly specify the SQL server column type that can accommodate all the values in 'OnModelCreating' using 'HasColumnType', specify precision and scale using 'HasPrecision', or configure a value converter using 'HasConversion'.
2026-04-22 08:52:34 | WRN | No store type was specified for the decimal property 'WagIssueHour' on entity type 'HRWage'. This will cause values to be silently truncated if they do not fit in the default precision and scale. Explicitly specify the SQL server column type that can accommodate all the values in 'OnModelCreating' using 'HasColumnType', specify precision and scale using 'HasPrecision', or configure a value converter using 'HasConversion'.
2026-04-22 08:52:34 | WRN | No store type was specified for the decimal property 'WagSubtotal' on entity type 'HRWage'. This will cause values to be silently truncated if they do not fit in the default precision and scale. Explicitly specify the SQL server column type that can accommodate all the values in 'OnModelCreating' using 'HasColumnType', specify precision and scale using 'HasPrecision', or configure a value converter using 'HasConversion'.
2026-04-22 08:52:39 | WRN | The query uses the 'First'/'FirstOrDefault' operator without 'OrderBy' and filter operators. This may lead to unpredictable results.
2026-04-22 08:52:40 | INF | ACTION_TRACE | Acc=admin | Path=/ | IP=::1 | Start=2026-04-22 08:52:33.860 | Elapsed=6958ms | Status=Completed
2026-04-22 08:52:40 | INF | NETWORK_UNSTABLE | Acc=admin | Path=/ | Reason=SlowRequest 6958ms
2026-04-22 08:52:41 | INF | ACTION_TRACE | Acc=admin | Path=/Captcha/Generate | IP=::1 | Start=2026-04-22 08:52:40.989 | Elapsed=45ms | Status=Completed
2026-04-22 08:52:41 | INF | ACTION_TRACE | Acc=admin | Path=/DNTCaptchaImage/Show | IP=::1 | Start=2026-04-22 08:52:41.061 | Elapsed=115ms | Status=Completed
2026-04-22 08:52:46 | INF | ACTION_TRACE | Acc=admin | Path=/AdminPortal/Account/Login | IP=::1 | Start=2026-04-22 08:52:46.574 | Elapsed=102ms | Status=Completed
2026-04-22 08:52:46 | INF | ACTION_TRACE | Acc=admin | Path=/Captcha/Generate | IP=::1 | Start=2026-04-22 08:52:46.825 | Elapsed=4ms | Status=Completed
2026-04-22 08:52:46 | INF | ACTION_TRACE | Acc=admin | Path=/DNTCaptchaImage/Show | IP=::1 | Start=2026-04-22 08:52:46.838 | Elapsed=14ms | Status=Completed
2026-04-22 08:52:57 | INF | ACTION_TRACE | Acc=admin | Path=/AdminPortal/Account/Login | IP=::1 | Start=2026-04-22 08:52:50.846 | Elapsed=6766ms | Status=Completed
2026-04-22 08:52:57 | INF | NETWORK_UNSTABLE | Acc=admin | Path=/AdminPortal/Account/Login | Reason=SlowRequest 6766ms
2026-04-22 08:52:57 | INF | ACTION_TRACE | Acc=admin | Path=/AdminPortal/Home/Index | IP=::1 | Start=2026-04-22 08:52:57.625 | Elapsed=196ms | Status=Completed
2026-04-22 08:53:01 | INF | CONTROLLER_EXEC | Acc= admin | IP=::1 | Path=ADS999003/ADS999003 | Message=GET /ADS999003/ADS999003
2026-04-22 08:53:01 | INF | ACTION_TRACE | Acc=admin | Path=/ADS999003/ADS999003 | IP=::1 | Start=2026-04-22 08:53:01.706 | Elapsed=69ms | Status=Completed
2026-04-22 08:53:01 | INF | CONTROLLER_EXEC | Acc= admin | IP=::1 | Path=ADS999003/GetAllUserList | Message=POST /ADS999003/GetAllUserList
2026-04-22 08:53:01 | INF | ACTION_TRACE | Acc=admin | Path=/ADS999003/GetAllUserList | IP=::1 | Start=2026-04-22 08:53:01.808 | Elapsed=73ms | Status=Completed
2026-04-22 08:53:04 | INF | ACTION_TRACE | Acc=admin | Path=/.well-known/appspecific/com.chrome.devtools.json | IP=::1 | Start=2026-04-22 08:53:04.138 | Elapsed=0ms | Status=Completed
2026-04-22 08:53:12 | INF | ACTION_TRACE | Acc=admin | Path=/AdminPortal/Home/Index | IP=::1 | Start=2026-04-22 08:53:12.198 | Elapsed=10ms | Status=Completed
2026-04-22 08:53:12 | INF | ACTION_TRACE | Acc=admin | Path=/.well-known/appspecific/com.chrome.devtools.json | IP=::1 | Start=2026-04-22 08:53:12.319 | Elapsed=0ms | Status=Completed
2026-04-22 08:53:14 | INF | CONTROLLER_EXEC | Acc= admin | IP=::1 | Path=ADS999003/ADS999003 | Message=GET /ADS999003/ADS999003
2026-04-22 08:53:14 | INF | ACTION_TRACE | Acc=admin | Path=/ADS999003/ADS999003 | IP=::1 | Start=2026-04-22 08:53:14.988 | Elapsed=7ms | Status=Completed
2026-04-22 08:53:15 | INF | CONTROLLER_EXEC | Acc= admin | IP=::1 | Path=ADS999003/GetAllUserList | Message=POST /ADS999003/GetAllUserList
2026-04-22 08:53:15 | INF | ACTION_TRACE | Acc=admin | Path=/ADS999003/GetAllUserList | IP=::1 | Start=2026-04-22 08:53:15.081 | Elapsed=6ms | Status=Completed
2026-04-22 08:58:47 | WRN | No store type was specified for the decimal property 'OveMoney' on entity type 'HROvertime'. This will cause values to be silently truncated if they do not fit in the default precision and scale. Explicitly specify the SQL server column type that can accommodate all the values in 'OnModelCreating' using 'HasColumnType', specify precision and scale using 'HasPrecision', or configure a value converter using 'HasConversion'.
2026-04-22 08:58:47 | WRN | No store type was specified for the decimal property 'Wag1D1Hour' on entity type 'HRWage'. This will cause values to be silently truncated if they do not fit in the default precision and scale. Explicitly specify the SQL server column type that can accommodate all the values in 'OnModelCreating' using 'HasColumnType', specify precision and scale using 'HasPrecision', or configure a value converter using 'HasConversion'.
2026-04-22 08:58:47 | WRN | No store type was specified for the decimal property 'Wag2D1Hour' on entity type 'HRWage'. This will cause values to be silently truncated if they do not fit in the default precision and scale. Explicitly specify the SQL server column type that can accommodate all the values in 'OnModelCreating' using 'HasColumnType', specify precision and scale using 'HasPrecision', or configure a value converter using 'HasConversion'.
2026-04-22 08:58:47 | WRN | No store type was specified for the decimal property 'Wag4D3Hour' on entity type 'HRWage'. This will cause values to be silently truncated if they do not fit in the default precision and scale. Explicitly specify the SQL server column type that can accommodate all the values in 'OnModelCreating' using 'HasColumnType', specify precision and scale using 'HasPrecision', or configure a value converter using 'HasConversion'.
2026-04-22 08:58:47 | WRN | No store type was specified for the decimal property 'Wag5D3Hour' on entity type 'HRWage'. This will cause values to be silently truncated if they do not fit in the default precision and scale. Explicitly specify the SQL server column type that can accommodate all the values in 'OnModelCreating' using 'HasColumnType', specify precision and scale using 'HasPrecision', or configure a value converter using 'HasConversion'.
2026-04-22 08:58:47 | WRN | No store type was specified for the decimal property 'Wag8D3Hour' on entity type 'HRWage'. This will cause values to be silently truncated if they do not fit in the default precision and scale. Explicitly specify the SQL server column type that can accommodate all the values in 'OnModelCreating' using 'HasColumnType', specify precision and scale using 'HasPrecision', or configure a value converter using 'HasConversion'.
2026-04-22 08:58:47 | WRN | No store type was specified for the decimal property 'WagApplyHour' on entity type 'HRWage'. This will cause values to be silently truncated if they do not fit in the default precision and scale. Explicitly specify the SQL server column type that can accommodate all the values in 'OnModelCreating' using 'HasColumnType', specify precision and scale using 'HasPrecision', or configure a value converter using 'HasConversion'.
2026-04-22 08:58:47 | WRN | No store type was specified for the decimal property 'WagIssueHour' on entity type 'HRWage'. This will cause values to be silently truncated if they do not fit in the default precision and scale. Explicitly specify the SQL server column type that can accommodate all the values in 'OnModelCreating' using 'HasColumnType', specify precision and scale using 'HasPrecision', or configure a value converter using 'HasConversion'.
2026-04-22 08:58:47 | WRN | No store type was specified for the decimal property 'WagSubtotal' on entity type 'HRWage'. This will cause values to be silently truncated if they do not fit in the default precision and scale. Explicitly specify the SQL server column type that can accommodate all the values in 'OnModelCreating' using 'HasColumnType', specify precision and scale using 'HasPrecision', or configure a value converter using 'HasConversion'.
2026-04-22 08:58:52 | WRN | The query uses the 'First'/'FirstOrDefault' operator without 'OrderBy' and filter operators. This may lead to unpredictable results.
2026-04-22 08:58:53 | INF | ACTION_TRACE | Acc=admin | Path=/ | IP=::1 | Start=2026-04-22 08:58:46.521 | Elapsed=7019ms | Status=Completed
2026-04-22 08:58:53 | INF | NETWORK_UNSTABLE | Acc=admin | Path=/ | Reason=SlowRequest 7019ms
2026-04-22 08:58:53 | INF | ACTION_TRACE | Acc=admin | Path=/Captcha/Generate | IP=::1 | Start=2026-04-22 08:58:53.715 | Elapsed=37ms | Status=Completed
2026-04-22 08:58:53 | INF | ACTION_TRACE | Acc=admin | Path=/DNTCaptchaImage/Show | IP=::1 | Start=2026-04-22 08:58:53.761 | Elapsed=98ms | Status=Completed
2026-04-22 08:59:08 | INF | ACTION_TRACE | Acc=admin | Path=/ | IP=::1 | Start=2026-04-22 08:59:07.492 | Elapsed=1031ms | Status=Completed
2026-04-22 08:59:08 | INF | ACTION_TRACE | Acc=admin | Path=/Captcha/Generate | IP=::1 | Start=2026-04-22 08:59:08.776 | Elapsed=6ms | Status=Completed
2026-04-22 08:59:08 | INF | ACTION_TRACE | Acc=admin | Path=/DNTCaptchaImage/Show | IP=::1 | Start=2026-04-22 08:59:08.792 | Elapsed=16ms | Status=Completed
2026-04-22 08:59:10 | INF | ACTION_TRACE | Acc=admin | Path=/AdminPortal/Account/Login | IP=::1 | Start=2026-04-22 08:59:10.777 | Elapsed=22ms | Status=Completed
2026-04-22 08:59:10 | INF | ACTION_TRACE | Acc=admin | Path=/Captcha/Generate | IP=::1 | Start=2026-04-22 08:59:10.939 | Elapsed=2ms | Status=Completed
2026-04-22 08:59:10 | INF | ACTION_TRACE | Acc=admin | Path=/DNTCaptchaImage/Show | IP=::1 | Start=2026-04-22 08:59:10.951 | Elapsed=17ms | Status=Completed
2026-04-22 08:59:22 | INF | ACTION_TRACE | Acc=admin | Path=/AdminPortal/Account/Login | IP=::1 | Start=2026-04-22 08:59:13.876 | Elapsed=9077ms | Status=Completed
2026-04-22 08:59:22 | INF | NETWORK_UNSTABLE | Acc=admin | Path=/AdminPortal/Account/Login | Reason=SlowRequest 9077ms
2026-04-22 08:59:23 | INF | ACTION_TRACE | Acc=admin | Path=/AdminPortal/Home/Index | IP=::1 | Start=2026-04-22 08:59:22.966 | Elapsed=123ms | Status=Completed
2026-04-22 08:59:44 | INF | CONTROLLER_EXEC | Acc= admin | IP=::1 | Path=ADS999003/ADS999003 | Message=GET /ADS999003/ADS999003
2026-04-22 08:59:44 | INF | ACTION_TRACE | Acc=admin | Path=/ADS999003/ADS999003 | IP=::1 | Start=2026-04-22 08:59:44.463 | Elapsed=61ms | Status=Completed
2026-04-22 08:59:44 | INF | CONTROLLER_EXEC | Acc= admin | IP=::1 | Path=ADS999003/GetAllUserList | Message=POST /ADS999003/GetAllUserList
2026-04-22 08:59:44 | INF | ACTION_TRACE | Acc=admin | Path=/ADS999003/GetAllUserList | IP=::1 | Start=2026-04-22 08:59:44.573 | Elapsed=74ms | Status=Completed
2026-04-22 09:00:01 | INF | CONTROLLER_EXEC | Acc= admin | IP=::1 | Path=ADS999003/GetUserData | Message=GET /ADS999003/GetUserData
2026-04-22 09:00:01 | INF | ACTION_TRACE | Acc=admin | Path=/ADS999003/GetUserData | IP=::1 | Start=2026-04-22 09:00:01.604 | Elapsed=91ms | Status=Completed
2026-04-22 09:00:05 | INF | CONTROLLER_EXEC | Acc= admin | IP=::1 | Path=ADS999003/SaveUser | Message=POST /ADS999003/SaveUser
2026-04-22 09:00:05 | INF | ACTION_TRACE | Acc=admin | Path=/ADS999003/SaveUser | IP=::1 | Start=2026-04-22 09:00:04.816 | Elapsed=809ms | Status=Completed
2026-04-22 09:00:05 | INF | CONTROLLER_EXEC | Acc= admin | IP=::1 | Path=ADS999003/GetAllUserList | Message=POST /ADS999003/GetAllUserList
2026-04-22 09:00:05 | INF | ACTION_TRACE | Acc=admin | Path=/ADS999003/GetAllUserList | IP=::1 | Start=2026-04-22 09:00:05.633 | Elapsed=7ms | Status=Completed
2026-04-22 09:00:07 | INF | CONTROLLER_EXEC | Acc= admin | IP=::1 | Path=ADS999003/GetUserData | Message=GET /ADS999003/GetUserData
2026-04-22 09:00:07 | INF | ACTION_TRACE | Acc=admin | Path=/ADS999003/GetUserData | IP=::1 | Start=2026-04-22 09:00:07.801 | Elapsed=8ms | Status=Completed
2026-04-22 09:00:12 | INF | CONTROLLER_EXEC | Acc= admin | IP=::1 | Path=ADS999003/SaveUser | Message=POST /ADS999003/SaveUser
2026-04-22 09:00:12 | INF | ACTION_TRACE | Acc=admin | Path=/ADS999003/SaveUser | IP=::1 | Start=2026-04-22 09:00:12.559 | Elapsed=25ms | Status=Completed
2026-04-22 09:00:12 | INF | CONTROLLER_EXEC | Acc= admin | IP=::1 | Path=ADS999003/GetAllUserList | Message=POST /ADS999003/GetAllUserList
2026-04-22 09:00:12 | INF | ACTION_TRACE | Acc=admin | Path=/ADS999003/GetAllUserList | IP=::1 | Start=2026-04-22 09:00:12.590 | Elapsed=3ms | Status=Completed
2026-04-22 09:00:15 | INF | CONTROLLER_EXEC | Acc= admin | IP=::1 | Path=ADS999003/GetUserData | Message=GET /ADS999003/GetUserData
2026-04-22 09:00:15 | INF | ACTION_TRACE | Acc=admin | Path=/ADS999003/GetUserData | IP=::1 | Start=2026-04-22 09:00:15.718 | Elapsed=14ms | Status=Completed
2026-04-22 09:00:36 | INF | ACTION_TRACE | Acc=admin | Path=/AdminPortal/Home/Index | IP=::1 | Start=2026-04-22 09:00:36.172 | Elapsed=25ms | Status=Completed
2026-04-22 09:00:41 | INF | CONTROLLER_EXEC | Acc= admin | IP=::1 | Path=ADS999002/ADS999002 | Message=GET /ADS999002/ADS999002
2026-04-22 09:00:41 | INF | ACTION_TRACE | Acc=admin | Path=/ADS999002/ADS999002 | IP=::1 | Start=2026-04-22 09:00:41.490 | Elapsed=79ms | Status=Completed
2026-04-22 09:00:41 | INF | CONTROLLER_EXEC | Acc= admin | IP=::1 | Path=ADS999002/GetAllRoleList | Message=POST /ADS999002/GetAllRoleList
2026-04-22 09:00:41 | INF | ACTION_TRACE | Acc=admin | Path=/ADS999002/GetAllRoleList | IP=::1 | Start=2026-04-22 09:00:41.591 | Elapsed=64ms | Status=Completed
2026-04-22 09:00:43 | INF | CONTROLLER_EXEC | Acc= admin | IP=::1 | Path=ADS999002/GetRoleByNo | Message=GET /ADS999002/GetRoleByNo
2026-04-22 09:00:43 | INF | ACTION_TRACE | Acc=admin | Path=/ADS999002/GetRoleByNo | IP=::1 | Start=2026-04-22 09:00:43.080 | Elapsed=32ms | Status=Completed
2026-04-22 09:00:45 | INF | CONTROLLER_EXEC | Acc= admin | IP=::1 | Path=ADS999003/ADS999003 | Message=GET /ADS999003/ADS999003
2026-04-22 09:00:45 | INF | ACTION_TRACE | Acc=admin | Path=/ADS999003/ADS999003 | IP=::1 | Start=2026-04-22 09:00:45.949 | Elapsed=27ms | Status=Completed
2026-04-22 09:00:46 | INF | CONTROLLER_EXEC | Acc= admin | IP=::1 | Path=ADS999003/GetAllUserList | Message=POST /ADS999003/GetAllUserList
2026-04-22 09:00:46 | INF | ACTION_TRACE | Acc=admin | Path=/ADS999003/GetAllUserList | IP=::1 | Start=2026-04-22 09:00:46.003 | Elapsed=10ms | Status=Completed
2026-04-22 09:00:48 | INF | CONTROLLER_EXEC | Acc= admin | IP=::1 | Path=ADS999003/GetUserData | Message=GET /ADS999003/GetUserData
2026-04-22 09:00:48 | INF | ACTION_TRACE | Acc=admin | Path=/ADS999003/GetUserData | IP=::1 | Start=2026-04-22 09:00:48.220 | Elapsed=16ms | Status=Completed
2026-04-22 09:01:02 | INF | ACTION_TRACE | Acc=admin | Path=/AdminPortal/Home/Index | IP=::1 | Start=2026-04-22 09:01:02.387 | Elapsed=31ms | Status=Completed
2026-04-22 09:01:04 | INF | CONTROLLER_EXEC | Acc= admin | IP=::1 | Path=ADS999003/ADS999003 | Message=GET /ADS999003/ADS999003
2026-04-22 09:01:04 | INF | ACTION_TRACE | Acc=admin | Path=/ADS999003/ADS999003 | IP=::1 | Start=2026-04-22 09:01:04.649 | Elapsed=31ms | Status=Completed
2026-04-22 09:01:04 | INF | CONTROLLER_EXEC | Acc= admin | IP=::1 | Path=ADS999003/GetAllUserList | Message=POST /ADS999003/GetAllUserList
2026-04-22 09:01:04 | INF | ACTION_TRACE | Acc=admin | Path=/ADS999003/GetAllUserList | IP=::1 | Start=2026-04-22 09:01:04.714 | Elapsed=20ms | Status=Completed
2026-04-22 09:01:08 | INF | CONTROLLER_EXEC | Acc= admin | IP=::1 | Path=ADS999003/DeleteUser | Message=POST /ADS999003/DeleteUser
2026-04-22 09:01:08 | INF | ACTION_TRACE | Acc=admin | Path=/ADS999003/DeleteUser | IP=::1 | Start=2026-04-22 09:01:08.440 | Elapsed=40ms | Status=Completed
2026-04-22 09:01:08 | INF | CONTROLLER_EXEC | Acc= admin | IP=::1 | Path=ADS999003/GetAllUserList | Message=POST /ADS999003/GetAllUserList
2026-04-22 09:01:08 | INF | ACTION_TRACE | Acc=admin | Path=/ADS999003/GetAllUserList | IP=::1 | Start=2026-04-22 09:01:08.487 | Elapsed=2ms | Status=Completed
2026-04-22 09:01:10 | INF | CONTROLLER_EXEC | Acc= admin | IP=::1 | Path=ADS999003/GetUserData | Message=GET /ADS999003/GetUserData
2026-04-22 09:01:10 | INF | ACTION_TRACE | Acc=admin | Path=/ADS999003/GetUserData | IP=::1 | Start=2026-04-22 09:01:10.543 | Elapsed=17ms | Status=Completed
2026-04-22 09:01:12 | INF | CONTROLLER_EXEC | Acc= admin | IP=::1 | Path=ADS999003/SaveUser | Message=POST /ADS999003/SaveUser
2026-04-22 09:01:12 | INF | ACTION_TRACE | Acc=admin | Path=/ADS999003/SaveUser | IP=::1 | Start=2026-04-22 09:01:12.476 | Elapsed=67ms | Status=Completed
2026-04-22 09:01:12 | INF | CONTROLLER_EXEC | Acc= admin | IP=::1 | Path=ADS999003/GetAllUserList | Message=POST /ADS999003/GetAllUserList
2026-04-22 09:01:12 | INF | ACTION_TRACE | Acc=admin | Path=/ADS999003/GetAllUserList | IP=::1 | Start=2026-04-22 09:01:12.561 | Elapsed=3ms | Status=Completed
2026-04-22 09:02:56 | INF | CONTROLLER_EXEC | Acc= admin | IP=::1 | Path=ADS999003/GetUserData | Message=GET /ADS999003/GetUserData
2026-04-22 09:02:56 | INF | ACTION_TRACE | Acc=admin | Path=/ADS999003/GetUserData | IP=::1 | Start=2026-04-22 09:02:56.374 | Elapsed=6ms | Status=Completed
2026-04-22 09:05:19 | INF | CONTROLLER_EXEC | Acc= admin | IP=::1 | Path=ADS999003/GetUserData | Message=GET /ADS999003/GetUserData
2026-04-22 09:05:19 | INF | ACTION_TRACE | Acc=admin | Path=/ADS999003/GetUserData | IP=::1 | Start=2026-04-22 09:05:19.097 | Elapsed=7ms | Status=Completed
2026-04-22 09:05:38 | INF | ACTION_TRACE | Acc=admin | Path=/AdminPortal/Home/Index | IP=::1 | Start=2026-04-22 09:05:38.379 | Elapsed=27ms | Status=Completed
2026-04-22 09:05:39 | INF | ACTION_TRACE | Acc=admin | Path=/AdminPortal/Home/Index | IP=::1 | Start=2026-04-22 09:05:39.316 | Elapsed=31ms | Status=Completed
2026-04-22 09:05:41 | INF | ACTION_TRACE | Acc=admin | Path=/AdminPortal/Home/Index | IP=::1 | Start=2026-04-22 09:05:41.553 | Elapsed=39ms | Status=Completed
2026-04-22 09:05:45 | INF | CONTROLLER_EXEC | Acc= admin | IP=::1 | Path=ADS999003/ADS999003 | Message=GET /ADS999003/ADS999003
2026-04-22 09:05:45 | INF | ACTION_TRACE | Acc=admin | Path=/ADS999003/ADS999003 | IP=::1 | Start=2026-04-22 09:05:45.830 | Elapsed=30ms | Status=Completed
2026-04-22 09:05:45 | INF | CONTROLLER_EXEC | Acc= admin | IP=::1 | Path=ADS999003/GetAllUserList | Message=POST /ADS999003/GetAllUserList
2026-04-22 09:05:45 | INF | ACTION_TRACE | Acc=admin | Path=/ADS999003/GetAllUserList | IP=::1 | Start=2026-04-22 09:05:45.887 | Elapsed=15ms | Status=Completed
2026-04-22 09:05:47 | INF | CONTROLLER_EXEC | Acc= admin | IP=::1 | Path=ADS999003/GetUserData | Message=GET /ADS999003/GetUserData
2026-04-22 09:05:47 | INF | ACTION_TRACE | Acc=admin | Path=/ADS999003/GetUserData | IP=::1 | Start=2026-04-22 09:05:47.040 | Elapsed=15ms | Status=Completed
2026-04-22 09:06:01 | INF | ACTION_TRACE | Acc=admin | Path=/AdminPortal/Home/Index | IP=::1 | Start=2026-04-22 09:06:01.584 | Elapsed=29ms | Status=Completed
2026-04-22 09:06:03 | INF | CONTROLLER_EXEC | Acc= admin | IP=::1 | Path=ADS999003/ADS999003 | Message=GET /ADS999003/ADS999003
2026-04-22 09:06:03 | INF | ACTION_TRACE | Acc=admin | Path=/ADS999003/ADS999003 | IP=::1 | Start=2026-04-22 09:06:03.757 | Elapsed=33ms | Status=Completed
2026-04-22 09:06:03 | INF | CONTROLLER_EXEC | Acc= admin | IP=::1 | Path=ADS999003/GetAllUserList | Message=POST /ADS999003/GetAllUserList
2026-04-22 09:06:03 | INF | ACTION_TRACE | Acc=admin | Path=/ADS999003/GetAllUserList | IP=::1 | Start=2026-04-22 09:06:03.817 | Elapsed=18ms | Status=Completed
2026-04-22 09:06:05 | INF | CONTROLLER_EXEC | Acc= admin | IP=::1 | Path=ADS999003/GetUserData | Message=GET /ADS999003/GetUserData
2026-04-22 09:06:05 | INF | ACTION_TRACE | Acc=admin | Path=/ADS999003/GetUserData | IP=::1 | Start=2026-04-22 09:06:05.411 | Elapsed=18ms | Status=Completed
2026-04-22 09:06:32 | INF | ACTION_TRACE | Acc=admin | Path=/AdminPortal/Home/Index | IP=::1 | Start=2026-04-22 09:06:32.268 | Elapsed=40ms | Status=Completed
2026-04-22 09:06:34 | INF | CONTROLLER_EXEC | Acc= admin | IP=::1 | Path=ADS999003/ADS999003 | Message=GET /ADS999003/ADS999003
2026-04-22 09:06:34 | INF | ACTION_TRACE | Acc=admin | Path=/ADS999003/ADS999003 | IP=::1 | Start=2026-04-22 09:06:34.447 | Elapsed=32ms | Status=Completed
2026-04-22 09:06:34 | INF | CONTROLLER_EXEC | Acc= admin | IP=::1 | Path=ADS999003/GetAllUserList | Message=POST /ADS999003/GetAllUserList
2026-04-22 09:06:34 | INF | ACTION_TRACE | Acc=admin | Path=/ADS999003/GetAllUserList | IP=::1 | Start=2026-04-22 09:06:34.502 | Elapsed=12ms | Status=Completed
2026-04-22 09:06:35 | INF | CONTROLLER_EXEC | Acc= admin | IP=::1 | Path=ADS999003/GetUserData | Message=GET /ADS999003/GetUserData
2026-04-22 09:06:35 | INF | ACTION_TRACE | Acc=admin | Path=/ADS999003/GetUserData | IP=::1 | Start=2026-04-22 09:06:35.785 | Elapsed=16ms | Status=Completed
2026-04-22 09:07:16 | INF | ACTION_TRACE | Acc=admin | Path=/AdminPortal/Home/Index | IP=::1 | Start=2026-04-22 09:07:16.505 | Elapsed=27ms | Status=Completed
2026-04-22 09:07:19 | INF | CONTROLLER_EXEC | Acc= admin | IP=::1 | Path=ADS999003/ADS999003 | Message=GET /ADS999003/ADS999003
2026-04-22 09:07:19 | INF | ACTION_TRACE | Acc=admin | Path=/ADS999003/ADS999003 | IP=::1 | Start=2026-04-22 09:07:19.247 | Elapsed=32ms | Status=Completed
2026-04-22 09:07:19 | INF | CONTROLLER_EXEC | Acc= admin | IP=::1 | Path=ADS999003/GetAllUserList | Message=POST /ADS999003/GetAllUserList
2026-04-22 09:07:19 | INF | ACTION_TRACE | Acc=admin | Path=/ADS999003/GetAllUserList | IP=::1 | Start=2026-04-22 09:07:19.301 | Elapsed=12ms | Status=Completed
2026-04-22 09:07:20 | INF | CONTROLLER_EXEC | Acc= admin | IP=::1 | Path=ADS999003/GetUserData | Message=GET /ADS999003/GetUserData
2026-04-22 09:07:20 | INF | ACTION_TRACE | Acc=admin | Path=/ADS999003/GetUserData | IP=::1 | Start=2026-04-22 09:07:20.835 | Elapsed=16ms | Status=Completed
2026-04-22 09:07:49 | INF | CONTROLLER_EXEC | Acc= admin | IP=::1 | Path=ADS999003/SaveUser | Message=POST /ADS999003/SaveUser
2026-04-22 09:07:49 | INF | ACTION_TRACE | Acc=admin | Path=/ADS999003/SaveUser | IP=::1 | Start=2026-04-22 09:07:49.248 | Elapsed=14ms | Status=Completed
2026-04-22 09:07:59 | INF | CONTROLLER_EXEC | Acc= admin | IP=::1 | Path=ADS999003/SaveUser | Message=POST /ADS999003/SaveUser
2026-04-22 09:07:59 | INF | ACTION_TRACE | Acc=admin | Path=/ADS999003/SaveUser | IP=::1 | Start=2026-04-22 09:07:54.384 | Elapsed=4629ms | Status=Completed
2026-04-22 09:07:59 | INF | NETWORK_UNSTABLE | Acc=admin | Path=/ADS999003/SaveUser | Reason=SlowRequest 4629ms
2026-04-22 09:07:59 | INF | CONTROLLER_EXEC | Acc= admin | IP=::1 | Path=ADS999003/GetAllUserList | Message=POST /ADS999003/GetAllUserList
2026-04-22 09:07:59 | INF | ACTION_TRACE | Acc=admin | Path=/ADS999003/GetAllUserList | IP=::1 | Start=2026-04-22 09:07:59.020 | Elapsed=2ms | Status=Completed
2026-04-22 09:08:01 | INF | CONTROLLER_EXEC | Acc= admin | IP=::1 | Path=ADS999003/GetUserData | Message=GET /ADS999003/GetUserData
2026-04-22 09:08:01 | INF | ACTION_TRACE | Acc=admin | Path=/ADS999003/GetUserData | IP=::1 | Start=2026-04-22 09:08:01.988 | Elapsed=5ms | Status=Completed
2026-04-22 09:08:04 | INF | CONTROLLER_EXEC | Acc= admin | IP=::1 | Path=ADS999003/SaveUser | Message=POST /ADS999003/SaveUser
2026-04-22 09:08:04 | INF | ACTION_TRACE | Acc=admin | Path=/ADS999003/SaveUser | IP=::1 | Start=2026-04-22 09:08:04.551 | Elapsed=20ms | Status=Completed
2026-04-22 09:08:04 | INF | CONTROLLER_EXEC | Acc= admin | IP=::1 | Path=ADS999003/GetAllUserList | Message=POST /ADS999003/GetAllUserList
2026-04-22 09:08:04 | INF | ACTION_TRACE | Acc=admin | Path=/ADS999003/GetAllUserList | IP=::1 | Start=2026-04-22 09:08:04.576 | Elapsed=2ms | Status=Completed
2026-04-22 09:11:04 | INF | CONTROLLER_EXEC | Acc= admin | IP=::1 | Path=ADS999003/GetUserData | Message=GET /ADS999003/GetUserData
2026-04-22 09:11:04 | INF | ACTION_TRACE | Acc=admin | Path=/ADS999003/GetUserData | IP=::1 | Start=2026-04-22 09:11:04.602 | Elapsed=6ms | Status=Completed
2026-04-22 09:12:22 | WRN | No store type was specified for the decimal property 'OveMoney' on entity type 'HROvertime'. This will cause values to be silently truncated if they do not fit in the default precision and scale. Explicitly specify the SQL server column type that can accommodate all the values in 'OnModelCreating' using 'HasColumnType', specify precision and scale using 'HasPrecision', or configure a value converter using 'HasConversion'.
2026-04-22 09:12:22 | WRN | No store type was specified for the decimal property 'Wag1D1Hour' on entity type 'HRWage'. This will cause values to be silently truncated if they do not fit in the default precision and scale. Explicitly specify the SQL server column type that can accommodate all the values in 'OnModelCreating' using 'HasColumnType', specify precision and scale using 'HasPrecision', or configure a value converter using 'HasConversion'.
2026-04-22 09:12:22 | WRN | No store type was specified for the decimal property 'Wag2D1Hour' on entity type 'HRWage'. This will cause values to be silently truncated if they do not fit in the default precision and scale. Explicitly specify the SQL server column type that can accommodate all the values in 'OnModelCreating' using 'HasColumnType', specify precision and scale using 'HasPrecision', or configure a value converter using 'HasConversion'.
2026-04-22 09:12:22 | WRN | No store type was specified for the decimal property 'Wag4D3Hour' on entity type 'HRWage'. This will cause values to be silently truncated if they do not fit in the default precision and scale. Explicitly specify the SQL server column type that can accommodate all the values in 'OnModelCreating' using 'HasColumnType', specify precision and scale using 'HasPrecision', or configure a value converter using 'HasConversion'.
2026-04-22 09:12:22 | WRN | No store type was specified for the decimal property 'Wag5D3Hour' on entity type 'HRWage'. This will cause values to be silently truncated if they do not fit in the default precision and scale. Explicitly specify the SQL server column type that can accommodate all the values in 'OnModelCreating' using 'HasColumnType', specify precision and scale using 'HasPrecision', or configure a value converter using 'HasConversion'.
2026-04-22 09:12:22 | WRN | No store type was specified for the decimal property 'Wag8D3Hour' on entity type 'HRWage'. This will cause values to be silently truncated if they do not fit in the default precision and scale. Explicitly specify the SQL server column type that can accommodate all the values in 'OnModelCreating' using 'HasColumnType', specify precision and scale using 'HasPrecision', or configure a value converter using 'HasConversion'.
2026-04-22 09:12:22 | WRN | No store type was specified for the decimal property 'WagApplyHour' on entity type 'HRWage'. This will cause values to be silently truncated if they do not fit in the default precision and scale. Explicitly specify the SQL server column type that can accommodate all the values in 'OnModelCreating' using 'HasColumnType', specify precision and scale using 'HasPrecision', or configure a value converter using 'HasConversion'.
2026-04-22 09:12:22 | WRN | No store type was specified for the decimal property 'WagIssueHour' on entity type 'HRWage'. This will cause values to be silently truncated if they do not fit in the default precision and scale. Explicitly specify the SQL server column type that can accommodate all the values in 'OnModelCreating' using 'HasColumnType', specify precision and scale using 'HasPrecision', or configure a value converter using 'HasConversion'.
2026-04-22 09:12:22 | WRN | No store type was specified for the decimal property 'WagSubtotal' on entity type 'HRWage'. This will cause values to be silently truncated if they do not fit in the default precision and scale. Explicitly specify the SQL server column type that can accommodate all the values in 'OnModelCreating' using 'HasColumnType', specify precision and scale using 'HasPrecision', or configure a value converter using 'HasConversion'.
2026-04-22 09:12:28 | WRN | The query uses the 'First'/'FirstOrDefault' operator without 'OrderBy' and filter operators. This may lead to unpredictable results.
2026-04-22 09:12:28 | INF | ACTION_TRACE | Acc=admin | Path=/ | IP=::1 | Start=2026-04-22 09:12:22.053 | Elapsed=6918ms | Status=Completed
2026-04-22 09:12:28 | INF | NETWORK_UNSTABLE | Acc=admin | Path=/ | Reason=SlowRequest 6918ms
2026-04-22 09:12:29 | INF | ACTION_TRACE | Acc=admin | Path=/Captcha/Generate | IP=::1 | Start=2026-04-22 09:12:29.124 | Elapsed=40ms | Status=Completed
2026-04-22 09:12:29 | INF | ACTION_TRACE | Acc=admin | Path=/DNTCaptchaImage/Show | IP=::1 | Start=2026-04-22 09:12:29.188 | Elapsed=135ms | Status=Completed
2026-04-22 09:12:42 | INF | ACTION_TRACE | Acc=admin | Path=/AdminPortal/Account/Login | IP=::1 | Start=2026-04-22 09:12:42.820 | Elapsed=102ms | Status=Completed
2026-04-22 09:12:43 | INF | ACTION_TRACE | Acc=admin | Path=/Captcha/Generate | IP=::1 | Start=2026-04-22 09:12:43.014 | Elapsed=5ms | Status=Completed
2026-04-22 09:12:43 | INF | ACTION_TRACE | Acc=admin | Path=/DNTCaptchaImage/Show | IP=::1 | Start=2026-04-22 09:12:43.028 | Elapsed=13ms | Status=Completed
2026-04-22 09:12:53 | INF | ACTION_TRACE | Acc=admin | Path=/AdminPortal/Account/Login | IP=::1 | Start=2026-04-22 09:12:46.344 | Elapsed=6907ms | Status=Completed
2026-04-22 09:12:53 | INF | NETWORK_UNSTABLE | Acc=admin | Path=/AdminPortal/Account/Login | Reason=SlowRequest 6907ms
2026-04-22 09:12:53 | INF | ACTION_TRACE | Acc=admin | Path=/AdminPortal/Home/Index | IP=::1 | Start=2026-04-22 09:12:53.269 | Elapsed=124ms | Status=Completed
2026-04-22 09:12:57 | WRN | The query uses the 'First'/'FirstOrDefault' operator without 'OrderBy' and filter operators. This may lead to unpredictable results.
2026-04-22 09:12:57 | INF | CONTROLLER_EXEC | Acc= admin | IP=::1 | Path=ADS999999/ADS999999 | Message=GET /ADS999999/ADS999999
2026-04-22 09:12:57 | INF | ACTION_TRACE | Acc=admin | Path=/ADS999999/ADS999999 | IP=::1 | Start=2026-04-22 09:12:57.711 | Elapsed=64ms | Status=Completed
2026-04-22 09:12:58 | INF | CONTROLLER_EXEC | Acc= admin | IP=::1 | Path=ADS999003/ADS999003 | Message=GET /ADS999003/ADS999003
2026-04-22 09:12:58 | INF | ACTION_TRACE | Acc=admin | Path=/ADS999003/ADS999003 | IP=::1 | Start=2026-04-22 09:12:58.412 | Elapsed=34ms | Status=Completed
2026-04-22 09:12:58 | INF | CONTROLLER_EXEC | Acc= admin | IP=::1 | Path=ADS999003/GetAllUserList | Message=POST /ADS999003/GetAllUserList
2026-04-22 09:12:58 | INF | ACTION_TRACE | Acc=admin | Path=/ADS999003/GetAllUserList | IP=::1 | Start=2026-04-22 09:12:58.483 | Elapsed=69ms | Status=Completed
2026-04-22 09:13:05 | INF | ACTION_TRACE | Acc=admin | Path=/.well-known/appspecific/com.chrome.devtools.json | IP=::1 | Start=2026-04-22 09:13:05.429 | Elapsed=0ms | Status=Completed
2026-04-22 09:13:32 | INF | ACTION_TRACE | Acc=admin | Path=/AdminPortal/Home/Index | IP=::1 | Start=2026-04-22 09:13:32.017 | Elapsed=18ms | Status=Completed
2026-04-22 09:13:32 | INF | ACTION_TRACE | Acc=admin | Path=/.well-known/appspecific/com.chrome.devtools.json | IP=::1 | Start=2026-04-22 09:13:32.148 | Elapsed=0ms | Status=Completed
2026-04-22 09:13:34 | INF | CONTROLLER_EXEC | Acc= admin | IP=::1 | Path=ADS999003/ADS999003 | Message=GET /ADS999003/ADS999003
2026-04-22 09:13:34 | INF | ACTION_TRACE | Acc=admin | Path=/ADS999003/ADS999003 | IP=::1 | Start=2026-04-22 09:13:34.568 | Elapsed=6ms | Status=Completed
2026-04-22 09:13:34 | INF | CONTROLLER_EXEC | Acc= admin | IP=::1 | Path=ADS999003/GetAllUserList | Message=POST /ADS999003/GetAllUserList
2026-04-22 09:13:34 | INF | ACTION_TRACE | Acc=admin | Path=/ADS999003/GetAllUserList | IP=::1 | Start=2026-04-22 09:13:34.633 | Elapsed=4ms | Status=Completed
2026-04-22 09:13:47 | INF | CONTROLLER_EXEC | Acc= admin | IP=::1 | Path=ADS999003/GetUserData | Message=GET /ADS999003/GetUserData
2026-04-22 09:13:47 | INF | ACTION_TRACE | Acc=admin | Path=/ADS999003/GetUserData | IP=::1 | Start=2026-04-22 09:13:47.756 | Elapsed=81ms | Status=Completed
2026-04-22 09:13:50 | INF | CONTROLLER_EXEC | Acc= admin | IP=::1 | Path=ADS999003/SaveUser | Message=POST /ADS999003/SaveUser
2026-04-22 09:13:50 | INF | ACTION_TRACE | Acc=admin | Path=/ADS999003/SaveUser | IP=::1 | Start=2026-04-22 09:13:49.997 | Elapsed=396ms | Status=Completed
2026-04-22 09:13:50 | INF | CONTROLLER_EXEC | Acc= admin | IP=::1 | Path=ADS999003/GetAllUserList | Message=POST /ADS999003/GetAllUserList
2026-04-22 09:13:50 | INF | ACTION_TRACE | Acc=admin | Path=/ADS999003/GetAllUserList | IP=::1 | Start=2026-04-22 09:13:50.400 | Elapsed=2ms | Status=Completed
2026-04-22 09:13:57 | INF | CONTROLLER_EXEC | Acc= admin | IP=::1 | Path=ADS999003/GetUserData | Message=GET /ADS999003/GetUserData
2026-04-22 09:13:57 | INF | ACTION_TRACE | Acc=admin | Path=/ADS999003/GetUserData | IP=::1 | Start=2026-04-22 09:13:57.470 | Elapsed=8ms | Status=Completed
2026-04-22 09:14:00 | INF | CONTROLLER_EXEC | Acc= admin | IP=::1 | Path=ADS999003/SaveUser | Message=POST /ADS999003/SaveUser
2026-04-22 09:14:00 | INF | ACTION_TRACE | Acc=admin | Path=/ADS999003/SaveUser | IP=::1 | Start=2026-04-22 09:14:00.218 | Elapsed=19ms | Status=Completed
2026-04-22 09:14:00 | INF | CONTROLLER_EXEC | Acc= admin | IP=::1 | Path=ADS999003/GetAllUserList | Message=POST /ADS999003/GetAllUserList
2026-04-22 09:14:00 | INF | ACTION_TRACE | Acc=admin | Path=/ADS999003/GetAllUserList | IP=::1 | Start=2026-04-22 09:14:00.242 | Elapsed=2ms | Status=Completed
2026-04-22 09:14:20 | INF | CONTROLLER_EXEC | Acc= admin | IP=::1 | Path=ADS999999/ADS999999 | Message=GET /ADS999999/ADS999999
2026-04-22 09:14:20 | INF | ACTION_TRACE | Acc=admin | Path=/ADS999999/ADS999999 | IP=::1 | Start=2026-04-22 09:14:20.085 | Elapsed=5ms | Status=Completed
2026-04-22 09:14:47 | INF | CONTROLLER_EXEC | Acc= admin | IP=::1 | Path=ADS999003/ADS999003 | Message=GET /ADS999003/ADS999003
2026-04-22 09:14:47 | INF | ACTION_TRACE | Acc=admin | Path=/ADS999003/ADS999003 | IP=::1 | Start=2026-04-22 09:14:47.891 | Elapsed=3ms | Status=Completed
2026-04-22 09:14:47 | INF | CONTROLLER_EXEC | Acc= admin | IP=::1 | Path=ADS999003/GetAllUserList | Message=POST /ADS999003/GetAllUserList
2026-04-22 09:14:47 | INF | ACTION_TRACE | Acc=admin | Path=/ADS999003/GetAllUserList | IP=::1 | Start=2026-04-22 09:14:47.914 | Elapsed=4ms | Status=Completed
2026-04-22 09:14:51 | INF | CONTROLLER_EXEC | Acc= admin | IP=::1 | Path=ADS999999/ADS999999 | Message=GET /ADS999999/ADS999999
2026-04-22 09:14:51 | INF | ACTION_TRACE | Acc=admin | Path=/ADS999999/ADS999999 | IP=::1 | Start=2026-04-22 09:14:51.447 | Elapsed=10ms | Status=Completed
2026-04-22 09:20:54 | INF | ACTION_TRACE | Acc=admin | Path=/AdminPortal/Home/Index | IP=::1 | Start=2026-04-22 09:20:49.826 | Elapsed=4640ms | Status=Completed
2026-04-22 09:20:54 | INF | NETWORK_UNSTABLE | Acc=admin | Path=/AdminPortal/Home/Index | Reason=SlowRequest 4640ms
2026-04-22 09:21:36 | INF | ACTION_TRACE | Acc=admin | Path=/AdminPortal/Home/Index | IP=::1 | Start=2026-04-22 09:21:35.942 | Elapsed=87ms | Status=Completed
2026-04-22 09:21:40 | INF | CONTROLLER_EXEC | Acc= admin | IP=::1 | Path=ADS999003/ADS999003 | Message=GET /ADS999003/ADS999003
2026-04-22 09:21:40 | INF | ACTION_TRACE | Acc=admin | Path=/ADS999003/ADS999003 | IP=::1 | Start=2026-04-22 09:21:40.074 | Elapsed=24ms | Status=Completed
2026-04-22 09:21:40 | INF | CONTROLLER_EXEC | Acc= admin | IP=::1 | Path=ADS999003/GetAllUserList | Message=POST /ADS999003/GetAllUserList
2026-04-22 09:21:40 | INF | ACTION_TRACE | Acc=admin | Path=/ADS999003/GetAllUserList | IP=::1 | Start=2026-04-22 09:21:40.121 | Elapsed=13ms | Status=Completed
2026-04-22 09:21:42 | INF | CONTROLLER_EXEC | Acc= admin | IP=::1 | Path=ADS999999/ADS999999 | Message=GET /ADS999999/ADS999999
2026-04-22 09:21:42 | INF | ACTION_TRACE | Acc=admin | Path=/ADS999999/ADS999999 | IP=::1 | Start=2026-04-22 09:21:42.455 | Elapsed=24ms | Status=Completed
2026-04-22 09:22:40 | INF | ACTION_TRACE | Acc=admin | Path=/AdminPortal/Home/Index | IP=::1 | Start=2026-04-22 09:22:40.645 | Elapsed=30ms | Status=Completed
2026-04-22 09:22:43 | INF | CONTROLLER_EXEC | Acc= admin | IP=::1 | Path=ADS999999/ADS999999 | Message=GET /ADS999999/ADS999999
2026-04-22 09:22:43 | INF | ACTION_TRACE | Acc=admin | Path=/ADS999999/ADS999999 | IP=::1 | Start=2026-04-22 09:22:43.441 | Elapsed=24ms | Status=Completed
2026-04-22 09:23:40 | INF | ACTION_TRACE | Acc=admin | Path=/ADS999001/ADS999001 | IP=::1 | Start=2026-04-22 09:23:40.220 | Elapsed=0ms | Status=Completed
2026-04-22 09:23:41 | INF | CONTROLLER_EXEC | Acc= admin | IP=::1 | Path=ADS999002/ADS999002 | Message=GET /ADS999002/ADS999002
2026-04-22 09:23:41 | INF | ACTION_TRACE | Acc=admin | Path=/ADS999002/ADS999002 | IP=::1 | Start=2026-04-22 09:23:41.862 | Elapsed=57ms | Status=Completed
2026-04-22 09:23:41 | INF | CONTROLLER_EXEC | Acc= admin | IP=::1 | Path=ADS999002/GetAllRoleList | Message=POST /ADS999002/GetAllRoleList
2026-04-22 09:23:41 | INF | ACTION_TRACE | Acc=admin | Path=/ADS999002/GetAllRoleList | IP=::1 | Start=2026-04-22 09:23:41.944 | Elapsed=42ms | Status=Completed
2026-04-22 09:23:52 | INF | CONTROLLER_EXEC | Acc= admin | IP=::1 | Path=ADS999999/ADS999999 | Message=GET /ADS999999/ADS999999
2026-04-22 09:23:52 | INF | ACTION_TRACE | Acc=admin | Path=/ADS999999/ADS999999 | IP=::1 | Start=2026-04-22 09:23:52.578 | Elapsed=5ms | Status=Completed
2026-04-22 09:28:50 | INF | CONTROLLER_EXEC | Acc= admin | IP=::1 | Path=ADS999002/ADS999002 | Message=GET /ADS999002/ADS999002
2026-04-22 09:28:50 | INF | ACTION_TRACE | Acc=admin | Path=/ADS999002/ADS999002 | IP=::1 | Start=2026-04-22 09:28:46.419 | Elapsed=4560ms | Status=Completed
2026-04-22 09:28:50 | INF | NETWORK_UNSTABLE | Acc=admin | Path=/ADS999002/ADS999002 | Reason=SlowRequest 4560ms
2026-04-22 09:28:55 | INF | CONTROLLER_EXEC | Acc= admin | IP=::1 | Path=ADS999002/GetAllRoleList | Message=POST /ADS999002/GetAllRoleList
2026-04-22 09:28:55 | INF | ACTION_TRACE | Acc=admin | Path=/ADS999002/GetAllRoleList | IP=::1 | Start=2026-04-22 09:28:50.995 | Elapsed=4550ms | Status=Completed
2026-04-22 09:28:55 | INF | NETWORK_UNSTABLE | Acc=admin | Path=/ADS999002/GetAllRoleList | Reason=SlowRequest 4550ms
2026-04-22 09:29:00 | INF | CONTROLLER_EXEC | Acc= admin | IP=::1 | Path=ADS999999/ADS999999 | Message=GET /ADS999999/ADS999999
2026-04-22 09:29:00 | INF | ACTION_TRACE | Acc=admin | Path=/ADS999999/ADS999999 | IP=::1 | Start=2026-04-22 09:29:00.887 | Elapsed=4ms | Status=Completed
2026-04-22 09:31:40 | INF | ACTION_TRACE | Acc=admin | Path=/AdminPortal/Home/Index | IP=::1 | Start=2026-04-22 09:31:40.753 | Elapsed=12ms | Status=Completed
2026-04-22 09:31:44 | INF | CONTROLLER_EXEC | Acc= admin | IP=::1 | Path=ADS999999/ADS999999 | Message=GET /ADS999999/ADS999999
2026-04-22 09:31:44 | INF | ACTION_TRACE | Acc=admin | Path=/ADS999999/ADS999999 | IP=::1 | Start=2026-04-22 09:31:44.316 | Elapsed=4ms | Status=Completed
2026-04-22 09:32:45 | INF | ACTION_TRACE | Acc=admin | Path=/.well-known/appspecific/com.chrome.devtools.json | IP=::1 | Start=2026-04-22 09:32:45.846 | Elapsed=0ms | Status=Completed
2026-04-22 09:34:19 | INF | CONTROLLER_EXEC | Acc= admin | IP=::1 | Path=ADS999002/ADS999002 | Message=GET /ADS999002/ADS999002
2026-04-22 09:34:19 | INF | ACTION_TRACE | Acc=admin | Path=/ADS999002/ADS999002 | IP=::1 | Start=2026-04-22 09:34:19.083 | Elapsed=4ms | Status=Completed
2026-04-22 09:34:19 | INF | CONTROLLER_EXEC | Acc= admin | IP=::1 | Path=ADS999002/GetAllRoleList | Message=POST /ADS999002/GetAllRoleList
2026-04-22 09:34:19 | INF | ACTION_TRACE | Acc=admin | Path=/ADS999002/GetAllRoleList | IP=::1 | Start=2026-04-22 09:34:19.169 | Elapsed=9ms | Status=Completed
2026-04-22 09:34:22 | INF | ACTION_TRACE | Acc=admin | Path=/ADS999001/ADS999001 | IP=::1 | Start=2026-04-22 09:34:22.077 | Elapsed=0ms | Status=Completed
2026-04-22 09:34:24 | INF | CONTROLLER_EXEC | Acc= admin | IP=::1 | Path=ADS999002/ADS999002 | Message=GET /ADS999002/ADS999002
2026-04-22 09:34:24 | INF | ACTION_TRACE | Acc=admin | Path=/ADS999002/ADS999002 | IP=::1 | Start=2026-04-22 09:34:24.515 | Elapsed=4ms | Status=Completed
2026-04-22 09:34:24 | INF | CONTROLLER_EXEC | Acc= admin | IP=::1 | Path=ADS999002/GetAllRoleList | Message=POST /ADS999002/GetAllRoleList
2026-04-22 09:34:24 | INF | ACTION_TRACE | Acc=admin | Path=/ADS999002/GetAllRoleList | IP=::1 | Start=2026-04-22 09:34:24.562 | Elapsed=5ms | Status=Completed
2026-04-22 09:34:25 | INF | CONTROLLER_EXEC | Acc= admin | IP=::1 | Path=ADS999003/ADS999003 | Message=GET /ADS999003/ADS999003
2026-04-22 09:34:25 | INF | ACTION_TRACE | Acc=admin | Path=/ADS999003/ADS999003 | IP=::1 | Start=2026-04-22 09:34:25.248 | Elapsed=13ms | Status=Completed
2026-04-22 09:34:25 | INF | CONTROLLER_EXEC | Acc= admin | IP=::1 | Path=ADS999003/GetAllUserList | Message=POST /ADS999003/GetAllUserList
2026-04-22 09:34:25 | INF | ACTION_TRACE | Acc=admin | Path=/ADS999003/GetAllUserList | IP=::1 | Start=2026-04-22 09:34:25.311 | Elapsed=11ms | Status=Completed
2026-04-22 09:34:28 | INF | CONTROLLER_EXEC | Acc= admin | IP=::1 | Path=ADS999999/ADS999999 | Message=GET /ADS999999/ADS999999
2026-04-22 09:34:28 | INF | ACTION_TRACE | Acc=admin | Path=/ADS999999/ADS999999 | IP=::1 | Start=2026-04-22 09:34:28.740 | Elapsed=5ms | Status=Completed
2026-04-22 09:34:33 | INF | ACTION_TRACE | Acc=admin | Path=/.well-known/appspecific/com.chrome.devtools.json | IP=::1 | Start=2026-04-22 09:34:33.293 | Elapsed=0ms | Status=Completed
2026-04-22 09:34:35 | INF | CONTROLLER_EXEC | Acc= admin | IP=::1 | Path=ADS999002/ADS999002 | Message=GET /ADS999002/ADS999002
2026-04-22 09:34:35 | INF | ACTION_TRACE | Acc=admin | Path=/ADS999002/ADS999002 | IP=::1 | Start=2026-04-22 09:34:35.991 | Elapsed=3ms | Status=Completed
2026-04-22 09:34:36 | INF | CONTROLLER_EXEC | Acc= admin | IP=::1 | Path=ADS999002/GetAllRoleList | Message=POST /ADS999002/GetAllRoleList
2026-04-22 09:34:36 | INF | ACTION_TRACE | Acc=admin | Path=/ADS999002/GetAllRoleList | IP=::1 | Start=2026-04-22 09:34:36.014 | Elapsed=2ms | Status=Completed
2026-04-22 09:34:37 | INF | CONTROLLER_EXEC | Acc= admin | IP=::1 | Path=ADS999003/ADS999003 | Message=GET /ADS999003/ADS999003
2026-04-22 09:34:37 | INF | ACTION_TRACE | Acc=admin | Path=/ADS999003/ADS999003 | IP=::1 | Start=2026-04-22 09:34:37.369 | Elapsed=3ms | Status=Completed
2026-04-22 09:34:37 | INF | CONTROLLER_EXEC | Acc= admin | IP=::1 | Path=ADS999003/GetAllUserList | Message=POST /ADS999003/GetAllUserList
2026-04-22 09:34:37 | INF | ACTION_TRACE | Acc=admin | Path=/ADS999003/GetAllUserList | IP=::1 | Start=2026-04-22 09:34:37.392 | Elapsed=2ms | Status=Completed
2026-04-22 09:34:50 | INF | ACTION_TRACE | Acc=admin | Path=/AdminPortal/Home/Index | IP=::1 | Start=2026-04-22 09:34:50.008 | Elapsed=5ms | Status=Completed
2026-04-22 09:34:52 | INF | CONTROLLER_EXEC | Acc= admin | IP=::1 | Path=ADS999999/ADS999999 | Message=GET /ADS999999/ADS999999
2026-04-22 09:34:52 | INF | ACTION_TRACE | Acc=admin | Path=/ADS999999/ADS999999 | IP=::1 | Start=2026-04-22 09:34:52.079 | Elapsed=4ms | Status=Completed
2026-04-22 09:35:03 | INF | ACTION_TRACE | Acc=admin | Path=/ADS999001/ADS999001 | IP=::1 | Start=2026-04-22 09:35:03.643 | Elapsed=0ms | Status=Completed
2026-04-22 09:35:04 | INF | CONTROLLER_EXEC | Acc= admin | IP=::1 | Path=ADS999002/ADS999002 | Message=GET /ADS999002/ADS999002
2026-04-22 09:35:04 | INF | ACTION_TRACE | Acc=admin | Path=/ADS999002/ADS999002 | IP=::1 | Start=2026-04-22 09:35:04.580 | Elapsed=3ms | Status=Completed
2026-04-22 09:35:04 | INF | CONTROLLER_EXEC | Acc= admin | IP=::1 | Path=ADS999002/GetAllRoleList | Message=POST /ADS999002/GetAllRoleList
2026-04-22 09:35:04 | INF | ACTION_TRACE | Acc=admin | Path=/ADS999002/GetAllRoleList | IP=::1 | Start=2026-04-22 09:35:04.620 | Elapsed=3ms | Status=Completed
2026-04-22 09:35:05 | INF | CONTROLLER_EXEC | Acc= admin | IP=::1 | Path=ADS999003/ADS999003 | Message=GET /ADS999003/ADS999003
2026-04-22 09:35:05 | INF | ACTION_TRACE | Acc=admin | Path=/ADS999003/ADS999003 | IP=::1 | Start=2026-04-22 09:35:05.447 | Elapsed=5ms | Status=Completed
2026-04-22 09:35:05 | INF | CONTROLLER_EXEC | Acc= admin | IP=::1 | Path=ADS999003/GetAllUserList | Message=POST /ADS999003/GetAllUserList
2026-04-22 09:35:05 | INF | ACTION_TRACE | Acc=admin | Path=/ADS999003/GetAllUserList | IP=::1 | Start=2026-04-22 09:35:05.470 | Elapsed=3ms | Status=Completed
2026-04-22 09:35:07 | INF | CONTROLLER_EXEC | Acc= admin | IP=::1 | Path=ADS999999/ADS999999 | Message=GET /ADS999999/ADS999999
2026-04-22 09:35:07 | INF | ACTION_TRACE | Acc=admin | Path=/ADS999999/ADS999999 | IP=::1 | Start=2026-04-22 09:35:07.296 | Elapsed=5ms | Status=Completed
2026-04-22 09:35:10 | INF | ACTION_TRACE | Acc=admin | Path=/.well-known/appspecific/com.chrome.devtools.json | IP=::1 | Start=2026-04-22 09:35:10.042 | Elapsed=0ms | Status=Completed
2026-04-22 09:36:48 | INF | CONTROLLER_EXEC | Acc= admin | IP=::1 | Path=ADS999002/ADS999002 | Message=GET /ADS999002/ADS999002
2026-04-22 09:36:48 | INF | ACTION_TRACE | Acc=admin | Path=/ADS999002/ADS999002 | IP=::1 | Start=2026-04-22 09:36:48.936 | Elapsed=3ms | Status=Completed
2026-04-22 09:36:49 | INF | CONTROLLER_EXEC | Acc= admin | IP=::1 | Path=ADS999002/GetAllRoleList | Message=POST /ADS999002/GetAllRoleList
2026-04-22 09:36:49 | INF | ACTION_TRACE | Acc=admin | Path=/ADS999002/GetAllRoleList | IP=::1 | Start=2026-04-22 09:36:49.008 | Elapsed=2ms | Status=Completed
2026-04-22 09:37:12 | INF | CONTROLLER_EXEC | Acc= admin | IP=::1 | Path=ADS999003/ADS999003 | Message=GET /ADS999003/ADS999003
2026-04-22 09:37:12 | INF | ACTION_TRACE | Acc=admin | Path=/ADS999003/ADS999003 | IP=::1 | Start=2026-04-22 09:37:12.384 | Elapsed=9ms | Status=Completed
2026-04-22 09:37:12 | INF | CONTROLLER_EXEC | Acc= admin | IP=::1 | Path=ADS999003/GetAllUserList | Message=POST /ADS999003/GetAllUserList
2026-04-22 09:37:12 | INF | ACTION_TRACE | Acc=admin | Path=/ADS999003/GetAllUserList | IP=::1 | Start=2026-04-22 09:37:12.413 | Elapsed=5ms | Status=Completed
2026-04-22 09:38:56 | INF | ACTION_TRACE | Acc=admin | Path=/AdminPortal/Home/Index | IP=::1 | Start=2026-04-22 09:38:56.787 | Elapsed=28ms | Status=Completed
2026-04-22 09:40:24 | INF | ACTION_TRACE | Acc=admin | Path=/AdminPortal/Home/Index | IP=::1 | Start=2026-04-22 09:40:24.824 | Elapsed=27ms | Status=Completed
2026-04-22 09:40:43 | INF | ACTION_TRACE | Acc=admin | Path=/AdminPortal/Home/Index | IP=::1 | Start=2026-04-22 09:40:43.050 | Elapsed=5ms | Status=Completed
2026-04-22 09:40:46 | INF | ACTION_TRACE | Acc=admin | Path=/AdminPortal/Home/Index | IP=::1 | Start=2026-04-22 09:40:46.596 | Elapsed=5ms | Status=Completed
2026-04-22 09:40:51 | INF | CONTROLLER_EXEC | Acc= admin | IP=::1 | Path=ADS999003/ADS999003 | Message=GET /ADS999003/ADS999003
2026-04-22 09:40:51 | INF | ACTION_TRACE | Acc=admin | Path=/ADS999003/ADS999003 | IP=::1 | Start=2026-04-22 09:40:51.233 | Elapsed=32ms | Status=Completed
2026-04-22 09:40:51 | INF | CONTROLLER_EXEC | Acc= admin | IP=::1 | Path=ADS999003/GetAllUserList | Message=POST /ADS999003/GetAllUserList
2026-04-22 09:40:51 | INF | ACTION_TRACE | Acc=admin | Path=/ADS999003/GetAllUserList | IP=::1 | Start=2026-04-22 09:40:51.308 | Elapsed=14ms | Status=Completed
2026-04-22 09:41:18 | INF | ACTION_TRACE | Acc=admin | Path=/AdminPortal/Home/Index | IP=::1 | Start=2026-04-22 09:41:18.296 | Elapsed=27ms | Status=Completed
2026-04-22 09:41:23 | INF | CONTROLLER_EXEC | Acc= admin | IP=::1 | Path=ADS999003/ADS999003 | Message=GET /ADS999003/ADS999003
2026-04-22 09:41:23 | INF | ACTION_TRACE | Acc=admin | Path=/ADS999003/ADS999003 | IP=::1 | Start=2026-04-22 09:41:23.611 | Elapsed=31ms | Status=Completed
2026-04-22 09:41:23 | INF | CONTROLLER_EXEC | Acc= admin | IP=::1 | Path=ADS999003/GetAllUserList | Message=POST /ADS999003/GetAllUserList
2026-04-22 09:41:23 | INF | ACTION_TRACE | Acc=admin | Path=/ADS999003/GetAllUserList | IP=::1 | Start=2026-04-22 09:41:23.671 | Elapsed=14ms | Status=Completed
2026-04-22 09:42:39 | INF | ACTION_TRACE | Acc=admin | Path=/AdminPortal/Home/Index | IP=::1 | Start=2026-04-22 09:42:39.276 | Elapsed=29ms | Status=Completed
