2026-05-26 11:10:40 | INF | ACTION_TRACE | Acc=admin | Path=/Home/Index | IP=::1 | Start=2026-05-26 11:10:40.013 | Elapsed=358ms | Status=Completed
2026-05-26 11:10:50 | INF | ACTION_TRACE | Acc=admin | Path=/Home/GetMenu | IP=::1 | Start=2026-05-26 11:10:50.813 | Elapsed=34ms | Status=Completed
2026-05-26 11:10:57 | INF | ACTION_TRACE | Acc=admin | Path=/Home/GetMenu | IP=::1 | Start=2026-05-26 11:10:57.057 | Elapsed=43ms | Status=Completed
2026-05-26 11:11:01 | INF | ACTION_TRACE | Acc=admin | Path=/Home/GetMenu | IP=::1 | Start=2026-05-26 11:11:01.688 | Elapsed=36ms | Status=Completed
2026-05-26 11:11:04 | INF | CONTROLLER_EXEC | Acc= admin | IP=::1 | Path=ATT111001/ATT111001 | Message=GET /ATT111001/ATT111001
2026-05-26 11:11:04 | INF | ACTION_TRACE | Acc=admin | Path=/ATT111001/ATT111001 | IP=::1 | Start=2026-05-26 11:11:04.170 | Elapsed=140ms | Status=Completed
2026-05-26 11:11:04 | INF | CONTROLLER_EXEC | Acc= admin | IP=::1 | Path=ATT111001/GetList | Message=POST /ATT111001/GetList
2026-05-26 11:11:04 | INF | ACTION_TRACE | Acc=admin | Path=/ATT111001/GetList | IP=::1 | Start=2026-05-26 11:11:04.392 | Elapsed=149ms | Status=Completed
2026-05-26 11:11:04 | INF | CONTROLLER_EXEC | Acc= admin | IP=::1 | Path=ATT111001/GetList | Message=POST /ATT111001/GetList
2026-05-26 11:11:04 | INF | ACTION_TRACE | Acc=admin | Path=/ATT111001/GetList | IP=::1 | Start=2026-05-26 11:11:04.608 | Elapsed=11ms | Status=Completed
2026-05-26 11:11:09 | INF | CONTROLLER_EXEC | Acc= admin | IP=::1 | Path=ATT111001/GetList | Message=POST /ATT111001/GetList
2026-05-26 11:11:09 | INF | ACTION_TRACE | Acc=admin | Path=/ATT111001/GetList | IP=::1 | Start=2026-05-26 11:11:09.561 | Elapsed=48ms | Status=Completed
2026-05-26 11:11:09 | INF | CONTROLLER_EXEC | Acc= admin | IP=::1 | Path=ATT111001/GetList | Message=POST /ATT111001/GetList
2026-05-26 11:11:09 | INF | ACTION_TRACE | Acc=admin | Path=/ATT111001/GetList | IP=::1 | Start=2026-05-26 11:11:09.735 | Elapsed=10ms | Status=Completed
2026-05-26 11:11:09 | INF | CONTROLLER_EXEC | Acc= admin | IP=::1 | Path=ATT111001/GetList | Message=POST /ATT111001/GetList
2026-05-26 11:11:09 | INF | ACTION_TRACE | Acc=admin | Path=/ATT111001/GetList | IP=::1 | Start=2026-05-26 11:11:09.801 | Elapsed=7ms | Status=Completed
2026-05-26 11:11:10 | INF | CONTROLLER_EXEC | Acc= admin | IP=::1 | Path=ATT111001/GetList | Message=POST /ATT111001/GetList
2026-05-26 11:11:10 | INF | ACTION_TRACE | Acc=admin | Path=/ATT111001/GetList | IP=::1 | Start=2026-05-26 11:11:10.570 | Elapsed=18ms | Status=Completed
2026-05-26 11:11:12 | INF | CONTROLLER_EXEC | Acc= admin | IP=::1 | Path=ATT111001/GetList | Message=POST /ATT111001/GetList
2026-05-26 11:11:12 | INF | ACTION_TRACE | Acc=admin | Path=/ATT111001/GetList | IP=::1 | Start=2026-05-26 11:11:12.270 | Elapsed=10ms | Status=Completed
2026-05-26 11:11:13 | WRN | The query uses the 'First'/'FirstOrDefault' operator without 'OrderBy' and filter operators. This may lead to unpredictable results.
2026-05-26 11:11:13 | INF | CONTROLLER_EXEC | Acc= admin | IP=::1 | Path=ATT111001/GetByNo | Message=GET /ATT111001/GetByNo
2026-05-26 11:11:13 | INF | ACTION_TRACE | Acc=admin | Path=/ATT111001/GetByNo | IP=::1 | Start=2026-05-26 11:11:13.827 | Elapsed=54ms | Status=Completed
2026-05-26 11:12:57 | WRN | The query uses the 'First'/'FirstOrDefault' operator without 'OrderBy' and filter operators. This may lead to unpredictable results.
2026-05-26 11:12:58 | INF | CONTROLLER_EXEC | Acc= admin | IP=::1 | Path=ATT111001/Update | Message=POST /ATT111001/Update
2026-05-26 11:12:58 | INF | ACTION_TRACE | Acc=admin | Path=/ATT111001/Update | IP=::1 | Start=2026-05-26 11:12:57.616 | Elapsed=522ms | Status=Completed
2026-05-26 11:12:59 | INF | CONTROLLER_EXEC | Acc= admin | IP=::1 | Path=ATT111001/GetList | Message=POST /ATT111001/GetList
2026-05-26 11:12:59 | INF | ACTION_TRACE | Acc=admin | Path=/ATT111001/GetList | IP=::1 | Start=2026-05-26 11:12:59.329 | Elapsed=5ms | Status=Completed
2026-05-26 11:13:02 | INF | CONTROLLER_EXEC | Acc= admin | IP=::1 | Path=ATT111001/GetByNo | Message=GET /ATT111001/GetByNo
2026-05-26 11:13:02 | INF | ACTION_TRACE | Acc=admin | Path=/ATT111001/GetByNo | IP=::1 | Start=2026-05-26 11:13:02.370 | Elapsed=3ms | Status=Completed
2026-05-26 11:13:06 | INF | CONTROLLER_EXEC | Acc= admin | IP=::1 | Path=ATT111001/Update | Message=POST /ATT111001/Update
2026-05-26 11:13:06 | INF | ACTION_TRACE | Acc=admin | Path=/ATT111001/Update | IP=::1 | Start=2026-05-26 11:13:06.474 | Elapsed=29ms | Status=Completed
2026-05-26 11:13:07 | INF | CONTROLLER_EXEC | Acc= admin | IP=::1 | Path=ATT111001/GetList | Message=POST /ATT111001/GetList
2026-05-26 11:13:07 | INF | ACTION_TRACE | Acc=admin | Path=/ATT111001/GetList | IP=::1 | Start=2026-05-26 11:13:07.670 | Elapsed=7ms | Status=Completed
2026-05-26 14:07:17 | INF | ACTION_TRACE | Acc=admin | Path=/Home/Index | IP=::1 | Start=2026-05-26 14:07:17.010 | Elapsed=281ms | Status=Completed
2026-05-26 14:07:42 | INF | ACTION_TRACE | Acc=admin | Path=/Home/GetMenu | IP=::1 | Start=2026-05-26 14:07:42.855 | Elapsed=67ms | Status=Completed
2026-05-26 14:07:45 | INF | CONTROLLER_EXEC | Acc= admin | IP=::1 | Path=ATT111001/ATT111001 | Message=GET /ATT111001/ATT111001
2026-05-26 14:07:45 | INF | ACTION_TRACE | Acc=admin | Path=/ATT111001/ATT111001 | IP=::1 | Start=2026-05-26 14:07:45.580 | Elapsed=74ms | Status=Completed
2026-05-26 14:07:45 | INF | CONTROLLER_EXEC | Acc= admin | IP=::1 | Path=ATT111001/GetList | Message=POST /ATT111001/GetList
2026-05-26 14:07:45 | INF | ACTION_TRACE | Acc=admin | Path=/ATT111001/GetList | IP=::1 | Start=2026-05-26 14:07:45.774 | Elapsed=151ms | Status=Completed
2026-05-26 14:07:46 | INF | CONTROLLER_EXEC | Acc= admin | IP=::1 | Path=ATT111001/GetList | Message=POST /ATT111001/GetList
2026-05-26 14:07:46 | INF | ACTION_TRACE | Acc=admin | Path=/ATT111001/GetList | IP=::1 | Start=2026-05-26 14:07:45.991 | Elapsed=25ms | Status=Completed
2026-05-26 14:07:50 | INF | CONTROLLER_EXEC | Acc= admin | IP=::1 | Path=ATT111001/GetList | Message=POST /ATT111001/GetList
2026-05-26 14:07:50 | INF | ACTION_TRACE | Acc=admin | Path=/ATT111001/GetList | IP=::1 | Start=2026-05-26 14:07:50.685 | Elapsed=52ms | Status=Completed
2026-05-26 14:07:50 | INF | CONTROLLER_EXEC | Acc= admin | IP=::1 | Path=ATT111001/GetList | Message=POST /ATT111001/GetList
2026-05-26 14:07:50 | INF | ACTION_TRACE | Acc=admin | Path=/ATT111001/GetList | IP=::1 | Start=2026-05-26 14:07:50.843 | Elapsed=8ms | Status=Completed
2026-05-26 14:07:52 | INF | CONTROLLER_EXEC | Acc= admin | IP=::1 | Path=ATT111001/GetList | Message=POST /ATT111001/GetList
2026-05-26 14:07:52 | INF | ACTION_TRACE | Acc=admin | Path=/ATT111001/GetList | IP=::1 | Start=2026-05-26 14:07:52.691 | Elapsed=6ms | Status=Completed
2026-05-26 14:07:53 | WRN | The query uses the 'First'/'FirstOrDefault' operator without 'OrderBy' and filter operators. This may lead to unpredictable results.
2026-05-26 14:07:53 | INF | CONTROLLER_EXEC | Acc= admin | IP=::1 | Path=ATT111001/GetByNo | Message=GET /ATT111001/GetByNo
2026-05-26 14:07:53 | INF | ACTION_TRACE | Acc=admin | Path=/ATT111001/GetByNo | IP=::1 | Start=2026-05-26 14:07:53.726 | Elapsed=48ms | Status=Completed
2026-05-26 14:08:01 | INF | ACTION_TRACE | Acc=admin | Path=/.well-known/appspecific/com.chrome.devtools.json | IP=::1 | Start=2026-05-26 14:08:01.570 | Elapsed=2ms | Status=Completed
2026-05-26 14:08:01 | INF | ACTION_TRACE | Acc=admin | Path=/lib/html-to-image/html-to-image.js.map | IP=::1 | Start=2026-05-26 14:08:01.573 | Elapsed=0ms | Status=Completed
2026-05-26 14:08:10 | INF | ACTION_TRACE | Acc=admin | Path=/Home/Index | IP=::1 | Start=2026-05-26 14:08:10.188 | Elapsed=18ms | Status=Completed
2026-05-26 14:08:10 | INF | ACTION_TRACE | Acc=admin | Path=/.well-known/appspecific/com.chrome.devtools.json | IP=::1 | Start=2026-05-26 14:08:10.369 | Elapsed=0ms | Status=Completed
2026-05-26 14:08:10 | INF | ACTION_TRACE | Acc=admin | Path=/lib/html-to-image/html-to-image.js.map | IP=::1 | Start=2026-05-26 14:08:10.541 | Elapsed=0ms | Status=Completed
2026-05-26 14:08:12 | INF | ACTION_TRACE | Acc=admin | Path=/Home/GetMenu | IP=::1 | Start=2026-05-26 14:08:12.572 | Elapsed=8ms | Status=Completed
2026-05-26 14:08:14 | INF | CONTROLLER_EXEC | Acc= admin | IP=::1 | Path=ATT111001/ATT111001 | Message=GET /ATT111001/ATT111001
2026-05-26 14:08:14 | INF | ACTION_TRACE | Acc=admin | Path=/ATT111001/ATT111001 | IP=::1 | Start=2026-05-26 14:08:14.127 | Elapsed=5ms | Status=Completed
2026-05-26 14:08:14 | INF | CONTROLLER_EXEC | Acc= admin | IP=::1 | Path=ATT111001/GetList | Message=POST /ATT111001/GetList
2026-05-26 14:08:14 | INF | ACTION_TRACE | Acc=admin | Path=/ATT111001/GetList | IP=::1 | Start=2026-05-26 14:08:14.350 | Elapsed=10ms | Status=Completed
2026-05-26 14:08:14 | INF | CONTROLLER_EXEC | Acc= admin | IP=::1 | Path=ATT111001/GetList | Message=POST /ATT111001/GetList
2026-05-26 14:08:14 | INF | ACTION_TRACE | Acc=admin | Path=/ATT111001/GetList | IP=::1 | Start=2026-05-26 14:08:14.437 | Elapsed=7ms | Status=Completed
2026-05-26 14:08:17 | INF | CONTROLLER_EXEC | Acc= admin | IP=::1 | Path=ATT111001/GetList | Message=POST /ATT111001/GetList
2026-05-26 14:08:17 | INF | ACTION_TRACE | Acc=admin | Path=/ATT111001/GetList | IP=::1 | Start=2026-05-26 14:08:17.294 | Elapsed=8ms | Status=Completed
2026-05-26 14:08:17 | INF | CONTROLLER_EXEC | Acc= admin | IP=::1 | Path=ATT111001/GetList | Message=POST /ATT111001/GetList
2026-05-26 14:08:17 | INF | ACTION_TRACE | Acc=admin | Path=/ATT111001/GetList | IP=::1 | Start=2026-05-26 14:08:17.424 | Elapsed=11ms | Status=Completed
2026-05-26 14:08:17 | INF | CONTROLLER_EXEC | Acc= admin | IP=::1 | Path=ATT111001/GetList | Message=POST /ATT111001/GetList
2026-05-26 14:08:17 | INF | ACTION_TRACE | Acc=admin | Path=/ATT111001/GetList | IP=::1 | Start=2026-05-26 14:08:17.527 | Elapsed=8ms | Status=Completed
2026-05-26 14:08:17 | INF | CONTROLLER_EXEC | Acc= admin | IP=::1 | Path=ATT111001/GetList | Message=POST /ATT111001/GetList
2026-05-26 14:08:17 | INF | ACTION_TRACE | Acc=admin | Path=/ATT111001/GetList | IP=::1 | Start=2026-05-26 14:08:17.656 | Elapsed=5ms | Status=Completed
2026-05-26 14:08:20 | INF | CONTROLLER_EXEC | Acc= admin | IP=::1 | Path=ATT111001/GetByNo | Message=GET /ATT111001/GetByNo
2026-05-26 14:08:20 | INF | ACTION_TRACE | Acc=admin | Path=/ATT111001/GetByNo | IP=::1 | Start=2026-05-26 14:08:20.041 | Elapsed=3ms | Status=Completed
2026-05-26 14:09:24 | WRN | No store type was specified for the decimal property 'OveMoney' on entity type 'HROvertime'. This will cause values to be silently truncated if they do not fit in the default precision and scale. Explicitly specify the SQL server column type that can accommodate all the values in 'OnModelCreating' using 'HasColumnType', specify precision and scale using 'HasPrecision', or configure a value converter using 'HasConversion'.
2026-05-26 14:09:24 | WRN | No store type was specified for the decimal property 'Wag1D1Hour' on entity type 'HRWage'. This will cause values to be silently truncated if they do not fit in the default precision and scale. Explicitly specify the SQL server column type that can accommodate all the values in 'OnModelCreating' using 'HasColumnType', specify precision and scale using 'HasPrecision', or configure a value converter using 'HasConversion'.
2026-05-26 14:09:24 | WRN | No store type was specified for the decimal property 'Wag2D1Hour' on entity type 'HRWage'. This will cause values to be silently truncated if they do not fit in the default precision and scale. Explicitly specify the SQL server column type that can accommodate all the values in 'OnModelCreating' using 'HasColumnType', specify precision and scale using 'HasPrecision', or configure a value converter using 'HasConversion'.
2026-05-26 14:09:24 | WRN | No store type was specified for the decimal property 'Wag4D3Hour' on entity type 'HRWage'. This will cause values to be silently truncated if they do not fit in the default precision and scale. Explicitly specify the SQL server column type that can accommodate all the values in 'OnModelCreating' using 'HasColumnType', specify precision and scale using 'HasPrecision', or configure a value converter using 'HasConversion'.
2026-05-26 14:09:24 | WRN | No store type was specified for the decimal property 'Wag5D3Hour' on entity type 'HRWage'. This will cause values to be silently truncated if they do not fit in the default precision and scale. Explicitly specify the SQL server column type that can accommodate all the values in 'OnModelCreating' using 'HasColumnType', specify precision and scale using 'HasPrecision', or configure a value converter using 'HasConversion'.
2026-05-26 14:09:24 | WRN | No store type was specified for the decimal property 'Wag8D3Hour' on entity type 'HRWage'. This will cause values to be silently truncated if they do not fit in the default precision and scale. Explicitly specify the SQL server column type that can accommodate all the values in 'OnModelCreating' using 'HasColumnType', specify precision and scale using 'HasPrecision', or configure a value converter using 'HasConversion'.
2026-05-26 14:09:24 | WRN | No store type was specified for the decimal property 'WagApplyHour' on entity type 'HRWage'. This will cause values to be silently truncated if they do not fit in the default precision and scale. Explicitly specify the SQL server column type that can accommodate all the values in 'OnModelCreating' using 'HasColumnType', specify precision and scale using 'HasPrecision', or configure a value converter using 'HasConversion'.
2026-05-26 14:09:24 | WRN | No store type was specified for the decimal property 'WagIssueHour' on entity type 'HRWage'. This will cause values to be silently truncated if they do not fit in the default precision and scale. Explicitly specify the SQL server column type that can accommodate all the values in 'OnModelCreating' using 'HasColumnType', specify precision and scale using 'HasPrecision', or configure a value converter using 'HasConversion'.
2026-05-26 14:09:24 | WRN | No store type was specified for the decimal property 'WagSubtotal' on entity type 'HRWage'. This will cause values to be silently truncated if they do not fit in the default precision and scale. Explicitly specify the SQL server column type that can accommodate all the values in 'OnModelCreating' using 'HasColumnType', specify precision and scale using 'HasPrecision', or configure a value converter using 'HasConversion'.
2026-05-26 14:09:29 | WRN | The query uses the 'First'/'FirstOrDefault' operator without 'OrderBy' and filter operators. This may lead to unpredictable results.
2026-05-26 14:09:30 | INF | ACTION_TRACE | Acc=admin | Path=/ | IP=::1 | Start=2026-05-26 14:09:23.232 | Elapsed=7253ms | Status=Completed
2026-05-26 14:09:30 | INF | NETWORK_UNSTABLE | Acc=admin | Path=/ | Reason=SlowRequest 7253ms
2026-05-26 14:09:30 | INF | ACTION_TRACE | Acc=admin | Path=/Captcha/Generate | IP=::1 | Start=2026-05-26 14:09:30.733 | Elapsed=38ms | Status=Completed
2026-05-26 14:09:30 | INF | ACTION_TRACE | Acc=admin | Path=/DNTCaptchaImage/Show | IP=::1 | Start=2026-05-26 14:09:30.806 | Elapsed=128ms | Status=Completed
2026-05-26 14:09:58 | INF | ACTION_TRACE | Acc=admin | Path=/Account/Login | IP=::1 | Start=2026-05-26 14:09:51.812 | Elapsed=7137ms | Status=Completed
2026-05-26 14:09:58 | INF | NETWORK_UNSTABLE | Acc=admin | Path=/Account/Login | Reason=SlowRequest 7137ms
2026-05-26 14:09:59 | INF | ACTION_TRACE | Acc=admin | Path=/Home/Index | IP=::1 | Start=2026-05-26 14:09:58.967 | Elapsed=243ms | Status=Completed
2026-05-26 14:10:02 | INF | ACTION_TRACE | Acc=admin | Path=/Home/GetMenu | IP=::1 | Start=2026-05-26 14:10:02.548 | Elapsed=15ms | Status=Completed
2026-05-26 14:10:04 | INF | ACTION_TRACE | Acc=admin | Path=/Home/GetMenu | IP=::1 | Start=2026-05-26 14:10:04.457 | Elapsed=56ms | Status=Completed
2026-05-26 14:10:06 | INF | CONTROLLER_EXEC | Acc= admin | IP=::1 | Path=ATT111001/ATT111001 | Message=GET /ATT111001/ATT111001
2026-05-26 14:10:06 | INF | ACTION_TRACE | Acc=admin | Path=/ATT111001/ATT111001 | IP=::1 | Start=2026-05-26 14:10:06.609 | Elapsed=102ms | Status=Completed
2026-05-26 14:10:06 | INF | CONTROLLER_EXEC | Acc= admin | IP=::1 | Path=ATT111001/GetList | Message=POST /ATT111001/GetList
2026-05-26 14:10:06 | INF | ACTION_TRACE | Acc=admin | Path=/ATT111001/GetList | IP=::1 | Start=2026-05-26 14:10:06.765 | Elapsed=113ms | Status=Completed
2026-05-26 14:10:06 | INF | CONTROLLER_EXEC | Acc= admin | IP=::1 | Path=ATT111001/GetList | Message=POST /ATT111001/GetList
2026-05-26 14:10:06 | INF | ACTION_TRACE | Acc=admin | Path=/ATT111001/GetList | IP=::1 | Start=2026-05-26 14:10:06.931 | Elapsed=12ms | Status=Completed
2026-05-26 14:10:07 | INF | ACTION_TRACE | Acc=admin | Path=/.well-known/appspecific/com.chrome.devtools.json | IP=::1 | Start=2026-05-26 14:10:07.971 | Elapsed=0ms | Status=Completed
2026-05-26 14:10:08 | INF | ACTION_TRACE | Acc=admin | Path=/lib/html-to-image/html-to-image.js.map | IP=::1 | Start=2026-05-26 14:10:08.063 | Elapsed=0ms | Status=Completed
2026-05-26 14:10:12 | INF | CONTROLLER_EXEC | Acc= admin | IP=::1 | Path=ATT111001/GetList | Message=POST /ATT111001/GetList
2026-05-26 14:10:12 | INF | ACTION_TRACE | Acc=admin | Path=/ATT111001/GetList | IP=::1 | Start=2026-05-26 14:10:11.993 | Elapsed=25ms | Status=Completed
2026-05-26 14:10:13 | INF | CONTROLLER_EXEC | Acc= admin | IP=::1 | Path=ATT111001/GetList | Message=POST /ATT111001/GetList
2026-05-26 14:10:13 | INF | ACTION_TRACE | Acc=admin | Path=/ATT111001/GetList | IP=::1 | Start=2026-05-26 14:10:13.426 | Elapsed=50ms | Status=Completed
2026-05-26 14:10:13 | INF | CONTROLLER_EXEC | Acc= admin | IP=::1 | Path=ATT111001/GetList | Message=POST /ATT111001/GetList
2026-05-26 14:10:13 | INF | ACTION_TRACE | Acc=admin | Path=/ATT111001/GetList | IP=::1 | Start=2026-05-26 14:10:13.598 | Elapsed=8ms | Status=Completed
2026-05-26 14:10:15 | INF | CONTROLLER_EXEC | Acc= admin | IP=::1 | Path=ATT111001/GetList | Message=POST /ATT111001/GetList
2026-05-26 14:10:15 | INF | ACTION_TRACE | Acc=admin | Path=/ATT111001/GetList | IP=::1 | Start=2026-05-26 14:10:15.116 | Elapsed=9ms | Status=Completed
2026-05-26 14:10:16 | WRN | The query uses the 'First'/'FirstOrDefault' operator without 'OrderBy' and filter operators. This may lead to unpredictable results.
2026-05-26 14:10:16 | INF | CONTROLLER_EXEC | Acc= admin | IP=::1 | Path=ATT111001/GetByNo | Message=GET /ATT111001/GetByNo
2026-05-26 14:10:16 | INF | ACTION_TRACE | Acc=admin | Path=/ATT111001/GetByNo | IP=::1 | Start=2026-05-26 14:10:16.398 | Elapsed=48ms | Status=Completed
2026-05-26 14:10:18 | WRN | The query uses the 'First'/'FirstOrDefault' operator without 'OrderBy' and filter operators. This may lead to unpredictable results.
2026-05-26 14:10:18 | INF | CONTROLLER_EXEC | Acc= admin | IP=::1 | Path=ATT111001/Update | Message=POST /ATT111001/Update
2026-05-26 14:10:18 | INF | ACTION_TRACE | Acc=admin | Path=/ATT111001/Update | IP=::1 | Start=2026-05-26 14:10:18.330 | Elapsed=483ms | Status=Completed
2026-05-26 14:10:20 | INF | CONTROLLER_EXEC | Acc= admin | IP=::1 | Path=ATT111001/GetList | Message=POST /ATT111001/GetList
2026-05-26 14:10:20 | INF | ACTION_TRACE | Acc=admin | Path=/ATT111001/GetList | IP=::1 | Start=2026-05-26 14:10:20.669 | Elapsed=6ms | Status=Completed
2026-05-26 14:10:24 | INF | CONTROLLER_EXEC | Acc= admin | IP=::1 | Path=ATT111001/GetByNo | Message=GET /ATT111001/GetByNo
2026-05-26 14:10:24 | INF | ACTION_TRACE | Acc=admin | Path=/ATT111001/GetByNo | IP=::1 | Start=2026-05-26 14:10:24.565 | Elapsed=4ms | Status=Completed
2026-05-26 14:14:38 | WRN | No store type was specified for the decimal property 'OveMoney' on entity type 'HROvertime'. This will cause values to be silently truncated if they do not fit in the default precision and scale. Explicitly specify the SQL server column type that can accommodate all the values in 'OnModelCreating' using 'HasColumnType', specify precision and scale using 'HasPrecision', or configure a value converter using 'HasConversion'.
2026-05-26 14:14:38 | WRN | No store type was specified for the decimal property 'Wag1D1Hour' on entity type 'HRWage'. This will cause values to be silently truncated if they do not fit in the default precision and scale. Explicitly specify the SQL server column type that can accommodate all the values in 'OnModelCreating' using 'HasColumnType', specify precision and scale using 'HasPrecision', or configure a value converter using 'HasConversion'.
2026-05-26 14:14:38 | WRN | No store type was specified for the decimal property 'Wag2D1Hour' on entity type 'HRWage'. This will cause values to be silently truncated if they do not fit in the default precision and scale. Explicitly specify the SQL server column type that can accommodate all the values in 'OnModelCreating' using 'HasColumnType', specify precision and scale using 'HasPrecision', or configure a value converter using 'HasConversion'.
2026-05-26 14:14:38 | WRN | No store type was specified for the decimal property 'Wag4D3Hour' on entity type 'HRWage'. This will cause values to be silently truncated if they do not fit in the default precision and scale. Explicitly specify the SQL server column type that can accommodate all the values in 'OnModelCreating' using 'HasColumnType', specify precision and scale using 'HasPrecision', or configure a value converter using 'HasConversion'.
2026-05-26 14:14:38 | WRN | No store type was specified for the decimal property 'Wag5D3Hour' on entity type 'HRWage'. This will cause values to be silently truncated if they do not fit in the default precision and scale. Explicitly specify the SQL server column type that can accommodate all the values in 'OnModelCreating' using 'HasColumnType', specify precision and scale using 'HasPrecision', or configure a value converter using 'HasConversion'.
2026-05-26 14:14:38 | WRN | No store type was specified for the decimal property 'Wag8D3Hour' on entity type 'HRWage'. This will cause values to be silently truncated if they do not fit in the default precision and scale. Explicitly specify the SQL server column type that can accommodate all the values in 'OnModelCreating' using 'HasColumnType', specify precision and scale using 'HasPrecision', or configure a value converter using 'HasConversion'.
2026-05-26 14:14:38 | WRN | No store type was specified for the decimal property 'WagApplyHour' on entity type 'HRWage'. This will cause values to be silently truncated if they do not fit in the default precision and scale. Explicitly specify the SQL server column type that can accommodate all the values in 'OnModelCreating' using 'HasColumnType', specify precision and scale using 'HasPrecision', or configure a value converter using 'HasConversion'.
2026-05-26 14:14:38 | WRN | No store type was specified for the decimal property 'WagIssueHour' on entity type 'HRWage'. This will cause values to be silently truncated if they do not fit in the default precision and scale. Explicitly specify the SQL server column type that can accommodate all the values in 'OnModelCreating' using 'HasColumnType', specify precision and scale using 'HasPrecision', or configure a value converter using 'HasConversion'.
2026-05-26 14:14:38 | WRN | No store type was specified for the decimal property 'WagSubtotal' on entity type 'HRWage'. This will cause values to be silently truncated if they do not fit in the default precision and scale. Explicitly specify the SQL server column type that can accommodate all the values in 'OnModelCreating' using 'HasColumnType', specify precision and scale using 'HasPrecision', or configure a value converter using 'HasConversion'.
2026-05-26 14:14:43 | WRN | The query uses the 'First'/'FirstOrDefault' operator without 'OrderBy' and filter operators. This may lead to unpredictable results.
2026-05-26 14:14:44 | INF | ACTION_TRACE | Acc=admin | Path=/ | IP=::1 | Start=2026-05-26 14:14:37.725 | Elapsed=7011ms | Status=Completed
2026-05-26 14:14:44 | INF | NETWORK_UNSTABLE | Acc=admin | Path=/ | Reason=SlowRequest 7011ms
2026-05-26 14:14:45 | INF | ACTION_TRACE | Acc=admin | Path=/Captcha/Generate | IP=::1 | Start=2026-05-26 14:14:44.992 | Elapsed=47ms | Status=Completed
2026-05-26 14:14:45 | INF | ACTION_TRACE | Acc=admin | Path=/DNTCaptchaImage/Show | IP=::1 | Start=2026-05-26 14:14:45.054 | Elapsed=110ms | Status=Completed
2026-05-26 14:14:59 | INF | ACTION_TRACE | Acc=admin | Path=/Account/Login | IP=::1 | Start=2026-05-26 14:14:50.021 | Elapsed=9293ms | Status=Completed
2026-05-26 14:14:59 | INF | NETWORK_UNSTABLE | Acc=admin | Path=/Account/Login | Reason=SlowRequest 9293ms
2026-05-26 14:14:59 | INF | ACTION_TRACE | Acc=admin | Path=/Home/Index | IP=::1 | Start=2026-05-26 14:14:59.330 | Elapsed=239ms | Status=Completed
2026-05-26 14:15:02 | INF | ACTION_TRACE | Acc=admin | Path=/Home/GetMenu | IP=::1 | Start=2026-05-26 14:15:02.928 | Elapsed=16ms | Status=Completed
2026-05-26 14:15:05 | INF | CONTROLLER_EXEC | Acc= admin | IP=::1 | Path=ATT111001/ATT111001 | Message=GET /ATT111001/ATT111001
2026-05-26 14:15:05 | INF | ACTION_TRACE | Acc=admin | Path=/ATT111001/ATT111001 | IP=::1 | Start=2026-05-26 14:15:05.578 | Elapsed=71ms | Status=Completed
2026-05-26 14:15:05 | INF | CONTROLLER_EXEC | Acc= admin | IP=::1 | Path=ATT111001/GetList | Message=POST /ATT111001/GetList
2026-05-26 14:15:05 | INF | ACTION_TRACE | Acc=admin | Path=/ATT111001/GetList | IP=::1 | Start=2026-05-26 14:15:05.745 | Elapsed=100ms | Status=Completed
2026-05-26 14:15:05 | INF | CONTROLLER_EXEC | Acc= admin | IP=::1 | Path=ATT111001/GetList | Message=POST /ATT111001/GetList
2026-05-26 14:15:05 | INF | ACTION_TRACE | Acc=admin | Path=/ATT111001/GetList | IP=::1 | Start=2026-05-26 14:15:05.898 | Elapsed=9ms | Status=Completed
2026-05-26 14:15:12 | WRN | The query uses the 'First'/'FirstOrDefault' operator without 'OrderBy' and filter operators. This may lead to unpredictable results.
2026-05-26 14:15:12 | INF | CONTROLLER_EXEC | Acc= admin | IP=::1 | Path=ATT111001/GetByNo | Message=GET /ATT111001/GetByNo
2026-05-26 14:15:12 | INF | ACTION_TRACE | Acc=admin | Path=/ATT111001/GetByNo | IP=::1 | Start=2026-05-26 14:15:12.622 | Elapsed=49ms | Status=Completed
2026-05-26 14:15:16 | INF | CONTROLLER_EXEC | Acc= admin | IP=::1 | Path=ATT111001/GetList | Message=POST /ATT111001/GetList
2026-05-26 14:15:16 | INF | ACTION_TRACE | Acc=admin | Path=/ATT111001/GetList | IP=::1 | Start=2026-05-26 14:15:16.347 | Elapsed=66ms | Status=Completed
2026-05-26 14:15:16 | INF | CONTROLLER_EXEC | Acc= admin | IP=::1 | Path=ATT111001/GetList | Message=POST /ATT111001/GetList
2026-05-26 14:15:16 | INF | ACTION_TRACE | Acc=admin | Path=/ATT111001/GetList | IP=::1 | Start=2026-05-26 14:15:16.496 | Elapsed=8ms | Status=Completed
2026-05-26 14:15:16 | INF | CONTROLLER_EXEC | Acc= admin | IP=::1 | Path=ATT111001/GetList | Message=POST /ATT111001/GetList
2026-05-26 14:15:16 | INF | ACTION_TRACE | Acc=admin | Path=/ATT111001/GetList | IP=::1 | Start=2026-05-26 14:15:16.607 | Elapsed=7ms | Status=Completed
2026-05-26 14:15:16 | INF | CONTROLLER_EXEC | Acc= admin | IP=::1 | Path=ATT111001/GetList | Message=POST /ATT111001/GetList
2026-05-26 14:15:16 | INF | ACTION_TRACE | Acc=admin | Path=/ATT111001/GetList | IP=::1 | Start=2026-05-26 14:15:16.745 | Elapsed=5ms | Status=Completed
2026-05-26 14:15:18 | INF | CONTROLLER_EXEC | Acc= admin | IP=::1 | Path=ATT111001/GetByNo | Message=GET /ATT111001/GetByNo
2026-05-26 14:15:18 | INF | ACTION_TRACE | Acc=admin | Path=/ATT111001/GetByNo | IP=::1 | Start=2026-05-26 14:15:18.734 | Elapsed=3ms | Status=Completed
2026-05-26 14:15:20 | WRN | The query uses the 'First'/'FirstOrDefault' operator without 'OrderBy' and filter operators. This may lead to unpredictable results.
2026-05-26 14:15:21 | INF | CONTROLLER_EXEC | Acc= admin | IP=::1 | Path=ATT111001/Update | Message=POST /ATT111001/Update
2026-05-26 14:15:21 | INF | ACTION_TRACE | Acc=admin | Path=/ATT111001/Update | IP=::1 | Start=2026-05-26 14:15:20.745 | Elapsed=413ms | Status=Completed
2026-05-26 14:15:23 | INF | CONTROLLER_EXEC | Acc= admin | IP=::1 | Path=ATT111001/GetList | Message=POST /ATT111001/GetList
2026-05-26 14:15:23 | INF | ACTION_TRACE | Acc=admin | Path=/ATT111001/GetList | IP=::1 | Start=2026-05-26 14:15:23.480 | Elapsed=5ms | Status=Completed
2026-05-26 14:15:26 | INF | CONTROLLER_EXEC | Acc= admin | IP=::1 | Path=ATT111001/GetByNo | Message=GET /ATT111001/GetByNo
2026-05-26 14:15:26 | INF | ACTION_TRACE | Acc=admin | Path=/ATT111001/GetByNo | IP=::1 | Start=2026-05-26 14:15:26.128 | Elapsed=3ms | Status=Completed
2026-05-26 14:15:35 | INF | CONTROLLER_EXEC | Acc= admin | IP=::1 | Path=ATT111001/GetByNo | Message=GET /ATT111001/GetByNo
2026-05-26 14:15:35 | INF | ACTION_TRACE | Acc=admin | Path=/ATT111001/GetByNo | IP=::1 | Start=2026-05-26 14:15:35.777 | Elapsed=3ms | Status=Completed
2026-05-26 14:15:46 | INF | CONTROLLER_EXEC | Acc= admin | IP=::1 | Path=ATT111001/GetByNo | Message=GET /ATT111001/GetByNo
2026-05-26 14:15:46 | INF | ACTION_TRACE | Acc=admin | Path=/ATT111001/GetByNo | IP=::1 | Start=2026-05-26 14:15:46.048 | Elapsed=2ms | Status=Completed
2026-05-26 14:15:50 | INF | CONTROLLER_EXEC | Acc= admin | IP=::1 | Path=ATT111001/Update | Message=POST /ATT111001/Update
2026-05-26 14:15:50 | INF | ACTION_TRACE | Acc=admin | Path=/ATT111001/Update | IP=::1 | Start=2026-05-26 14:15:50.468 | Elapsed=18ms | Status=Completed
2026-05-26 14:15:51 | INF | CONTROLLER_EXEC | Acc= admin | IP=::1 | Path=ATT111001/GetList | Message=POST /ATT111001/GetList
2026-05-26 14:15:51 | INF | ACTION_TRACE | Acc=admin | Path=/ATT111001/GetList | IP=::1 | Start=2026-05-26 14:15:51.535 | Elapsed=5ms | Status=Completed
2026-05-26 14:15:52 | INF | CONTROLLER_EXEC | Acc= admin | IP=::1 | Path=ATT111001/GetByNo | Message=GET /ATT111001/GetByNo
2026-05-26 14:15:52 | INF | ACTION_TRACE | Acc=admin | Path=/ATT111001/GetByNo | IP=::1 | Start=2026-05-26 14:15:52.678 | Elapsed=3ms | Status=Completed
2026-05-26 14:16:02 | INF | CONTROLLER_EXEC | Acc= admin | IP=::1 | Path=ATT111001/Update | Message=POST /ATT111001/Update
2026-05-26 14:16:02 | INF | ACTION_TRACE | Acc=admin | Path=/ATT111001/Update | IP=::1 | Start=2026-05-26 14:16:02.207 | Elapsed=313ms | Status=Completed
2026-05-26 14:16:03 | INF | CONTROLLER_EXEC | Acc= admin | IP=::1 | Path=ATT111001/GetList | Message=POST /ATT111001/GetList
2026-05-26 14:16:03 | INF | ACTION_TRACE | Acc=admin | Path=/ATT111001/GetList | IP=::1 | Start=2026-05-26 14:16:03.649 | Elapsed=232ms | Status=Completed
2026-05-26 14:16:04 | INF | CONTROLLER_EXEC | Acc= admin | IP=::1 | Path=ATT111001/GetByNo | Message=GET /ATT111001/GetByNo
2026-05-26 14:16:04 | INF | ACTION_TRACE | Acc=admin | Path=/ATT111001/GetByNo | IP=::1 | Start=2026-05-26 14:16:04.763 | Elapsed=56ms | Status=Completed
