2026-06-12 15:30:11 | INF | ACTION_TRACE | Acc=admin | Path=/AdminPortal/Home/Index | IP=::1 | Start=2026-06-12 15:30:11.399 | Elapsed=214ms | Status=Completed
2026-06-12 15:31:22 | INF | ACTION_TRACE | Acc=admin | Path=/ADS999001/ADS999001 | IP=::1 | Start=2026-06-12 15:31:22.845 | Elapsed=0ms | Status=Completed
2026-06-12 15:32:14 | WRN | No store type was specified for the decimal property 'OveMoney' on entity type 'HROvertime'. This will cause values to be silently truncated if they do not fit in the default precision and scale. Explicitly specify the SQL server column type that can accommodate all the values in 'OnModelCreating' using 'HasColumnType', specify precision and scale using 'HasPrecision', or configure a value converter using 'HasConversion'.
2026-06-12 15:32:14 | WRN | No store type was specified for the decimal property 'Wag1D1Hour' on entity type 'HRWage'. This will cause values to be silently truncated if they do not fit in the default precision and scale. Explicitly specify the SQL server column type that can accommodate all the values in 'OnModelCreating' using 'HasColumnType', specify precision and scale using 'HasPrecision', or configure a value converter using 'HasConversion'.
2026-06-12 15:32:14 | WRN | No store type was specified for the decimal property 'Wag2D1Hour' on entity type 'HRWage'. This will cause values to be silently truncated if they do not fit in the default precision and scale. Explicitly specify the SQL server column type that can accommodate all the values in 'OnModelCreating' using 'HasColumnType', specify precision and scale using 'HasPrecision', or configure a value converter using 'HasConversion'.
2026-06-12 15:32:14 | WRN | No store type was specified for the decimal property 'Wag4D3Hour' on entity type 'HRWage'. This will cause values to be silently truncated if they do not fit in the default precision and scale. Explicitly specify the SQL server column type that can accommodate all the values in 'OnModelCreating' using 'HasColumnType', specify precision and scale using 'HasPrecision', or configure a value converter using 'HasConversion'.
2026-06-12 15:32:14 | WRN | No store type was specified for the decimal property 'Wag5D3Hour' on entity type 'HRWage'. This will cause values to be silently truncated if they do not fit in the default precision and scale. Explicitly specify the SQL server column type that can accommodate all the values in 'OnModelCreating' using 'HasColumnType', specify precision and scale using 'HasPrecision', or configure a value converter using 'HasConversion'.
2026-06-12 15:32:14 | WRN | No store type was specified for the decimal property 'Wag8D3Hour' on entity type 'HRWage'. This will cause values to be silently truncated if they do not fit in the default precision and scale. Explicitly specify the SQL server column type that can accommodate all the values in 'OnModelCreating' using 'HasColumnType', specify precision and scale using 'HasPrecision', or configure a value converter using 'HasConversion'.
2026-06-12 15:32:14 | WRN | No store type was specified for the decimal property 'WagApplyHour' on entity type 'HRWage'. This will cause values to be silently truncated if they do not fit in the default precision and scale. Explicitly specify the SQL server column type that can accommodate all the values in 'OnModelCreating' using 'HasColumnType', specify precision and scale using 'HasPrecision', or configure a value converter using 'HasConversion'.
2026-06-12 15:32:14 | WRN | No store type was specified for the decimal property 'WagIssueHour' on entity type 'HRWage'. This will cause values to be silently truncated if they do not fit in the default precision and scale. Explicitly specify the SQL server column type that can accommodate all the values in 'OnModelCreating' using 'HasColumnType', specify precision and scale using 'HasPrecision', or configure a value converter using 'HasConversion'.
2026-06-12 15:32:14 | WRN | No store type was specified for the decimal property 'WagSubtotal' on entity type 'HRWage'. This will cause values to be silently truncated if they do not fit in the default precision and scale. Explicitly specify the SQL server column type that can accommodate all the values in 'OnModelCreating' using 'HasColumnType', specify precision and scale using 'HasPrecision', or configure a value converter using 'HasConversion'.
2026-06-12 15:32:20 | WRN | The query uses the 'First'/'FirstOrDefault' operator without 'OrderBy' and filter operators. This may lead to unpredictable results.
2026-06-12 15:32:21 | INF | ACTION_TRACE | Acc=admin | Path=/ | IP=::1 | Start=2026-06-12 15:32:13.731 | Elapsed=7581ms | Status=Completed
2026-06-12 15:32:21 | INF | NETWORK_UNSTABLE | Acc=admin | Path=/ | Reason=SlowRequest 7581ms
2026-06-12 15:32:21 | INF | ACTION_TRACE | Acc=admin | Path=/Captcha/Generate | IP=::1 | Start=2026-06-12 15:32:21.540 | Elapsed=45ms | Status=Completed
2026-06-12 15:32:21 | INF | ACTION_TRACE | Acc=admin | Path=/DNTCaptchaImage/Show | IP=::1 | Start=2026-06-12 15:32:21.612 | Elapsed=151ms | Status=Completed
2026-06-12 15:41:15 | WRN | No store type was specified for the decimal property 'OveMoney' on entity type 'HROvertime'. This will cause values to be silently truncated if they do not fit in the default precision and scale. Explicitly specify the SQL server column type that can accommodate all the values in 'OnModelCreating' using 'HasColumnType', specify precision and scale using 'HasPrecision', or configure a value converter using 'HasConversion'.
2026-06-12 15:41:15 | WRN | No store type was specified for the decimal property 'Wag1D1Hour' on entity type 'HRWage'. This will cause values to be silently truncated if they do not fit in the default precision and scale. Explicitly specify the SQL server column type that can accommodate all the values in 'OnModelCreating' using 'HasColumnType', specify precision and scale using 'HasPrecision', or configure a value converter using 'HasConversion'.
2026-06-12 15:41:15 | WRN | No store type was specified for the decimal property 'Wag2D1Hour' on entity type 'HRWage'. This will cause values to be silently truncated if they do not fit in the default precision and scale. Explicitly specify the SQL server column type that can accommodate all the values in 'OnModelCreating' using 'HasColumnType', specify precision and scale using 'HasPrecision', or configure a value converter using 'HasConversion'.
2026-06-12 15:41:15 | WRN | No store type was specified for the decimal property 'Wag4D3Hour' on entity type 'HRWage'. This will cause values to be silently truncated if they do not fit in the default precision and scale. Explicitly specify the SQL server column type that can accommodate all the values in 'OnModelCreating' using 'HasColumnType', specify precision and scale using 'HasPrecision', or configure a value converter using 'HasConversion'.
2026-06-12 15:41:15 | WRN | No store type was specified for the decimal property 'Wag5D3Hour' on entity type 'HRWage'. This will cause values to be silently truncated if they do not fit in the default precision and scale. Explicitly specify the SQL server column type that can accommodate all the values in 'OnModelCreating' using 'HasColumnType', specify precision and scale using 'HasPrecision', or configure a value converter using 'HasConversion'.
2026-06-12 15:41:15 | WRN | No store type was specified for the decimal property 'Wag8D3Hour' on entity type 'HRWage'. This will cause values to be silently truncated if they do not fit in the default precision and scale. Explicitly specify the SQL server column type that can accommodate all the values in 'OnModelCreating' using 'HasColumnType', specify precision and scale using 'HasPrecision', or configure a value converter using 'HasConversion'.
2026-06-12 15:41:15 | WRN | No store type was specified for the decimal property 'WagApplyHour' on entity type 'HRWage'. This will cause values to be silently truncated if they do not fit in the default precision and scale. Explicitly specify the SQL server column type that can accommodate all the values in 'OnModelCreating' using 'HasColumnType', specify precision and scale using 'HasPrecision', or configure a value converter using 'HasConversion'.
2026-06-12 15:41:15 | WRN | No store type was specified for the decimal property 'WagIssueHour' on entity type 'HRWage'. This will cause values to be silently truncated if they do not fit in the default precision and scale. Explicitly specify the SQL server column type that can accommodate all the values in 'OnModelCreating' using 'HasColumnType', specify precision and scale using 'HasPrecision', or configure a value converter using 'HasConversion'.
2026-06-12 15:41:15 | WRN | No store type was specified for the decimal property 'WagSubtotal' on entity type 'HRWage'. This will cause values to be silently truncated if they do not fit in the default precision and scale. Explicitly specify the SQL server column type that can accommodate all the values in 'OnModelCreating' using 'HasColumnType', specify precision and scale using 'HasPrecision', or configure a value converter using 'HasConversion'.
2026-06-12 15:41:21 | WRN | The query uses the 'First'/'FirstOrDefault' operator without 'OrderBy' and filter operators. This may lead to unpredictable results.
2026-06-12 15:41:22 | INF | ACTION_TRACE | Acc=admin | Path=/ | IP=::1 | Start=2026-06-12 15:41:14.693 | Elapsed=7576ms | Status=Completed
2026-06-12 15:41:22 | INF | NETWORK_UNSTABLE | Acc=admin | Path=/ | Reason=SlowRequest 7576ms
2026-06-12 15:41:22 | INF | ACTION_TRACE | Acc=admin | Path=/Captcha/Generate | IP=::1 | Start=2026-06-12 15:41:22.506 | Elapsed=43ms | Status=Completed
2026-06-12 15:41:22 | INF | ACTION_TRACE | Acc=admin | Path=/DNTCaptchaImage/Show | IP=::1 | Start=2026-06-12 15:41:22.592 | Elapsed=194ms | Status=Completed
2026-06-12 15:41:36 | INF | ACTION_TRACE | Acc=admin | Path=/Account/Login | IP=::1 | Start=2026-06-12 15:41:26.497 | Elapsed=9503ms | Status=Completed
2026-06-12 15:41:36 | INF | NETWORK_UNSTABLE | Acc=admin | Path=/Account/Login | Reason=SlowRequest 9503ms
2026-06-12 15:41:36 | INF | ACTION_TRACE | Acc=admin | Path=/Home/Index | IP=::1 | Start=2026-06-12 15:41:36.032 | Elapsed=289ms | Status=Completed
2026-06-12 15:41:43 | INF | ACTION_TRACE | Acc=admin | Path=/Home/GetMenu | IP=::1 | Start=2026-06-12 15:41:43.631 | Elapsed=57ms | Status=Completed
2026-06-12 15:41:49 | INF | ACTION_TRACE | Acc=admin | Path=/Account/Logout | IP=::1 | Start=2026-06-12 15:41:49.357 | Elapsed=14ms | Status=Completed
2026-06-12 15:41:58 | INF | ACTION_TRACE | Acc=admin | Path=/AdminPortal/Home/Index | IP=::1 | Start=2026-06-12 15:41:58.768 | Elapsed=89ms | Status=Completed
2026-06-12 15:42:02 | INF | ACTION_TRACE | Acc=admin | Path=/ADS999001/ADS999001 | IP=::1 | Start=2026-06-12 15:42:02.333 | Elapsed=0ms | Status=Completed
2026-06-12 15:42:05 | INF | ACTION_TRACE | Acc=admin | Path=/AdminPortal/Account/Login | IP=::1 | Start=2026-06-12 15:42:05.336 | Elapsed=1ms | Status=Completed
2026-06-12 15:42:05 | INF | ACTION_TRACE | Acc=admin | Path=/Captcha/Generate | IP=::1 | Start=2026-06-12 15:42:05.439 | Elapsed=1ms | Status=Completed
2026-06-12 15:42:05 | INF | ACTION_TRACE | Acc=admin | Path=/DNTCaptchaImage/Show | IP=::1 | Start=2026-06-12 15:42:05.448 | Elapsed=37ms | Status=Completed
2026-06-12 15:42:09 | INF | ACTION_TRACE | Acc=admin | Path=/ | IP=::1 | Start=2026-06-12 15:42:07.425 | Elapsed=1952ms | Status=Completed
2026-06-12 15:42:09 | INF | ACTION_TRACE | Acc=admin | Path=/Captcha/Generate | IP=::1 | Start=2026-06-12 15:42:09.756 | Elapsed=1ms | Status=Completed
2026-06-12 15:42:09 | INF | ACTION_TRACE | Acc=admin | Path=/DNTCaptchaImage/Show | IP=::1 | Start=2026-06-12 15:42:09.769 | Elapsed=10ms | Status=Completed
2026-06-12 15:42:56 | INF | ACTION_TRACE | Acc=admin | Path=/ | IP=::1 | Start=2026-06-12 15:42:52.547 | Elapsed=3747ms | Status=Completed
2026-06-12 15:42:56 | INF | NETWORK_UNSTABLE | Acc=admin | Path=/ | Reason=SlowRequest 3747ms
2026-06-12 15:42:56 | INF | ACTION_TRACE | Acc=admin | Path=/Captcha/Generate | IP=::1 | Start=2026-06-12 15:42:56.385 | Elapsed=17ms | Status=Completed
2026-06-12 15:42:56 | INF | ACTION_TRACE | Acc=admin | Path=/DNTCaptchaImage/Show | IP=::1 | Start=2026-06-12 15:42:56.418 | Elapsed=10ms | Status=Completed
2026-06-12 16:29:26 | WRN | No store type was specified for the decimal property 'OveMoney' on entity type 'HROvertime'. This will cause values to be silently truncated if they do not fit in the default precision and scale. Explicitly specify the SQL server column type that can accommodate all the values in 'OnModelCreating' using 'HasColumnType', specify precision and scale using 'HasPrecision', or configure a value converter using 'HasConversion'.
2026-06-12 16:29:26 | WRN | No store type was specified for the decimal property 'Wag1D1Hour' on entity type 'HRWage'. This will cause values to be silently truncated if they do not fit in the default precision and scale. Explicitly specify the SQL server column type that can accommodate all the values in 'OnModelCreating' using 'HasColumnType', specify precision and scale using 'HasPrecision', or configure a value converter using 'HasConversion'.
2026-06-12 16:29:26 | WRN | No store type was specified for the decimal property 'Wag2D1Hour' on entity type 'HRWage'. This will cause values to be silently truncated if they do not fit in the default precision and scale. Explicitly specify the SQL server column type that can accommodate all the values in 'OnModelCreating' using 'HasColumnType', specify precision and scale using 'HasPrecision', or configure a value converter using 'HasConversion'.
2026-06-12 16:29:26 | WRN | No store type was specified for the decimal property 'Wag4D3Hour' on entity type 'HRWage'. This will cause values to be silently truncated if they do not fit in the default precision and scale. Explicitly specify the SQL server column type that can accommodate all the values in 'OnModelCreating' using 'HasColumnType', specify precision and scale using 'HasPrecision', or configure a value converter using 'HasConversion'.
2026-06-12 16:29:26 | WRN | No store type was specified for the decimal property 'Wag5D3Hour' on entity type 'HRWage'. This will cause values to be silently truncated if they do not fit in the default precision and scale. Explicitly specify the SQL server column type that can accommodate all the values in 'OnModelCreating' using 'HasColumnType', specify precision and scale using 'HasPrecision', or configure a value converter using 'HasConversion'.
2026-06-12 16:29:26 | WRN | No store type was specified for the decimal property 'Wag8D3Hour' on entity type 'HRWage'. This will cause values to be silently truncated if they do not fit in the default precision and scale. Explicitly specify the SQL server column type that can accommodate all the values in 'OnModelCreating' using 'HasColumnType', specify precision and scale using 'HasPrecision', or configure a value converter using 'HasConversion'.
2026-06-12 16:29:26 | WRN | No store type was specified for the decimal property 'WagApplyHour' on entity type 'HRWage'. This will cause values to be silently truncated if they do not fit in the default precision and scale. Explicitly specify the SQL server column type that can accommodate all the values in 'OnModelCreating' using 'HasColumnType', specify precision and scale using 'HasPrecision', or configure a value converter using 'HasConversion'.
2026-06-12 16:29:26 | WRN | No store type was specified for the decimal property 'WagIssueHour' on entity type 'HRWage'. This will cause values to be silently truncated if they do not fit in the default precision and scale. Explicitly specify the SQL server column type that can accommodate all the values in 'OnModelCreating' using 'HasColumnType', specify precision and scale using 'HasPrecision', or configure a value converter using 'HasConversion'.
2026-06-12 16:29:26 | WRN | No store type was specified for the decimal property 'WagSubtotal' on entity type 'HRWage'. This will cause values to be silently truncated if they do not fit in the default precision and scale. Explicitly specify the SQL server column type that can accommodate all the values in 'OnModelCreating' using 'HasColumnType', specify precision and scale using 'HasPrecision', or configure a value converter using 'HasConversion'.
2026-06-12 16:29:31 | WRN | The query uses the 'First'/'FirstOrDefault' operator without 'OrderBy' and filter operators. This may lead to unpredictable results.
2026-06-12 16:29:32 | INF | ACTION_TRACE | Acc=admin | Path=/ | IP=::1 | Start=2026-06-12 16:29:24.866 | Elapsed=7671ms | Status=Completed
2026-06-12 16:29:32 | INF | NETWORK_UNSTABLE | Acc=admin | Path=/ | Reason=SlowRequest 7671ms
2026-06-12 16:29:32 | INF | ACTION_TRACE | Acc=admin | Path=/Captcha/Generate | IP=::1 | Start=2026-06-12 16:29:32.761 | Elapsed=42ms | Status=Completed
2026-06-12 16:29:32 | INF | ACTION_TRACE | Acc=admin | Path=/DNTCaptchaImage/Show | IP=::1 | Start=2026-06-12 16:29:32.847 | Elapsed=146ms | Status=Completed
2026-06-12 16:30:06 | INF | ACTION_TRACE | Acc=admin | Path=/AdminPortal/Account/Login | IP=::1 | Start=2026-06-12 16:30:06.475 | Elapsed=106ms | Status=Completed
2026-06-12 16:30:06 | INF | ACTION_TRACE | Acc=admin | Path=/Captcha/Generate | IP=::1 | Start=2026-06-12 16:30:06.714 | Elapsed=5ms | Status=Completed
2026-06-12 16:30:06 | INF | ACTION_TRACE | Acc=admin | Path=/DNTCaptchaImage/Show | IP=::1 | Start=2026-06-12 16:30:06.727 | Elapsed=22ms | Status=Completed
2026-06-12 16:30:11 | WRN | The query uses the 'First'/'FirstOrDefault' operator without 'OrderBy' and filter operators. This may lead to unpredictable results.
2026-06-12 16:30:11 | WRN | The query uses the 'First'/'FirstOrDefault' operator without 'OrderBy' and filter operators. This may lead to unpredictable results.
2026-06-12 16:30:16 | INF | ACTION_TRACE | Acc=admin | Path=/AdminPortal/Account/Login | IP=::1 | Start=2026-06-12 16:30:09.705 | Elapsed=6616ms | Status=Completed
2026-06-12 16:30:16 | INF | NETWORK_UNSTABLE | Acc=admin | Path=/AdminPortal/Account/Login | Reason=SlowRequest 6616ms
2026-06-12 16:30:16 | INF | ACTION_TRACE | Acc=admin | Path=/AdminPortal/Home/Index | IP=::1 | Start=2026-06-12 16:30:16.338 | Elapsed=187ms | Status=Completed
2026-06-12 16:30:19 | INF | CONTROLLER_EXEC | Acc= admin | IP=::1 | Path=ADS999001/ADS999001 | Message=GET /ADS999001/ADS999001
2026-06-12 16:30:19 | INF | ACTION_TRACE | Acc=admin | Path=/ADS999001/ADS999001 | IP=::1 | Start=2026-06-12 16:30:19.764 | Elapsed=87ms | Status=Completed
2026-06-12 16:30:20 | INF | CONTROLLER_EXEC | Acc= admin | IP=::1 | Path=ADS999001/GetAnnouncementData | Message=POST /ADS999001/GetAnnouncementData
2026-06-12 16:30:20 | INF | ACTION_TRACE | Acc=admin | Path=/ADS999001/GetAnnouncementData | IP=::1 | Start=2026-06-12 16:30:20.062 | Elapsed=165ms | Status=Completed
2026-06-12 16:30:20 | INF | CONTROLLER_EXEC | Acc= admin | IP=::1 | Path=ADS999001/GetAnnouncementData | Message=POST /ADS999001/GetAnnouncementData
2026-06-12 16:30:20 | INF | ACTION_TRACE | Acc=admin | Path=/ADS999001/GetAnnouncementData | IP=::1 | Start=2026-06-12 16:30:20.263 | Elapsed=9ms | Status=Completed
2026-06-12 16:30:24 | INF | CONTROLLER_EXEC | Acc= admin | IP=::1 | Path=ADS999002/ADS999002 | Message=GET /ADS999002/ADS999002
2026-06-12 16:30:24 | INF | ACTION_TRACE | Acc=admin | Path=/ADS999002/ADS999002 | IP=::1 | Start=2026-06-12 16:30:24.862 | Elapsed=57ms | Status=Completed
2026-06-12 16:30:25 | INF | CONTROLLER_EXEC | Acc= admin | IP=::1 | Path=ADS999002/GetAllRoleList | Message=POST /ADS999002/GetAllRoleList
2026-06-12 16:30:25 | INF | ACTION_TRACE | Acc=admin | Path=/ADS999002/GetAllRoleList | IP=::1 | Start=2026-06-12 16:30:24.988 | Elapsed=71ms | Status=Completed
2026-06-12 16:30:25 | INF | CONTROLLER_EXEC | Acc= admin | IP=::1 | Path=ADS999001/ADS999001 | Message=GET /ADS999001/ADS999001
2026-06-12 16:30:26 | INF | ACTION_TRACE | Acc=admin | Path=/ADS999001/ADS999001 | IP=::1 | Start=2026-06-12 16:30:25.995 | Elapsed=5ms | Status=Completed
2026-06-12 16:30:26 | INF | CONTROLLER_EXEC | Acc= admin | IP=::1 | Path=ADS999001/GetAnnouncementData | Message=POST /ADS999001/GetAnnouncementData
2026-06-12 16:30:26 | INF | ACTION_TRACE | Acc=admin | Path=/ADS999001/GetAnnouncementData | IP=::1 | Start=2026-06-12 16:30:26.026 | Elapsed=8ms | Status=Completed
2026-06-12 16:30:26 | INF | CONTROLLER_EXEC | Acc= admin | IP=::1 | Path=ADS999001/GetAnnouncementData | Message=POST /ADS999001/GetAnnouncementData
2026-06-12 16:30:26 | INF | ACTION_TRACE | Acc=admin | Path=/ADS999001/GetAnnouncementData | IP=::1 | Start=2026-06-12 16:30:26.052 | Elapsed=13ms | Status=Completed
2026-06-12 16:33:12 | INF | CONTROLLER_EXEC | Acc= admin | IP=::1 | Path=ADS999001/GetAnnouncementData | Message=POST /ADS999001/GetAnnouncementData
2026-06-12 16:33:12 | INF | ACTION_TRACE | Acc=admin | Path=/ADS999001/GetAnnouncementData | IP=::1 | Start=2026-06-12 16:33:12.835 | Elapsed=48ms | Status=Completed
2026-06-12 16:33:16 | INF | CONTROLLER_EXEC | Acc= admin | IP=::1 | Path=ADS999001/GetAnnouncementData | Message=POST /ADS999001/GetAnnouncementData
2026-06-12 16:33:16 | INF | ACTION_TRACE | Acc=admin | Path=/ADS999001/GetAnnouncementData | IP=::1 | Start=2026-06-12 16:33:16.628 | Elapsed=8ms | Status=Completed
2026-06-12 16:33:16 | INF | ACTION_TRACE | Acc=admin | Path=/.well-known/appspecific/com.chrome.devtools.json | IP=::1 | Start=2026-06-12 16:33:16.841 | Elapsed=0ms | Status=Completed
2026-06-12 16:33:33 | INF | CONTROLLER_EXEC | Acc= admin | IP=::1 | Path=ADS999001/GetAnnouncementData | Message=POST /ADS999001/GetAnnouncementData
2026-06-12 16:33:33 | INF | ACTION_TRACE | Acc=admin | Path=/ADS999001/GetAnnouncementData | IP=::1 | Start=2026-06-12 16:33:33.744 | Elapsed=7ms | Status=Completed
2026-06-12 16:47:54 | WRN | No store type was specified for the decimal property 'OveMoney' on entity type 'HROvertime'. This will cause values to be silently truncated if they do not fit in the default precision and scale. Explicitly specify the SQL server column type that can accommodate all the values in 'OnModelCreating' using 'HasColumnType', specify precision and scale using 'HasPrecision', or configure a value converter using 'HasConversion'.
2026-06-12 16:47:54 | WRN | No store type was specified for the decimal property 'Wag1D1Hour' on entity type 'HRWage'. This will cause values to be silently truncated if they do not fit in the default precision and scale. Explicitly specify the SQL server column type that can accommodate all the values in 'OnModelCreating' using 'HasColumnType', specify precision and scale using 'HasPrecision', or configure a value converter using 'HasConversion'.
2026-06-12 16:47:54 | WRN | No store type was specified for the decimal property 'Wag2D1Hour' on entity type 'HRWage'. This will cause values to be silently truncated if they do not fit in the default precision and scale. Explicitly specify the SQL server column type that can accommodate all the values in 'OnModelCreating' using 'HasColumnType', specify precision and scale using 'HasPrecision', or configure a value converter using 'HasConversion'.
2026-06-12 16:47:54 | WRN | No store type was specified for the decimal property 'Wag4D3Hour' on entity type 'HRWage'. This will cause values to be silently truncated if they do not fit in the default precision and scale. Explicitly specify the SQL server column type that can accommodate all the values in 'OnModelCreating' using 'HasColumnType', specify precision and scale using 'HasPrecision', or configure a value converter using 'HasConversion'.
2026-06-12 16:47:54 | WRN | No store type was specified for the decimal property 'Wag5D3Hour' on entity type 'HRWage'. This will cause values to be silently truncated if they do not fit in the default precision and scale. Explicitly specify the SQL server column type that can accommodate all the values in 'OnModelCreating' using 'HasColumnType', specify precision and scale using 'HasPrecision', or configure a value converter using 'HasConversion'.
2026-06-12 16:47:54 | WRN | No store type was specified for the decimal property 'Wag8D3Hour' on entity type 'HRWage'. This will cause values to be silently truncated if they do not fit in the default precision and scale. Explicitly specify the SQL server column type that can accommodate all the values in 'OnModelCreating' using 'HasColumnType', specify precision and scale using 'HasPrecision', or configure a value converter using 'HasConversion'.
2026-06-12 16:47:54 | WRN | No store type was specified for the decimal property 'WagApplyHour' on entity type 'HRWage'. This will cause values to be silently truncated if they do not fit in the default precision and scale. Explicitly specify the SQL server column type that can accommodate all the values in 'OnModelCreating' using 'HasColumnType', specify precision and scale using 'HasPrecision', or configure a value converter using 'HasConversion'.
2026-06-12 16:47:54 | WRN | No store type was specified for the decimal property 'WagIssueHour' on entity type 'HRWage'. This will cause values to be silently truncated if they do not fit in the default precision and scale. Explicitly specify the SQL server column type that can accommodate all the values in 'OnModelCreating' using 'HasColumnType', specify precision and scale using 'HasPrecision', or configure a value converter using 'HasConversion'.
2026-06-12 16:47:54 | WRN | No store type was specified for the decimal property 'WagSubtotal' on entity type 'HRWage'. This will cause values to be silently truncated if they do not fit in the default precision and scale. Explicitly specify the SQL server column type that can accommodate all the values in 'OnModelCreating' using 'HasColumnType', specify precision and scale using 'HasPrecision', or configure a value converter using 'HasConversion'.
2026-06-12 16:48:00 | WRN | The query uses the 'First'/'FirstOrDefault' operator without 'OrderBy' and filter operators. This may lead to unpredictable results.
2026-06-12 16:48:01 | INF | ACTION_TRACE | Acc=admin | Path=/ | IP=::1 | Start=2026-06-12 16:47:53.640 | Elapsed=7757ms | Status=Completed
2026-06-12 16:48:01 | INF | NETWORK_UNSTABLE | Acc=admin | Path=/ | Reason=SlowRequest 7757ms
2026-06-12 16:48:01 | INF | ACTION_TRACE | Acc=admin | Path=/Captcha/Generate | IP=::1 | Start=2026-06-12 16:48:01.645 | Elapsed=42ms | Status=Completed
2026-06-12 16:48:02 | INF | ACTION_TRACE | Acc=admin | Path=/DNTCaptchaImage/Show | IP=::1 | Start=2026-06-12 16:48:01.943 | Elapsed=142ms | Status=Completed
2026-06-12 16:48:10 | INF | ACTION_TRACE | Acc=admin | Path=/AdminPortal/Account/Login | IP=::1 | Start=2026-06-12 16:48:10.311 | Elapsed=218ms | Status=Completed
2026-06-12 16:48:10 | INF | ACTION_TRACE | Acc=admin | Path=/Captcha/Generate | IP=::1 | Start=2026-06-12 16:48:10.644 | Elapsed=5ms | Status=Completed
2026-06-12 16:48:10 | INF | ACTION_TRACE | Acc=admin | Path=/DNTCaptchaImage/Show | IP=::1 | Start=2026-06-12 16:48:10.659 | Elapsed=15ms | Status=Completed
2026-06-12 16:48:19 | WRN | The query uses the 'First'/'FirstOrDefault' operator without 'OrderBy' and filter operators. This may lead to unpredictable results.
2026-06-12 16:48:19 | WRN | The query uses the 'First'/'FirstOrDefault' operator without 'OrderBy' and filter operators. This may lead to unpredictable results.
2026-06-12 16:48:23 | INF | ACTION_TRACE | Acc=admin | Path=/AdminPortal/Account/Login | IP=::1 | Start=2026-06-12 16:48:15.784 | Elapsed=8076ms | Status=Completed
2026-06-12 16:48:23 | INF | NETWORK_UNSTABLE | Acc=admin | Path=/AdminPortal/Account/Login | Reason=SlowRequest 8076ms
2026-06-12 16:48:24 | INF | ACTION_TRACE | Acc=admin | Path=/AdminPortal/Home/Index | IP=::1 | Start=2026-06-12 16:48:23.875 | Elapsed=191ms | Status=Completed
2026-06-12 16:48:29 | INF | CONTROLLER_EXEC | Acc= admin | IP=::1 | Path=ADS999001/ADS999001 | Message=GET /ADS999001/ADS999001
2026-06-12 16:48:29 | INF | ACTION_TRACE | Acc=admin | Path=/ADS999001/ADS999001 | IP=::1 | Start=2026-06-12 16:48:28.958 | Elapsed=116ms | Status=Completed
2026-06-12 16:48:29 | INF | CONTROLLER_EXEC | Acc= admin | IP=::1 | Path=ADS999001/GetAnnouncementData | Message=POST /ADS999001/GetAnnouncementData
2026-06-12 16:48:29 | INF | ACTION_TRACE | Acc=admin | Path=/ADS999001/GetAnnouncementData | IP=::1 | Start=2026-06-12 16:48:29.145 | Elapsed=118ms | Status=Completed
2026-06-12 16:48:38 | INF | CONTROLLER_EXEC | Acc= admin | IP=::1 | Path=ADS999001/GetAnnouncementData | Message=POST /ADS999001/GetAnnouncementData
2026-06-12 16:48:38 | INF | ACTION_TRACE | Acc=admin | Path=/ADS999001/GetAnnouncementData | IP=::1 | Start=2026-06-12 16:48:38.973 | Elapsed=7ms | Status=Completed
2026-06-12 16:48:41 | INF | CONTROLLER_EXEC | Acc= admin | IP=::1 | Path=ADS999001/GetAnnouncementData | Message=POST /ADS999001/GetAnnouncementData
2026-06-12 16:48:41 | INF | ACTION_TRACE | Acc=admin | Path=/ADS999001/GetAnnouncementData | IP=::1 | Start=2026-06-12 16:48:41.380 | Elapsed=9ms | Status=Completed
2026-06-12 16:48:44 | INF | CONTROLLER_EXEC | Acc= admin | IP=::1 | Path=ADS999002/ADS999002 | Message=GET /ADS999002/ADS999002
2026-06-12 16:48:44 | INF | ACTION_TRACE | Acc=admin | Path=/ADS999002/ADS999002 | IP=::1 | Start=2026-06-12 16:48:44.876 | Elapsed=79ms | Status=Completed
2026-06-12 16:48:45 | INF | CONTROLLER_EXEC | Acc= admin | IP=::1 | Path=ADS999002/GetAllRoleList | Message=POST /ADS999002/GetAllRoleList
2026-06-12 16:48:45 | INF | ACTION_TRACE | Acc=admin | Path=/ADS999002/GetAllRoleList | IP=::1 | Start=2026-06-12 16:48:44.985 | Elapsed=68ms | Status=Completed
2026-06-12 16:48:46 | INF | CONTROLLER_EXEC | Acc= admin | IP=::1 | Path=ADS999001/ADS999001 | Message=GET /ADS999001/ADS999001
2026-06-12 16:48:46 | INF | ACTION_TRACE | Acc=admin | Path=/ADS999001/ADS999001 | IP=::1 | Start=2026-06-12 16:48:46.056 | Elapsed=3ms | Status=Completed
2026-06-12 16:48:46 | INF | CONTROLLER_EXEC | Acc= admin | IP=::1 | Path=ADS999001/GetAnnouncementData | Message=POST /ADS999001/GetAnnouncementData
2026-06-12 16:48:46 | INF | ACTION_TRACE | Acc=admin | Path=/ADS999001/GetAnnouncementData | IP=::1 | Start=2026-06-12 16:48:46.085 | Elapsed=4ms | Status=Completed
2026-06-12 16:48:50 | INF | CONTROLLER_EXEC | Acc= admin | IP=::1 | Path=ADS999001/GetAnnouncementData | Message=POST /ADS999001/GetAnnouncementData
2026-06-12 16:48:50 | INF | ACTION_TRACE | Acc=admin | Path=/ADS999001/GetAnnouncementData | IP=::1 | Start=2026-06-12 16:48:50.395 | Elapsed=7ms | Status=Completed
2026-06-12 16:48:51 | INF | CONTROLLER_EXEC | Acc= admin | IP=::1 | Path=ADS999001/GetAnnouncementData | Message=POST /ADS999001/GetAnnouncementData
2026-06-12 16:48:51 | INF | ACTION_TRACE | Acc=admin | Path=/ADS999001/GetAnnouncementData | IP=::1 | Start=2026-06-12 16:48:51.757 | Elapsed=6ms | Status=Completed
2026-06-12 16:49:59 | WRN | The query uses the 'First'/'FirstOrDefault' operator without 'OrderBy' and filter operators. This may lead to unpredictable results.
2026-06-12 16:49:59 | INF | CONTROLLER_EXEC | Acc= admin | IP=::1 | Path=ADS999001/GetAnnouncementForEdit | Message=GET /ADS999001/GetAnnouncementForEdit
2026-06-12 16:49:59 | INF | ACTION_TRACE | Acc=admin | Path=/ADS999001/GetAnnouncementForEdit | IP=::1 | Start=2026-06-12 16:49:59.859 | Elapsed=50ms | Status=Completed
2026-06-12 16:50:10 | INF | CONTROLLER_EXEC | Acc= admin | IP=::1 | Path=ADS999001/GetAnnouncementForEdit | Message=GET /ADS999001/GetAnnouncementForEdit
2026-06-12 16:50:10 | INF | ACTION_TRACE | Acc=admin | Path=/ADS999001/GetAnnouncementForEdit | IP=::1 | Start=2026-06-12 16:50:10.719 | Elapsed=1ms | Status=Completed
