2026-04-27 14:06:04 | WRN | Error unprotecting the session cookie.
2026-04-27 14:06:06 | WRN | No store type was specified for the decimal property 'OveMoney' on entity type 'HROvertime'. This will cause values to be silently truncated if they do not fit in the default precision and scale. Explicitly specify the SQL server column type that can accommodate all the values in 'OnModelCreating' using 'HasColumnType', specify precision and scale using 'HasPrecision', or configure a value converter using 'HasConversion'.
2026-04-27 14:06:06 | WRN | No store type was specified for the decimal property 'Wag1D1Hour' on entity type 'HRWage'. This will cause values to be silently truncated if they do not fit in the default precision and scale. Explicitly specify the SQL server column type that can accommodate all the values in 'OnModelCreating' using 'HasColumnType', specify precision and scale using 'HasPrecision', or configure a value converter using 'HasConversion'.
2026-04-27 14:06:06 | WRN | No store type was specified for the decimal property 'Wag2D1Hour' on entity type 'HRWage'. This will cause values to be silently truncated if they do not fit in the default precision and scale. Explicitly specify the SQL server column type that can accommodate all the values in 'OnModelCreating' using 'HasColumnType', specify precision and scale using 'HasPrecision', or configure a value converter using 'HasConversion'.
2026-04-27 14:06:06 | WRN | No store type was specified for the decimal property 'Wag4D3Hour' on entity type 'HRWage'. This will cause values to be silently truncated if they do not fit in the default precision and scale. Explicitly specify the SQL server column type that can accommodate all the values in 'OnModelCreating' using 'HasColumnType', specify precision and scale using 'HasPrecision', or configure a value converter using 'HasConversion'.
2026-04-27 14:06:06 | WRN | No store type was specified for the decimal property 'Wag5D3Hour' on entity type 'HRWage'. This will cause values to be silently truncated if they do not fit in the default precision and scale. Explicitly specify the SQL server column type that can accommodate all the values in 'OnModelCreating' using 'HasColumnType', specify precision and scale using 'HasPrecision', or configure a value converter using 'HasConversion'.
2026-04-27 14:06:06 | WRN | No store type was specified for the decimal property 'Wag8D3Hour' on entity type 'HRWage'. This will cause values to be silently truncated if they do not fit in the default precision and scale. Explicitly specify the SQL server column type that can accommodate all the values in 'OnModelCreating' using 'HasColumnType', specify precision and scale using 'HasPrecision', or configure a value converter using 'HasConversion'.
2026-04-27 14:06:06 | WRN | No store type was specified for the decimal property 'WagApplyHour' on entity type 'HRWage'. This will cause values to be silently truncated if they do not fit in the default precision and scale. Explicitly specify the SQL server column type that can accommodate all the values in 'OnModelCreating' using 'HasColumnType', specify precision and scale using 'HasPrecision', or configure a value converter using 'HasConversion'.
2026-04-27 14:06:06 | WRN | No store type was specified for the decimal property 'WagIssueHour' on entity type 'HRWage'. This will cause values to be silently truncated if they do not fit in the default precision and scale. Explicitly specify the SQL server column type that can accommodate all the values in 'OnModelCreating' using 'HasColumnType', specify precision and scale using 'HasPrecision', or configure a value converter using 'HasConversion'.
2026-04-27 14:06:06 | WRN | No store type was specified for the decimal property 'WagSubtotal' on entity type 'HRWage'. This will cause values to be silently truncated if they do not fit in the default precision and scale. Explicitly specify the SQL server column type that can accommodate all the values in 'OnModelCreating' using 'HasColumnType', specify precision and scale using 'HasPrecision', or configure a value converter using 'HasConversion'.
2026-04-27 14:06:11 | WRN | The query uses the 'First'/'FirstOrDefault' operator without 'OrderBy' and filter operators. This may lead to unpredictable results.
2026-04-27 14:06:12 | INF | ACTION_TRACE | Acc=Anonymous | Path=/ | IP=::1 | Start=2026-04-27 14:06:04.616 | Elapsed=7878ms | Status=Completed
2026-04-27 14:06:12 | INF | NETWORK_UNSTABLE | Acc=Anonymous | Path=/ | Reason=SlowRequest 7878ms
2026-04-27 14:06:12 | INF | NETWORK_UNSTABLE | Acc=Anonymous | IP=::1 | Path=/ | Reason=SlowRequest 8108ms
2026-04-27 14:06:12 | INF | ACTION_TRACE | Acc=Anonymous | Path=/Captcha/Generate | IP=::1 | Start=2026-04-27 14:06:12.830 | Elapsed=48ms | Status=Completed
2026-04-27 14:06:13 | INF | ACTION_TRACE | Acc=Anonymous | Path=/DNTCaptchaImage/Show | IP=::1 | Start=2026-04-27 14:06:12.889 | Elapsed=303ms | Status=Completed
2026-04-27 14:06:33 | INF | ACTION_TRACE | Acc=Anonymous | Path=/AdminPortal/Account/Login | IP=::1 | Start=2026-04-27 14:06:33.173 | Elapsed=128ms | Status=Completed
2026-04-27 14:06:33 | INF | ACTION_TRACE | Acc=Anonymous | Path=/Captcha/Generate | IP=::1 | Start=2026-04-27 14:06:33.526 | Elapsed=5ms | Status=Completed
2026-04-27 14:06:33 | INF | ACTION_TRACE | Acc=Anonymous | Path=/DNTCaptchaImage/Show | IP=::1 | Start=2026-04-27 14:06:33.541 | Elapsed=16ms | Status=Completed
2026-04-27 14:06:45 | INF | ACTION_TRACE | Acc=admin | Path=/AdminPortal/Account/Login | IP=::1 | Start=2026-04-27 14:06:36.748 | Elapsed=8742ms | Status=Completed
2026-04-27 14:06:45 | INF | NETWORK_UNSTABLE | Acc=admin | Path=/AdminPortal/Account/Login | Reason=SlowRequest 8742ms
2026-04-27 14:06:45 | INF | NETWORK_UNSTABLE | Acc=admin | IP=::1 | Path=/AdminPortal/Account/Login | Reason=SlowRequest 8744ms
2026-04-27 14:10:20 | INF | NETWORK_UNSTABLE | Acc=admin | IP=::1 | Path=/ | Reason=SlowRequest 7252ms
2026-04-27 14:10:36 | INF | NETWORK_UNSTABLE | Acc=admin | IP=::1 | Path=/AdminPortal/Account/Login | Reason=SlowRequest 6830ms
2026-04-27 14:15:27 | INF | NETWORK_UNSTABLE | Acc=admin | IP=::1 | Path=/AdminPortal/Account/Login | Reason=SlowRequest 3551ms
2026-04-27 14:16:36 | INF | NETWORK_UNSTABLE | Acc=admin | IP=::1 | Path=/ | Reason=SlowRequest 7028ms
2026-04-27 14:16:47 | INF | NETWORK_UNSTABLE | Acc=admin | IP=::1 | Path=/Account/Login | Reason=SlowRequest 6193ms
2026-04-27 14:18:53 | INF | NETWORK_UNSTABLE | Acc=admin | IP=::1 | Path=/ | Reason=SlowRequest 7101ms
2026-04-27 14:19:08 | INF | NETWORK_UNSTABLE | Acc=admin | IP=::1 | Path=/AdminPortal/Account/Login | Reason=SlowRequest 6775ms
2026-04-27 14:20:11 | INF | NETWORK_UNSTABLE | Acc=admin | IP=::1 | Path=/AdminPortal/Account/Login | Reason=SlowRequest 4072ms
2026-04-27 14:26:46 | INF | NETWORK_UNSTABLE | Acc=admin | IP=::1 | Path=/ | Reason=SlowRequest 7134ms
2026-04-27 14:27:07 | INF | NETWORK_UNSTABLE | Acc=admin | IP=::1 | Path=/AdminPortal/Account/Login | Reason=SlowRequest 9750ms
2026-04-27 14:29:18 | INF | NETWORK_UNSTABLE | Acc=admin | IP=::1 | Path=/ | Reason=SlowRequest 7320ms
2026-04-27 14:29:31 | INF | NETWORK_UNSTABLE | Acc=admin | IP=::1 | Path=/AdminPortal/Account/Login | Reason=SlowRequest 6773ms
2026-04-27 14:29:40 | INF | CONTROLLER_EXEC | Acc= Unknown | IP=::1 | Path=ADS999999/ADS999999 | Message=GET /ADS999999/ADS999999
2026-04-27 14:29:40 | INF | ACTION_TRACE | Acc=Anonymous | Path=/ADS999999/ADS999999 | IP=::1 | Start=2026-04-27 14:29:40.938 | Elapsed=5ms | Status=Completed
2026-04-27 14:29:41 | INF | ACTION_TRACE | Acc=Anonymous | Path=/Account/Login | IP=::1 | Start=2026-04-27 14:29:40.959 | Elapsed=209ms | Status=Completed
2026-04-27 14:29:41 | INF | ACTION_TRACE | Acc=Anonymous | Path=/Captcha/Generate | IP=::1 | Start=2026-04-27 14:29:41.344 | Elapsed=1ms | Status=Completed
2026-04-27 14:29:41 | INF | ACTION_TRACE | Acc=Anonymous | Path=/DNTCaptchaImage/Show | IP=::1 | Start=2026-04-27 14:29:41.355 | Elapsed=13ms | Status=Completed
2026-04-27 14:29:50 | INF | ACTION_TRACE | Acc=Anonymous | Path=/AdminPortal/Account/Login | IP=::1 | Start=2026-04-27 14:29:50.415 | Elapsed=4ms | Status=Completed
2026-04-27 14:29:50 | INF | ACTION_TRACE | Acc=Anonymous | Path=/Captcha/Generate | IP=::1 | Start=2026-04-27 14:29:50.610 | Elapsed=0ms | Status=Completed
2026-04-27 14:29:50 | INF | ACTION_TRACE | Acc=Anonymous | Path=/DNTCaptchaImage/Show | IP=::1 | Start=2026-04-27 14:29:50.619 | Elapsed=30ms | Status=Completed
2026-04-27 14:30:37 | WRN | No store type was specified for the decimal property 'OveMoney' on entity type 'HROvertime'. This will cause values to be silently truncated if they do not fit in the default precision and scale. Explicitly specify the SQL server column type that can accommodate all the values in 'OnModelCreating' using 'HasColumnType', specify precision and scale using 'HasPrecision', or configure a value converter using 'HasConversion'.
2026-04-27 14:30:37 | WRN | No store type was specified for the decimal property 'Wag1D1Hour' on entity type 'HRWage'. This will cause values to be silently truncated if they do not fit in the default precision and scale. Explicitly specify the SQL server column type that can accommodate all the values in 'OnModelCreating' using 'HasColumnType', specify precision and scale using 'HasPrecision', or configure a value converter using 'HasConversion'.
2026-04-27 14:30:37 | WRN | No store type was specified for the decimal property 'Wag2D1Hour' on entity type 'HRWage'. This will cause values to be silently truncated if they do not fit in the default precision and scale. Explicitly specify the SQL server column type that can accommodate all the values in 'OnModelCreating' using 'HasColumnType', specify precision and scale using 'HasPrecision', or configure a value converter using 'HasConversion'.
2026-04-27 14:30:37 | WRN | No store type was specified for the decimal property 'Wag4D3Hour' on entity type 'HRWage'. This will cause values to be silently truncated if they do not fit in the default precision and scale. Explicitly specify the SQL server column type that can accommodate all the values in 'OnModelCreating' using 'HasColumnType', specify precision and scale using 'HasPrecision', or configure a value converter using 'HasConversion'.
2026-04-27 14:30:37 | WRN | No store type was specified for the decimal property 'Wag5D3Hour' on entity type 'HRWage'. This will cause values to be silently truncated if they do not fit in the default precision and scale. Explicitly specify the SQL server column type that can accommodate all the values in 'OnModelCreating' using 'HasColumnType', specify precision and scale using 'HasPrecision', or configure a value converter using 'HasConversion'.
2026-04-27 14:30:37 | WRN | No store type was specified for the decimal property 'Wag8D3Hour' on entity type 'HRWage'. This will cause values to be silently truncated if they do not fit in the default precision and scale. Explicitly specify the SQL server column type that can accommodate all the values in 'OnModelCreating' using 'HasColumnType', specify precision and scale using 'HasPrecision', or configure a value converter using 'HasConversion'.
2026-04-27 14:30:37 | WRN | No store type was specified for the decimal property 'WagApplyHour' on entity type 'HRWage'. This will cause values to be silently truncated if they do not fit in the default precision and scale. Explicitly specify the SQL server column type that can accommodate all the values in 'OnModelCreating' using 'HasColumnType', specify precision and scale using 'HasPrecision', or configure a value converter using 'HasConversion'.
2026-04-27 14:30:37 | WRN | No store type was specified for the decimal property 'WagIssueHour' on entity type 'HRWage'. This will cause values to be silently truncated if they do not fit in the default precision and scale. Explicitly specify the SQL server column type that can accommodate all the values in 'OnModelCreating' using 'HasColumnType', specify precision and scale using 'HasPrecision', or configure a value converter using 'HasConversion'.
2026-04-27 14:30:37 | WRN | No store type was specified for the decimal property 'WagSubtotal' on entity type 'HRWage'. This will cause values to be silently truncated if they do not fit in the default precision and scale. Explicitly specify the SQL server column type that can accommodate all the values in 'OnModelCreating' using 'HasColumnType', specify precision and scale using 'HasPrecision', or configure a value converter using 'HasConversion'.
2026-04-27 14:30:42 | WRN | The query uses the 'First'/'FirstOrDefault' operator without 'OrderBy' and filter operators. This may lead to unpredictable results.
2026-04-27 14:30:43 | INF | ACTION_TRACE | Acc=Anonymous | Path=/ | IP=::1 | Start=2026-04-27 14:30:36.573 | Elapsed=6898ms | Status=Completed
2026-04-27 14:30:43 | INF | NETWORK_UNSTABLE | Acc=Anonymous | Path=/ | Reason=SlowRequest 6898ms
2026-04-27 14:30:43 | INF | NETWORK_UNSTABLE | Acc=Anonymous | IP=::1 | Path=/ | Reason=SlowRequest 7067ms
2026-04-27 14:30:43 | INF | ACTION_TRACE | Acc=Anonymous | Path=/Captcha/Generate | IP=::1 | Start=2026-04-27 14:30:43.628 | Elapsed=48ms | Status=Completed
2026-04-27 14:30:43 | INF | ACTION_TRACE | Acc=Anonymous | Path=/DNTCaptchaImage/Show | IP=::1 | Start=2026-04-27 14:30:43.697 | Elapsed=103ms | Status=Completed
2026-04-27 14:30:55 | INF | ACTION_TRACE | Acc=admin | Path=/Account/Login | IP=::1 | Start=2026-04-27 14:30:48.744 | Elapsed=6347ms | Status=Completed
2026-04-27 14:30:55 | INF | NETWORK_UNSTABLE | Acc=admin | Path=/Account/Login | Reason=SlowRequest 6347ms
2026-04-27 14:30:55 | INF | NETWORK_UNSTABLE | Acc=admin | IP=::1 | Path=/Account/Login | Reason=SlowRequest 6348ms
2026-04-27 14:31:02 | INF | ACTION_TRACE | Acc=Anonymous | Path=/ | IP=::1 | Start=2026-04-27 14:31:02.167 | Elapsed=203ms | Status=Completed
2026-04-27 14:31:02 | INF | ACTION_TRACE | Acc=Anonymous | Path=/Captcha/Generate | IP=::1 | Start=2026-04-27 14:31:02.547 | Elapsed=3ms | Status=Completed
2026-04-27 14:31:02 | INF | ACTION_TRACE | Acc=Anonymous | Path=/DNTCaptchaImage/Show | IP=::1 | Start=2026-04-27 14:31:02.568 | Elapsed=21ms | Status=Completed
2026-04-27 14:31:04 | INF | ACTION_TRACE | Acc=Anonymous | Path=/AdminPortal/Account/Login | IP=::1 | Start=2026-04-27 14:31:04.550 | Elapsed=17ms | Status=Completed
2026-04-27 14:31:04 | INF | ACTION_TRACE | Acc=Anonymous | Path=/Captcha/Generate | IP=::1 | Start=2026-04-27 14:31:04.743 | Elapsed=1ms | Status=Completed
2026-04-27 14:31:04 | INF | ACTION_TRACE | Acc=Anonymous | Path=/DNTCaptchaImage/Show | IP=::1 | Start=2026-04-27 14:31:04.751 | Elapsed=16ms | Status=Completed
2026-04-27 14:31:09 | INF | ACTION_TRACE | Acc=admin | Path=/AdminPortal/Account/Login | IP=::1 | Start=2026-04-27 14:31:08.008 | Elapsed=1233ms | Status=Completed
2026-04-27 14:31:17 | INF | ACTION_TRACE | Acc=Anonymous | Path=/ | IP=::1 | Start=2026-04-27 14:31:17.658 | Elapsed=235ms | Status=Completed
2026-04-27 14:31:18 | INF | ACTION_TRACE | Acc=Anonymous | Path=/Captcha/Generate | IP=::1 | Start=2026-04-27 14:31:18.094 | Elapsed=2ms | Status=Completed
2026-04-27 14:31:18 | INF | ACTION_TRACE | Acc=Anonymous | Path=/DNTCaptchaImage/Show | IP=::1 | Start=2026-04-27 14:31:18.117 | Elapsed=36ms | Status=Completed
2026-04-27 14:31:20 | INF | ACTION_TRACE | Acc=Anonymous | Path=/AdminPortal/Account/Login | IP=::1 | Start=2026-04-27 14:31:20.023 | Elapsed=1ms | Status=Completed
2026-04-27 14:31:20 | INF | ACTION_TRACE | Acc=Anonymous | Path=/Captcha/Generate | IP=::1 | Start=2026-04-27 14:31:20.216 | Elapsed=1ms | Status=Completed
2026-04-27 14:31:20 | INF | ACTION_TRACE | Acc=Anonymous | Path=/DNTCaptchaImage/Show | IP=::1 | Start=2026-04-27 14:31:20.226 | Elapsed=11ms | Status=Completed
2026-04-27 14:31:33 | INF | ACTION_TRACE | Acc=Anonymous | Path=/AdminPortal/Account/Login | IP=::1 | Start=2026-04-27 14:31:33.267 | Elapsed=23ms | Status=Completed
2026-04-27 14:31:33 | INF | ACTION_TRACE | Acc=Anonymous | Path=/Captcha/Generate | IP=::1 | Start=2026-04-27 14:31:33.374 | Elapsed=7ms | Status=Completed
2026-04-27 14:31:33 | INF | ACTION_TRACE | Acc=Anonymous | Path=/DNTCaptchaImage/Show | IP=::1 | Start=2026-04-27 14:31:33.388 | Elapsed=12ms | Status=Completed
2026-04-27 14:45:35 | WRN | No store type was specified for the decimal property 'OveMoney' on entity type 'HROvertime'. This will cause values to be silently truncated if they do not fit in the default precision and scale. Explicitly specify the SQL server column type that can accommodate all the values in 'OnModelCreating' using 'HasColumnType', specify precision and scale using 'HasPrecision', or configure a value converter using 'HasConversion'.
2026-04-27 14:45:35 | WRN | No store type was specified for the decimal property 'Wag1D1Hour' on entity type 'HRWage'. This will cause values to be silently truncated if they do not fit in the default precision and scale. Explicitly specify the SQL server column type that can accommodate all the values in 'OnModelCreating' using 'HasColumnType', specify precision and scale using 'HasPrecision', or configure a value converter using 'HasConversion'.
2026-04-27 14:45:35 | WRN | No store type was specified for the decimal property 'Wag2D1Hour' on entity type 'HRWage'. This will cause values to be silently truncated if they do not fit in the default precision and scale. Explicitly specify the SQL server column type that can accommodate all the values in 'OnModelCreating' using 'HasColumnType', specify precision and scale using 'HasPrecision', or configure a value converter using 'HasConversion'.
2026-04-27 14:45:35 | WRN | No store type was specified for the decimal property 'Wag4D3Hour' on entity type 'HRWage'. This will cause values to be silently truncated if they do not fit in the default precision and scale. Explicitly specify the SQL server column type that can accommodate all the values in 'OnModelCreating' using 'HasColumnType', specify precision and scale using 'HasPrecision', or configure a value converter using 'HasConversion'.
2026-04-27 14:45:35 | WRN | No store type was specified for the decimal property 'Wag5D3Hour' on entity type 'HRWage'. This will cause values to be silently truncated if they do not fit in the default precision and scale. Explicitly specify the SQL server column type that can accommodate all the values in 'OnModelCreating' using 'HasColumnType', specify precision and scale using 'HasPrecision', or configure a value converter using 'HasConversion'.
2026-04-27 14:45:35 | WRN | No store type was specified for the decimal property 'Wag8D3Hour' on entity type 'HRWage'. This will cause values to be silently truncated if they do not fit in the default precision and scale. Explicitly specify the SQL server column type that can accommodate all the values in 'OnModelCreating' using 'HasColumnType', specify precision and scale using 'HasPrecision', or configure a value converter using 'HasConversion'.
2026-04-27 14:45:35 | WRN | No store type was specified for the decimal property 'WagApplyHour' on entity type 'HRWage'. This will cause values to be silently truncated if they do not fit in the default precision and scale. Explicitly specify the SQL server column type that can accommodate all the values in 'OnModelCreating' using 'HasColumnType', specify precision and scale using 'HasPrecision', or configure a value converter using 'HasConversion'.
2026-04-27 14:45:35 | WRN | No store type was specified for the decimal property 'WagIssueHour' on entity type 'HRWage'. This will cause values to be silently truncated if they do not fit in the default precision and scale. Explicitly specify the SQL server column type that can accommodate all the values in 'OnModelCreating' using 'HasColumnType', specify precision and scale using 'HasPrecision', or configure a value converter using 'HasConversion'.
2026-04-27 14:45:35 | WRN | No store type was specified for the decimal property 'WagSubtotal' on entity type 'HRWage'. This will cause values to be silently truncated if they do not fit in the default precision and scale. Explicitly specify the SQL server column type that can accommodate all the values in 'OnModelCreating' using 'HasColumnType', specify precision and scale using 'HasPrecision', or configure a value converter using 'HasConversion'.
2026-04-27 14:45:40 | WRN | The query uses the 'First'/'FirstOrDefault' operator without 'OrderBy' and filter operators. This may lead to unpredictable results.
2026-04-27 14:45:41 | INF | ACTION_TRACE | Acc=Anonymous | Path=/ | IP=::1 | Start=2026-04-27 14:45:34.232 | Elapsed=7007ms | Status=Completed
2026-04-27 14:45:41 | INF | NETWORK_UNSTABLE | Acc=Anonymous | Path=/ | Reason=SlowRequest 7007ms
2026-04-27 14:45:41 | INF | NETWORK_UNSTABLE | Acc=Anonymous | IP=::1 | Path=/ | Reason=SlowRequest 7192ms
2026-04-27 14:45:41 | INF | ACTION_TRACE | Acc=Anonymous | Path=/Captcha/Generate | IP=::1 | Start=2026-04-27 14:45:41.393 | Elapsed=52ms | Status=Completed
2026-04-27 14:45:41 | INF | ACTION_TRACE | Acc=Anonymous | Path=/DNTCaptchaImage/Show | IP=::1 | Start=2026-04-27 14:45:41.462 | Elapsed=97ms | Status=Completed
2026-04-27 14:45:52 | INF | ACTION_TRACE | Acc=Anonymous | Path=/AdminPortal/Account/Login | IP=::1 | Start=2026-04-27 14:45:52.190 | Elapsed=122ms | Status=Completed
2026-04-27 14:45:52 | INF | ACTION_TRACE | Acc=Anonymous | Path=/Captcha/Generate | IP=::1 | Start=2026-04-27 14:45:52.384 | Elapsed=4ms | Status=Completed
2026-04-27 14:45:52 | INF | ACTION_TRACE | Acc=Anonymous | Path=/DNTCaptchaImage/Show | IP=::1 | Start=2026-04-27 14:45:52.397 | Elapsed=12ms | Status=Completed
2026-04-27 14:46:05 | INF | ACTION_TRACE | Acc=admin | Path=/AdminPortal/Account/Login | IP=::1 | Start=2026-04-27 14:45:55.579 | Elapsed=9702ms | Status=Completed
2026-04-27 14:46:05 | INF | NETWORK_UNSTABLE | Acc=admin | Path=/AdminPortal/Account/Login | Reason=SlowRequest 9702ms
2026-04-27 14:46:05 | INF | NETWORK_UNSTABLE | Acc=admin | IP=::1 | Path=/AdminPortal/Account/Login | Reason=SlowRequest 9703ms
2026-04-27 14:47:25 | INF | NETWORK_UNSTABLE | Acc=admin | IP=::1 | Path=/AdminPortal/Account/Login | Reason=SlowRequest 4042ms
2026-04-27 14:49:14 | INF | NETWORK_UNSTABLE | Acc=admin | IP=::1 | Path=/ | Reason=SlowRequest 7176ms
2026-04-27 14:49:25 | INF | NETWORK_UNSTABLE | Acc=admin | IP=::1 | Path=/Account/Login | Reason=SlowRequest 6583ms
2026-04-27 14:50:10 | INF | ACTION_TRACE | Acc=Anonymous | Path=/ | IP=::1 | Start=2026-04-27 14:50:10.576 | Elapsed=286ms | Status=Completed
2026-04-27 14:50:10 | INF | ACTION_TRACE | Acc=Anonymous | Path=/Captcha/Generate | IP=::1 | Start=2026-04-27 14:50:10.929 | Elapsed=2ms | Status=Completed
2026-04-27 14:50:10 | INF | ACTION_TRACE | Acc=Anonymous | Path=/DNTCaptchaImage/Show | IP=::1 | Start=2026-04-27 14:50:10.942 | Elapsed=14ms | Status=Completed
2026-04-27 14:50:12 | INF | ACTION_TRACE | Acc=Anonymous | Path=/AdminPortal/Account/Login | IP=::1 | Start=2026-04-27 14:50:12.428 | Elapsed=22ms | Status=Completed
2026-04-27 14:50:12 | INF | ACTION_TRACE | Acc=Anonymous | Path=/Captcha/Generate | IP=::1 | Start=2026-04-27 14:50:12.524 | Elapsed=1ms | Status=Completed
2026-04-27 14:50:12 | INF | ACTION_TRACE | Acc=Anonymous | Path=/DNTCaptchaImage/Show | IP=::1 | Start=2026-04-27 14:50:12.531 | Elapsed=19ms | Status=Completed
2026-04-27 14:50:19 | INF | ACTION_TRACE | Acc=admin | Path=/AdminPortal/Account/Login | IP=::1 | Start=2026-04-27 14:50:15.260 | Elapsed=4413ms | Status=Completed
2026-04-27 14:50:19 | INF | NETWORK_UNSTABLE | Acc=admin | Path=/AdminPortal/Account/Login | Reason=SlowRequest 4413ms
2026-04-27 14:50:19 | INF | NETWORK_UNSTABLE | Acc=admin | IP=::1 | Path=/AdminPortal/Account/Login | Reason=SlowRequest 4414ms
2026-04-27 14:50:29 | INF | ACTION_TRACE | Acc=Anonymous | Path=/AdminPortal/Account/Login | IP=::1 | Start=2026-04-27 14:50:29.784 | Elapsed=1ms | Status=Completed
2026-04-27 14:50:29 | INF | ACTION_TRACE | Acc=Anonymous | Path=/Captcha/Generate | IP=::1 | Start=2026-04-27 14:50:29.864 | Elapsed=1ms | Status=Completed
2026-04-27 14:50:29 | INF | ACTION_TRACE | Acc=Anonymous | Path=/DNTCaptchaImage/Show | IP=::1 | Start=2026-04-27 14:50:29.870 | Elapsed=30ms | Status=Completed
2026-04-27 14:50:37 | INF | ACTION_TRACE | Acc=admin | Path=/AdminPortal/Account/Login | IP=::1 | Start=2026-04-27 14:50:33.560 | Elapsed=4117ms | Status=Completed
2026-04-27 14:50:37 | INF | NETWORK_UNSTABLE | Acc=admin | Path=/AdminPortal/Account/Login | Reason=SlowRequest 4117ms
2026-04-27 14:50:37 | INF | NETWORK_UNSTABLE | Acc=admin | IP=::1 | Path=/AdminPortal/Account/Login | Reason=SlowRequest 4118ms
2026-04-27 15:02:17 | INF | NETWORK_UNSTABLE | Acc=admin | IP=::1 | Path=/ | Reason=SlowRequest 7252ms
2026-04-27 15:02:30 | INF | NETWORK_UNSTABLE | Acc=admin | IP=::1 | Path=/ | Reason=SlowRequest 3288ms
2026-04-27 15:08:00 | INF | NETWORK_UNSTABLE | Acc=admin | IP=::1 | Path=/ | Reason=SlowRequest 7293ms
2026-04-27 15:09:31 | INF | NETWORK_UNSTABLE | Acc=admin | IP=::1 | Path=/ | Reason=SlowRequest 7336ms
2026-04-27 15:09:57 | INF | NETWORK_UNSTABLE | Acc=admin | IP=::1 | Path=/AdminPortal/Account/Login | Reason=SlowRequest 7461ms
2026-04-27 15:15:26 | INF | NETWORK_UNSTABLE | Acc=admin | IP=::1 | Path=/ | Reason=SlowRequest 7286ms
2026-04-27 15:29:55 | INF | NETWORK_UNSTABLE | Acc=admin | IP=::1 | Path=/ | Reason=SlowRequest 7153ms
2026-04-27 15:33:26 | INF | NETWORK_UNSTABLE | Acc=admin | IP=::1 | Path=/ | Reason=SlowRequest 7164ms
2026-04-27 15:34:38 | INF | NETWORK_UNSTABLE | Acc=admin | IP=::1 | Path=/AdminPortal/Account/Login | Reason=SlowRequest 7322ms
2026-04-27 15:46:03 | INF | NETWORK_UNSTABLE | Acc=admin | IP=::1 | Path=/ | Reason=SlowRequest 7474ms
2026-04-27 15:46:17 | INF | NETWORK_UNSTABLE | Acc=admin | IP=::1 | Path=/AdminPortal/Account/Login | Reason=SlowRequest 6886ms
2026-04-27 15:53:50 | INF | NETWORK_UNSTABLE | Acc=admin | IP=::1 | Path=/ | Reason=SlowRequest 7053ms
2026-04-27 15:54:03 | INF | NETWORK_UNSTABLE | Acc=admin | IP=::1 | Path=/Account/Login | Reason=SlowRequest 6381ms
2026-04-27 15:54:30 | INF | ACTION_TRACE | Acc=Anonymous | Path=/ | IP=::1 | Start=2026-04-27 15:54:29.984 | Elapsed=255ms | Status=Completed
2026-04-27 15:54:30 | INF | ACTION_TRACE | Acc=Anonymous | Path=/Captcha/Generate | IP=::1 | Start=2026-04-27 15:54:30.418 | Elapsed=2ms | Status=Completed
2026-04-27 15:54:30 | INF | ACTION_TRACE | Acc=Anonymous | Path=/DNTCaptchaImage/Show | IP=::1 | Start=2026-04-27 15:54:30.431 | Elapsed=17ms | Status=Completed
2026-04-27 15:54:39 | INF | ACTION_TRACE | Acc=admin | Path=/Account/Login | IP=::1 | Start=2026-04-27 15:54:38.795 | Elapsed=658ms | Status=Completed
2026-04-27 15:55:06 | INF | ACTION_TRACE | Acc=Anonymous | Path=/ | IP=::1 | Start=2026-04-27 15:55:06.308 | Elapsed=334ms | Status=Completed
2026-04-27 15:55:06 | INF | ACTION_TRACE | Acc=Anonymous | Path=/Captcha/Generate | IP=::1 | Start=2026-04-27 15:55:06.820 | Elapsed=2ms | Status=Completed
2026-04-27 15:55:06 | INF | ACTION_TRACE | Acc=Anonymous | Path=/DNTCaptchaImage/Show | IP=::1 | Start=2026-04-27 15:55:06.830 | Elapsed=14ms | Status=Completed
2026-04-27 15:55:08 | INF | ACTION_TRACE | Acc=Anonymous | Path=/AdminPortal/Account/Login | IP=::1 | Start=2026-04-27 15:55:08.017 | Elapsed=21ms | Status=Completed
2026-04-27 15:55:08 | INF | ACTION_TRACE | Acc=Anonymous | Path=/Captcha/Generate | IP=::1 | Start=2026-04-27 15:55:08.227 | Elapsed=1ms | Status=Completed
2026-04-27 15:55:08 | INF | ACTION_TRACE | Acc=Anonymous | Path=/DNTCaptchaImage/Show | IP=::1 | Start=2026-04-27 15:55:08.234 | Elapsed=29ms | Status=Completed
2026-04-27 15:55:16 | INF | ACTION_TRACE | Acc=admin | Path=/AdminPortal/Account/Login | IP=::1 | Start=2026-04-27 15:55:11.371 | Elapsed=5077ms | Status=Completed
2026-04-27 15:55:16 | INF | NETWORK_UNSTABLE | Acc=admin | Path=/AdminPortal/Account/Login | Reason=SlowRequest 5077ms
2026-04-27 15:55:16 | INF | NETWORK_UNSTABLE | Acc=admin | IP=::1 | Path=/AdminPortal/Account/Login | Reason=SlowRequest 5078ms
2026-04-27 15:59:16 | INF | NETWORK_UNSTABLE | Acc=admin | IP=::1 | Path=/ | Reason=SlowRequest 7113ms
2026-04-27 15:59:40 | INF | NETWORK_UNSTABLE | Acc=admin | IP=::1 | Path=/AdminPortal/Account/Login | Reason=SlowRequest 9032ms
2026-04-27 16:02:07 | INF | NETWORK_UNSTABLE | Acc=admin | IP=::1 | Path=/AdminPortal/Account/Login | Reason=SlowRequest 5813ms
2026-04-27 16:02:45 | INF | NETWORK_UNSTABLE | Acc=admin | IP=::1 | Path=/AdminPortal/Account/Login | Reason=SlowRequest 5585ms
2026-04-27 16:11:01 | INF | NETWORK_UNSTABLE | Acc=admin | IP=::1 | Path=/ | Reason=SlowRequest 6940ms
2026-04-27 16:11:13 | INF | NETWORK_UNSTABLE | Acc=admin | IP=::1 | Path=/AdminPortal/Account/Login | Reason=SlowRequest 6916ms
2026-04-27 16:11:23 | INF | NETWORK_UNSTABLE | Acc=admin | IP=::1 | Path=/ADS999999/ADS999999 | Reason=SlowRequest 4557ms
2026-04-27 16:11:23 | INF | NETWORK_UNSTABLE | Acc=admin | IP=::1 | Path=/ADS999999/ADS999999 | Reason=SlowRequest 4041ms
2026-04-27 16:14:07 | INF | NETWORK_UNSTABLE | Acc=admin | IP=::1 | Path=/ | Reason=SlowRequest 7160ms
2026-04-27 16:14:20 | INF | NETWORK_UNSTABLE | Acc=admin | IP=::1 | Path=/AdminPortal/Account/Login | Reason=SlowRequest 8186ms
2026-04-27 16:19:17 | INF | NETWORK_UNSTABLE | Acc=admin | IP=::1 | Path=/ | Reason=SlowRequest 7062ms
2026-04-27 16:19:29 | INF | NETWORK_UNSTABLE | Acc=admin | IP=::1 | Path=/Account/Login | Reason=SlowRequest 6246ms
2026-04-27 16:19:32 | INF | ACTION_TRACE | Acc=Anonymous | Path=/ | IP=::1 | Start=2026-04-27 16:19:32.510 | Elapsed=213ms | Status=Completed
2026-04-27 16:19:32 | INF | ACTION_TRACE | Acc=Anonymous | Path=/Captcha/Generate | IP=::1 | Start=2026-04-27 16:19:32.912 | Elapsed=2ms | Status=Completed
2026-04-27 16:19:32 | INF | ACTION_TRACE | Acc=Anonymous | Path=/DNTCaptchaImage/Show | IP=::1 | Start=2026-04-27 16:19:32.920 | Elapsed=14ms | Status=Completed
2026-04-27 16:19:34 | INF | ACTION_TRACE | Acc=Anonymous | Path=/AdminPortal/Account/Login | IP=::1 | Start=2026-04-27 16:19:34.094 | Elapsed=19ms | Status=Completed
2026-04-27 16:19:34 | INF | ACTION_TRACE | Acc=Anonymous | Path=/Captcha/Generate | IP=::1 | Start=2026-04-27 16:19:34.315 | Elapsed=1ms | Status=Completed
2026-04-27 16:19:34 | INF | ACTION_TRACE | Acc=Anonymous | Path=/DNTCaptchaImage/Show | IP=::1 | Start=2026-04-27 16:19:34.322 | Elapsed=14ms | Status=Completed
2026-04-27 16:19:39 | INF | ACTION_TRACE | Acc=admin | Path=/AdminPortal/Account/Login | IP=::1 | Start=2026-04-27 16:19:38.037 | Elapsed=1792ms | Status=Completed
2026-04-27 16:24:13 | INF | NETWORK_UNSTABLE | Acc=admin | IP=::1 | Path=/ | Reason=SlowRequest 7127ms
2026-04-27 16:26:14 | INF | NETWORK_UNSTABLE | Acc=admin | IP=::1 | Path=/ | Reason=SlowRequest 7152ms
2026-04-27 16:26:30 | INF | NETWORK_UNSTABLE | Acc=admin | IP=::1 | Path=/AdminPortal/Account/Login | Reason=SlowRequest 9176ms
2026-04-27 16:26:55 | INF | NETWORK_UNSTABLE | Acc=admin | IP=::1 | Path=/ | Reason=SlowRequest 3053ms
