2026-05-19 15:23:39 | ERR | Failed executing DbCommand (6ms) [Parameters=[@UserName='?' (Size = 3)], CommandType='"Text"', CommandTimeout='30']

        UPDATE sysfuction 
        SET sfu_status = 2,
            sfu_modifyname = @UserName,
            sfu_modifytime = GETDATE()
        WHERE sfu_no IN (111001,111000)
        AND sfu_status != 2
2026-05-19 15:23:45 | ERR | Failed executing DbCommand (6ms) [Parameters=[@UserName='?' (Size = 3)], CommandType='"Text"', CommandTimeout='30']

        UPDATE sysfuction 
        SET sfu_status = 2,
            sfu_modifyname = @UserName,
            sfu_modifytime = GETDATE()
        WHERE sfu_no IN (111001)
        AND sfu_status != 2
2026-05-19 15:23:50 | ERR | Failed executing DbCommand (3ms) [Parameters=[@UserName='?' (Size = 3)], CommandType='"Text"', CommandTimeout='30']

        UPDATE sysfuction 
        SET sfu_status = 2,
            sfu_modifyname = @UserName,
            sfu_modifytime = GETDATE()
        WHERE sfu_no IN (111001,111000)
        AND sfu_status != 2
