2026-05-15 08:14:59 | WRN | No store type was specified for the decimal property 'OveMoney' on entity type 'HROvertime'. This will cause values to be silently truncated if they do not fit in the default precision and scale. Explicitly specify the SQL server column type that can accommodate all the values in 'OnModelCreating' using 'HasColumnType', specify precision and scale using 'HasPrecision', or configure a value converter using 'HasConversion'.
2026-05-15 08:14:59 | WRN | No store type was specified for the decimal property 'Wag1D1Hour' on entity type 'HRWage'. This will cause values to be silently truncated if they do not fit in the default precision and scale. Explicitly specify the SQL server column type that can accommodate all the values in 'OnModelCreating' using 'HasColumnType', specify precision and scale using 'HasPrecision', or configure a value converter using 'HasConversion'.
2026-05-15 08:14:59 | WRN | No store type was specified for the decimal property 'Wag2D1Hour' on entity type 'HRWage'. This will cause values to be silently truncated if they do not fit in the default precision and scale. Explicitly specify the SQL server column type that can accommodate all the values in 'OnModelCreating' using 'HasColumnType', specify precision and scale using 'HasPrecision', or configure a value converter using 'HasConversion'.
2026-05-15 08:14:59 | WRN | No store type was specified for the decimal property 'Wag4D3Hour' on entity type 'HRWage'. This will cause values to be silently truncated if they do not fit in the default precision and scale. Explicitly specify the SQL server column type that can accommodate all the values in 'OnModelCreating' using 'HasColumnType', specify precision and scale using 'HasPrecision', or configure a value converter using 'HasConversion'.
2026-05-15 08:14:59 | WRN | No store type was specified for the decimal property 'Wag5D3Hour' on entity type 'HRWage'. This will cause values to be silently truncated if they do not fit in the default precision and scale. Explicitly specify the SQL server column type that can accommodate all the values in 'OnModelCreating' using 'HasColumnType', specify precision and scale using 'HasPrecision', or configure a value converter using 'HasConversion'.
2026-05-15 08:14:59 | WRN | No store type was specified for the decimal property 'Wag8D3Hour' on entity type 'HRWage'. This will cause values to be silently truncated if they do not fit in the default precision and scale. Explicitly specify the SQL server column type that can accommodate all the values in 'OnModelCreating' using 'HasColumnType', specify precision and scale using 'HasPrecision', or configure a value converter using 'HasConversion'.
2026-05-15 08:14:59 | WRN | No store type was specified for the decimal property 'WagApplyHour' on entity type 'HRWage'. This will cause values to be silently truncated if they do not fit in the default precision and scale. Explicitly specify the SQL server column type that can accommodate all the values in 'OnModelCreating' using 'HasColumnType', specify precision and scale using 'HasPrecision', or configure a value converter using 'HasConversion'.
2026-05-15 08:14:59 | WRN | No store type was specified for the decimal property 'WagIssueHour' on entity type 'HRWage'. This will cause values to be silently truncated if they do not fit in the default precision and scale. Explicitly specify the SQL server column type that can accommodate all the values in 'OnModelCreating' using 'HasColumnType', specify precision and scale using 'HasPrecision', or configure a value converter using 'HasConversion'.
2026-05-15 08:14:59 | WRN | No store type was specified for the decimal property 'WagSubtotal' on entity type 'HRWage'. This will cause values to be silently truncated if they do not fit in the default precision and scale. Explicitly specify the SQL server column type that can accommodate all the values in 'OnModelCreating' using 'HasColumnType', specify precision and scale using 'HasPrecision', or configure a value converter using 'HasConversion'.
2026-05-15 08:15:04 | WRN | The query uses the 'First'/'FirstOrDefault' operator without 'OrderBy' and filter operators. This may lead to unpredictable results.
2026-05-15 08:15:05 | INF | ACTION_TRACE | Acc=Anonymous | Path=/ | IP=::1 | Start=2026-05-15 08:14:58.187 | Elapsed=7606ms | Status=Completed
2026-05-15 08:15:05 | INF | NETWORK_UNSTABLE | Acc=Anonymous | Path=/ | Reason=SlowRequest 7606ms
2026-05-15 08:15:05 | INF | NETWORK_UNSTABLE | Acc=Anonymous | IP=::1 | Path=/ | Reason=SlowRequest 7804ms
2026-05-15 08:15:06 | INF | ACTION_TRACE | Acc=Anonymous | Path=/Captcha/Generate | IP=::1 | Start=2026-05-15 08:15:06.237 | Elapsed=43ms | Status=Completed
2026-05-15 08:15:06 | INF | ACTION_TRACE | Acc=Anonymous | Path=/DNTCaptchaImage/Show | IP=::1 | Start=2026-05-15 08:15:06.292 | Elapsed=327ms | Status=Completed
2026-05-15 08:15:20 | INF | ACTION_TRACE | Acc=admin | Path=/Account/Login | IP=::1 | Start=2026-05-15 08:15:13.227 | Elapsed=7352ms | Status=Completed
2026-05-15 08:15:20 | INF | NETWORK_UNSTABLE | Acc=admin | Path=/Account/Login | Reason=SlowRequest 7352ms
2026-05-15 08:15:20 | INF | NETWORK_UNSTABLE | Acc=admin | IP=::1 | Path=/Account/Login | Reason=SlowRequest 7353ms
2026-05-15 08:32:52 | INF | NETWORK_UNSTABLE | Acc=admin | IP=::1 | Path=/SYS202100/GetList | Reason=SlowRequest 4586ms
2026-05-15 09:31:58 | INF | NETWORK_UNSTABLE | Acc=admin | IP=::1 | Path=/ | Reason=SlowRequest 7379ms
2026-05-15 09:32:11 | INF | NETWORK_UNSTABLE | Acc=admin | IP=::1 | Path=/Account/Login | Reason=SlowRequest 9357ms
2026-05-15 09:32:25 | INF | NETWORK_UNSTABLE | Acc=admin | IP=::1 | Path=/SYS202100/GetList | Reason=SlowRequest 4557ms
2026-05-15 09:35:45 | INF | NETWORK_UNSTABLE | Acc=admin | IP=::1 | Path=/ | Reason=SlowRequest 7970ms
2026-05-15 09:36:36 | INF | NETWORK_UNSTABLE | Acc=admin | IP=::1 | Path=/Account/Login | Reason=SlowRequest 13007ms
2026-05-15 09:52:23 | INF | NETWORK_UNSTABLE | Acc=admin | IP=::1 | Path=/ | Reason=SlowRequest 7385ms
2026-05-15 09:53:42 | INF | NETWORK_UNSTABLE | Acc=admin | IP=::1 | Path=/Account/Login | Reason=SlowRequest 9688ms
2026-05-15 09:58:11 | INF | NETWORK_UNSTABLE | Acc=admin | IP=::1 | Path=/Home/Index | Reason=SlowRequest 4584ms
2026-05-15 10:06:34 | INF | NETWORK_UNSTABLE | Acc=admin | IP=::1 | Path=/ | Reason=SlowRequest 7238ms
2026-05-15 10:06:48 | INF | NETWORK_UNSTABLE | Acc=admin | IP=::1 | Path=/Account/Login | Reason=SlowRequest 7568ms
2026-05-15 10:11:06 | INF | NETWORK_UNSTABLE | Acc=admin | IP=::1 | Path=/ | Reason=SlowRequest 7452ms
2026-05-15 10:14:38 | INF | NETWORK_UNSTABLE | Acc=admin | IP=::1 | Path=/Account/Login | Reason=SlowRequest 7146ms
2026-05-15 10:19:05 | INF | NETWORK_UNSTABLE | Acc=admin | IP=::1 | Path=/ | Reason=SlowRequest 7329ms
2026-05-15 10:19:38 | INF | NETWORK_UNSTABLE | Acc=admin | IP=::1 | Path=/Account/Login | Reason=SlowRequest 7404ms
2026-05-15 10:30:44 | INF | NETWORK_UNSTABLE | Acc=admin | IP=::1 | Path=/ | Reason=SlowRequest 7394ms
2026-05-15 10:30:58 | INF | NETWORK_UNSTABLE | Acc=admin | IP=::1 | Path=/Account/Login | Reason=SlowRequest 6981ms
2026-05-15 10:34:12 | INF | NETWORK_UNSTABLE | Acc=admin | IP=::1 | Path=/SYS202100/GetList | Reason=SlowRequest 4590ms
2026-05-15 11:05:11 | INF | NETWORK_UNSTABLE | Acc=admin | IP=::1 | Path=/ | Reason=SlowRequest 7347ms
2026-05-15 11:05:25 | INF | NETWORK_UNSTABLE | Acc=admin | IP=::1 | Path=/Account/Login | Reason=SlowRequest 9218ms
2026-05-15 11:09:42 | INF | NETWORK_UNSTABLE | Acc=admin | IP=::1 | Path=/ | Reason=SlowRequest 7667ms
2026-05-15 11:09:56 | INF | NETWORK_UNSTABLE | Acc=admin | IP=::1 | Path=/Account/Login | Reason=SlowRequest 10313ms
2026-05-15 11:11:42 | INF | NETWORK_UNSTABLE | Acc=admin | IP=::1 | Path=/SYS202100/GetList | Reason=SlowRequest 4552ms
2026-05-15 11:28:59 | INF | NETWORK_UNSTABLE | Acc=admin | IP=::1 | Path=/ | Reason=SlowRequest 7944ms
2026-05-15 11:29:27 | INF | NETWORK_UNSTABLE | Acc=admin | IP=::1 | Path=/Account/Login | Reason=SlowRequest 9317ms
2026-05-15 11:29:46 | INF | NETWORK_UNSTABLE | Acc=admin | IP=::1 | Path=/SYS202100/GetList | Reason=SlowRequest 4611ms
2026-05-15 11:32:46 | INF | NETWORK_UNSTABLE | Acc=admin | IP=::1 | Path=/ | Reason=SlowRequest 7320ms
2026-05-15 11:33:37 | INF | NETWORK_UNSTABLE | Acc=admin | IP=::1 | Path=/Account/Login | Reason=SlowRequest 10426ms
2026-05-15 11:34:18 | INF | NETWORK_UNSTABLE | Acc=admin | IP=::1 | Path=/SYS202100/GetList | Reason=SlowRequest 4566ms
2026-05-15 11:43:33 | INF | NETWORK_UNSTABLE | Acc=admin | IP=::1 | Path=/SYS202100/Update | Reason=SlowRequest 4622ms
2026-05-15 11:47:55 | INF | NETWORK_UNSTABLE | Acc=admin | IP=::1 | Path=/ | Reason=SlowRequest 7395ms
2026-05-15 11:48:14 | INF | NETWORK_UNSTABLE | Acc=admin | IP=::1 | Path=/Account/Login | Reason=SlowRequest 6930ms
2026-05-15 11:50:14 | INF | NETWORK_UNSTABLE | Acc=admin | IP=::1 | Path=/SYS202100/GetList | Reason=SlowRequest 4556ms
2026-05-15 13:37:59 | WRN | No store type was specified for the decimal property 'OveMoney' on entity type 'HROvertime'. This will cause values to be silently truncated if they do not fit in the default precision and scale. Explicitly specify the SQL server column type that can accommodate all the values in 'OnModelCreating' using 'HasColumnType', specify precision and scale using 'HasPrecision', or configure a value converter using 'HasConversion'.
2026-05-15 13:37:59 | WRN | No store type was specified for the decimal property 'Wag1D1Hour' on entity type 'HRWage'. This will cause values to be silently truncated if they do not fit in the default precision and scale. Explicitly specify the SQL server column type that can accommodate all the values in 'OnModelCreating' using 'HasColumnType', specify precision and scale using 'HasPrecision', or configure a value converter using 'HasConversion'.
2026-05-15 13:37:59 | WRN | No store type was specified for the decimal property 'Wag2D1Hour' on entity type 'HRWage'. This will cause values to be silently truncated if they do not fit in the default precision and scale. Explicitly specify the SQL server column type that can accommodate all the values in 'OnModelCreating' using 'HasColumnType', specify precision and scale using 'HasPrecision', or configure a value converter using 'HasConversion'.
2026-05-15 13:37:59 | WRN | No store type was specified for the decimal property 'Wag4D3Hour' on entity type 'HRWage'. This will cause values to be silently truncated if they do not fit in the default precision and scale. Explicitly specify the SQL server column type that can accommodate all the values in 'OnModelCreating' using 'HasColumnType', specify precision and scale using 'HasPrecision', or configure a value converter using 'HasConversion'.
2026-05-15 13:37:59 | WRN | No store type was specified for the decimal property 'Wag5D3Hour' on entity type 'HRWage'. This will cause values to be silently truncated if they do not fit in the default precision and scale. Explicitly specify the SQL server column type that can accommodate all the values in 'OnModelCreating' using 'HasColumnType', specify precision and scale using 'HasPrecision', or configure a value converter using 'HasConversion'.
2026-05-15 13:37:59 | WRN | No store type was specified for the decimal property 'Wag8D3Hour' on entity type 'HRWage'. This will cause values to be silently truncated if they do not fit in the default precision and scale. Explicitly specify the SQL server column type that can accommodate all the values in 'OnModelCreating' using 'HasColumnType', specify precision and scale using 'HasPrecision', or configure a value converter using 'HasConversion'.
2026-05-15 13:37:59 | WRN | No store type was specified for the decimal property 'WagApplyHour' on entity type 'HRWage'. This will cause values to be silently truncated if they do not fit in the default precision and scale. Explicitly specify the SQL server column type that can accommodate all the values in 'OnModelCreating' using 'HasColumnType', specify precision and scale using 'HasPrecision', or configure a value converter using 'HasConversion'.
2026-05-15 13:37:59 | WRN | No store type was specified for the decimal property 'WagIssueHour' on entity type 'HRWage'. This will cause values to be silently truncated if they do not fit in the default precision and scale. Explicitly specify the SQL server column type that can accommodate all the values in 'OnModelCreating' using 'HasColumnType', specify precision and scale using 'HasPrecision', or configure a value converter using 'HasConversion'.
2026-05-15 13:37:59 | WRN | No store type was specified for the decimal property 'WagSubtotal' on entity type 'HRWage'. This will cause values to be silently truncated if they do not fit in the default precision and scale. Explicitly specify the SQL server column type that can accommodate all the values in 'OnModelCreating' using 'HasColumnType', specify precision and scale using 'HasPrecision', or configure a value converter using 'HasConversion'.
2026-05-15 13:38:04 | WRN | The query uses the 'First'/'FirstOrDefault' operator without 'OrderBy' and filter operators. This may lead to unpredictable results.
2026-05-15 13:38:05 | INF | ACTION_TRACE | Acc=Anonymous | Path=/ | IP=::1 | Start=2026-05-15 13:37:58.298 | Elapsed=7070ms | Status=Completed
2026-05-15 13:38:05 | INF | NETWORK_UNSTABLE | Acc=Anonymous | Path=/ | Reason=SlowRequest 7070ms
2026-05-15 13:38:05 | INF | NETWORK_UNSTABLE | Acc=Anonymous | IP=::1 | Path=/ | Reason=SlowRequest 7264ms
2026-05-15 13:38:05 | INF | ACTION_TRACE | Acc=Anonymous | Path=/Captcha/Generate | IP=::1 | Start=2026-05-15 13:38:05.665 | Elapsed=45ms | Status=Completed
2026-05-15 13:38:05 | INF | ACTION_TRACE | Acc=Anonymous | Path=/DNTCaptchaImage/Show | IP=::1 | Start=2026-05-15 13:38:05.727 | Elapsed=182ms | Status=Completed
2026-05-15 13:38:20 | INF | ACTION_TRACE | Acc=admin | Path=/Account/Login | IP=::1 | Start=2026-05-15 13:38:10.509 | Elapsed=9674ms | Status=Completed
2026-05-15 13:38:20 | INF | NETWORK_UNSTABLE | Acc=admin | Path=/Account/Login | Reason=SlowRequest 9674ms
2026-05-15 13:38:20 | INF | NETWORK_UNSTABLE | Acc=admin | IP=::1 | Path=/Account/Login | Reason=SlowRequest 9675ms
2026-05-15 13:41:50 | INF | NETWORK_UNSTABLE | Acc=admin | IP=::1 | Path=/SYS202100/GetList | Reason=SlowRequest 4579ms
2026-05-15 13:49:29 | INF | NETWORK_UNSTABLE | Acc=admin | IP=::1 | Path=/ | Reason=SlowRequest 7315ms
2026-05-15 13:49:46 | INF | NETWORK_UNSTABLE | Acc=admin | IP=::1 | Path=/Account/Login | Reason=SlowRequest 9162ms
2026-05-15 13:50:30 | INF | NETWORK_UNSTABLE | Acc=admin | IP=::1 | Path=/SYS202100/GetList | Reason=SlowRequest 4563ms
2026-05-15 14:02:42 | INF | NETWORK_UNSTABLE | Acc=admin | IP=::1 | Path=/SYS202100/GetByVariable | Reason=SlowRequest 37033ms
2026-05-15 14:02:42 | ERR | 未預期錯誤
2026-05-15 14:03:41 | INF | NETWORK_UNSTABLE | Acc=admin | IP=::1 | Path=/ | Reason=SlowRequest 7269ms
2026-05-15 14:03:55 | INF | NETWORK_UNSTABLE | Acc=admin | IP=::1 | Path=/Account/Login | Reason=SlowRequest 7258ms
2026-05-15 14:06:03 | INF | NETWORK_UNSTABLE | Acc=admin | IP=::1 | Path=/SYS202100/GetByVariable | Reason=SlowRequest 20891ms
2026-05-15 14:06:03 | ERR | 未預期錯誤
2026-05-15 14:13:44 | INF | NETWORK_UNSTABLE | Acc=admin | IP=::1 | Path=/ | Reason=SlowRequest 7393ms
2026-05-15 14:13:57 | INF | NETWORK_UNSTABLE | Acc=admin | IP=::1 | Path=/Account/Login | Reason=SlowRequest 9174ms
2026-05-15 15:00:13 | INF | NETWORK_UNSTABLE | Acc=admin | IP=::1 | Path=/ | Reason=SlowRequest 7414ms
2026-05-15 15:00:24 | INF | NETWORK_UNSTABLE | Acc=admin | IP=::1 | Path=/Account/Login | Reason=SlowRequest 7526ms
2026-05-15 15:59:53 | INF | NETWORK_UNSTABLE | Acc=admin | IP=::1 | Path=/ | Reason=SlowRequest 7319ms
2026-05-15 16:00:14 | INF | NETWORK_UNSTABLE | Acc=admin | IP=::1 | Path=/Account/Login | Reason=SlowRequest 10776ms
2026-05-15 16:00:23 | INF | ACTION_TRACE | Acc=Anonymous | Path=/ | IP=::1 | Start=2026-05-15 16:00:22.500 | Elapsed=507ms | Status=Completed
2026-05-15 16:00:23 | INF | ACTION_TRACE | Acc=Anonymous | Path=/Captcha/Generate | IP=::1 | Start=2026-05-15 16:00:23.207 | Elapsed=1ms | Status=Completed
2026-05-15 16:00:23 | INF | ACTION_TRACE | Acc=Anonymous | Path=/DNTCaptchaImage/Show | IP=::1 | Start=2026-05-15 16:00:23.222 | Elapsed=15ms | Status=Completed
2026-05-15 16:00:25 | INF | ACTION_TRACE | Acc=Anonymous | Path=/AdminPortal/Account/Login | IP=::1 | Start=2026-05-15 16:00:25.086 | Elapsed=31ms | Status=Completed
2026-05-15 16:00:25 | INF | ACTION_TRACE | Acc=Anonymous | Path=/Captcha/Generate | IP=::1 | Start=2026-05-15 16:00:25.198 | Elapsed=1ms | Status=Completed
2026-05-15 16:00:25 | INF | ACTION_TRACE | Acc=Anonymous | Path=/DNTCaptchaImage/Show | IP=::1 | Start=2026-05-15 16:00:25.205 | Elapsed=16ms | Status=Completed
2026-05-15 16:00:33 | WRN | The query uses the 'First'/'FirstOrDefault' operator without 'OrderBy' and filter operators. This may lead to unpredictable results.
2026-05-15 16:00:33 | WRN | The query uses the 'First'/'FirstOrDefault' operator without 'OrderBy' and filter operators. This may lead to unpredictable results.
2026-05-15 16:00:33 | INF | ACTION_TRACE | Acc=admin | Path=/AdminPortal/Account/Login | IP=::1 | Start=2026-05-15 16:00:28.142 | Elapsed=4961ms | Status=Completed
2026-05-15 16:00:33 | INF | NETWORK_UNSTABLE | Acc=admin | Path=/AdminPortal/Account/Login | Reason=SlowRequest 4961ms
2026-05-15 16:00:33 | INF | NETWORK_UNSTABLE | Acc=admin | IP=::1 | Path=/AdminPortal/Account/Login | Reason=SlowRequest 4962ms
2026-05-15 16:10:09 | INF | NETWORK_UNSTABLE | Acc=admin | IP=::1 | Path=/ | Reason=SlowRequest 7167ms
2026-05-15 16:10:22 | INF | NETWORK_UNSTABLE | Acc=admin | IP=::1 | Path=/Account/Login | Reason=SlowRequest 7270ms
