2026-04-30 09:59:45 | WRN | No store type was specified for the decimal property 'OveMoney' on entity type 'HROvertime'. This will cause values to be silently truncated if they do not fit in the default precision and scale. Explicitly specify the SQL server column type that can accommodate all the values in 'OnModelCreating' using 'HasColumnType', specify precision and scale using 'HasPrecision', or configure a value converter using 'HasConversion'.
2026-04-30 09:59:45 | WRN | No store type was specified for the decimal property 'Wag1D1Hour' on entity type 'HRWage'. This will cause values to be silently truncated if they do not fit in the default precision and scale. Explicitly specify the SQL server column type that can accommodate all the values in 'OnModelCreating' using 'HasColumnType', specify precision and scale using 'HasPrecision', or configure a value converter using 'HasConversion'.
2026-04-30 09:59:45 | WRN | No store type was specified for the decimal property 'Wag2D1Hour' on entity type 'HRWage'. This will cause values to be silently truncated if they do not fit in the default precision and scale. Explicitly specify the SQL server column type that can accommodate all the values in 'OnModelCreating' using 'HasColumnType', specify precision and scale using 'HasPrecision', or configure a value converter using 'HasConversion'.
2026-04-30 09:59:45 | WRN | No store type was specified for the decimal property 'Wag4D3Hour' on entity type 'HRWage'. This will cause values to be silently truncated if they do not fit in the default precision and scale. Explicitly specify the SQL server column type that can accommodate all the values in 'OnModelCreating' using 'HasColumnType', specify precision and scale using 'HasPrecision', or configure a value converter using 'HasConversion'.
2026-04-30 09:59:45 | WRN | No store type was specified for the decimal property 'Wag5D3Hour' on entity type 'HRWage'. This will cause values to be silently truncated if they do not fit in the default precision and scale. Explicitly specify the SQL server column type that can accommodate all the values in 'OnModelCreating' using 'HasColumnType', specify precision and scale using 'HasPrecision', or configure a value converter using 'HasConversion'.
2026-04-30 09:59:45 | WRN | No store type was specified for the decimal property 'Wag8D3Hour' on entity type 'HRWage'. This will cause values to be silently truncated if they do not fit in the default precision and scale. Explicitly specify the SQL server column type that can accommodate all the values in 'OnModelCreating' using 'HasColumnType', specify precision and scale using 'HasPrecision', or configure a value converter using 'HasConversion'.
2026-04-30 09:59:45 | WRN | No store type was specified for the decimal property 'WagApplyHour' on entity type 'HRWage'. This will cause values to be silently truncated if they do not fit in the default precision and scale. Explicitly specify the SQL server column type that can accommodate all the values in 'OnModelCreating' using 'HasColumnType', specify precision and scale using 'HasPrecision', or configure a value converter using 'HasConversion'.
2026-04-30 09:59:45 | WRN | No store type was specified for the decimal property 'WagIssueHour' on entity type 'HRWage'. This will cause values to be silently truncated if they do not fit in the default precision and scale. Explicitly specify the SQL server column type that can accommodate all the values in 'OnModelCreating' using 'HasColumnType', specify precision and scale using 'HasPrecision', or configure a value converter using 'HasConversion'.
2026-04-30 09:59:45 | WRN | No store type was specified for the decimal property 'WagSubtotal' on entity type 'HRWage'. This will cause values to be silently truncated if they do not fit in the default precision and scale. Explicitly specify the SQL server column type that can accommodate all the values in 'OnModelCreating' using 'HasColumnType', specify precision and scale using 'HasPrecision', or configure a value converter using 'HasConversion'.
2026-04-30 09:59:50 | WRN | The query uses the 'First'/'FirstOrDefault' operator without 'OrderBy' and filter operators. This may lead to unpredictable results.
2026-04-30 09:59:52 | INF | ACTION_TRACE | Acc=Anonymous | Path=/ | IP=::1 | Start=2026-04-30 09:59:44.478 | Elapsed=7655ms | Status=Completed
2026-04-30 09:59:52 | INF | NETWORK_UNSTABLE | Acc=Anonymous | Path=/ | Reason=SlowRequest 7655ms
2026-04-30 09:59:52 | INF | NETWORK_UNSTABLE | Acc=Anonymous | IP=::1 | Path=/ | Reason=SlowRequest 7853ms
2026-04-30 09:59:52 | INF | ACTION_TRACE | Acc=Anonymous | Path=/Captcha/Generate | IP=::1 | Start=2026-04-30 09:59:52.588 | Elapsed=42ms | Status=Completed
2026-04-30 09:59:53 | INF | ACTION_TRACE | Acc=Anonymous | Path=/DNTCaptchaImage/Show | IP=::1 | Start=2026-04-30 09:59:52.642 | Elapsed=393ms | Status=Completed
2026-04-30 10:00:11 | INF | ACTION_TRACE | Acc=admin | Path=/Account/Login | IP=::1 | Start=2026-04-30 10:00:00.673 | Elapsed=10661ms | Status=Completed
2026-04-30 10:00:11 | INF | NETWORK_UNSTABLE | Acc=admin | Path=/Account/Login | Reason=SlowRequest 10661ms
2026-04-30 10:00:11 | INF | NETWORK_UNSTABLE | Acc=admin | IP=::1 | Path=/Account/Login | Reason=SlowRequest 10745ms
2026-04-30 10:17:37 | INF | NETWORK_UNSTABLE | Acc=admin | IP=::1 | Path=/ | Reason=SlowRequest 7126ms
2026-04-30 10:17:49 | INF | NETWORK_UNSTABLE | Acc=admin | IP=::1 | Path=/Account/Login | Reason=SlowRequest 7428ms
2026-04-30 16:27:24 | WRN | No store type was specified for the decimal property 'OveMoney' on entity type 'HROvertime'. This will cause values to be silently truncated if they do not fit in the default precision and scale. Explicitly specify the SQL server column type that can accommodate all the values in 'OnModelCreating' using 'HasColumnType', specify precision and scale using 'HasPrecision', or configure a value converter using 'HasConversion'.
2026-04-30 16:27:24 | WRN | No store type was specified for the decimal property 'Wag1D1Hour' on entity type 'HRWage'. This will cause values to be silently truncated if they do not fit in the default precision and scale. Explicitly specify the SQL server column type that can accommodate all the values in 'OnModelCreating' using 'HasColumnType', specify precision and scale using 'HasPrecision', or configure a value converter using 'HasConversion'.
2026-04-30 16:27:24 | WRN | No store type was specified for the decimal property 'Wag2D1Hour' on entity type 'HRWage'. This will cause values to be silently truncated if they do not fit in the default precision and scale. Explicitly specify the SQL server column type that can accommodate all the values in 'OnModelCreating' using 'HasColumnType', specify precision and scale using 'HasPrecision', or configure a value converter using 'HasConversion'.
2026-04-30 16:27:24 | WRN | No store type was specified for the decimal property 'Wag4D3Hour' on entity type 'HRWage'. This will cause values to be silently truncated if they do not fit in the default precision and scale. Explicitly specify the SQL server column type that can accommodate all the values in 'OnModelCreating' using 'HasColumnType', specify precision and scale using 'HasPrecision', or configure a value converter using 'HasConversion'.
2026-04-30 16:27:24 | WRN | No store type was specified for the decimal property 'Wag5D3Hour' on entity type 'HRWage'. This will cause values to be silently truncated if they do not fit in the default precision and scale. Explicitly specify the SQL server column type that can accommodate all the values in 'OnModelCreating' using 'HasColumnType', specify precision and scale using 'HasPrecision', or configure a value converter using 'HasConversion'.
2026-04-30 16:27:24 | WRN | No store type was specified for the decimal property 'Wag8D3Hour' on entity type 'HRWage'. This will cause values to be silently truncated if they do not fit in the default precision and scale. Explicitly specify the SQL server column type that can accommodate all the values in 'OnModelCreating' using 'HasColumnType', specify precision and scale using 'HasPrecision', or configure a value converter using 'HasConversion'.
2026-04-30 16:27:24 | WRN | No store type was specified for the decimal property 'WagApplyHour' on entity type 'HRWage'. This will cause values to be silently truncated if they do not fit in the default precision and scale. Explicitly specify the SQL server column type that can accommodate all the values in 'OnModelCreating' using 'HasColumnType', specify precision and scale using 'HasPrecision', or configure a value converter using 'HasConversion'.
2026-04-30 16:27:24 | WRN | No store type was specified for the decimal property 'WagIssueHour' on entity type 'HRWage'. This will cause values to be silently truncated if they do not fit in the default precision and scale. Explicitly specify the SQL server column type that can accommodate all the values in 'OnModelCreating' using 'HasColumnType', specify precision and scale using 'HasPrecision', or configure a value converter using 'HasConversion'.
2026-04-30 16:27:24 | WRN | No store type was specified for the decimal property 'WagSubtotal' on entity type 'HRWage'. This will cause values to be silently truncated if they do not fit in the default precision and scale. Explicitly specify the SQL server column type that can accommodate all the values in 'OnModelCreating' using 'HasColumnType', specify precision and scale using 'HasPrecision', or configure a value converter using 'HasConversion'.
2026-04-30 16:27:30 | WRN | The query uses the 'First'/'FirstOrDefault' operator without 'OrderBy' and filter operators. This may lead to unpredictable results.
2026-04-30 16:27:31 | INF | ACTION_TRACE | Acc=Anonymous | Path=/ | IP=::1 | Start=2026-04-30 16:27:23.734 | Elapsed=7415ms | Status=Completed
2026-04-30 16:27:31 | INF | NETWORK_UNSTABLE | Acc=Anonymous | Path=/ | Reason=SlowRequest 7415ms
2026-04-30 16:27:31 | INF | NETWORK_UNSTABLE | Acc=Anonymous | IP=::1 | Path=/ | Reason=SlowRequest 7634ms
2026-04-30 16:27:31 | INF | ACTION_TRACE | Acc=Anonymous | Path=/Captcha/Generate | IP=::1 | Start=2026-04-30 16:27:31.849 | Elapsed=34ms | Status=Completed
2026-04-30 16:27:32 | INF | ACTION_TRACE | Acc=Anonymous | Path=/DNTCaptchaImage/Show | IP=::1 | Start=2026-04-30 16:27:31.895 | Elapsed=449ms | Status=Completed
2026-04-30 16:27:45 | INF | ACTION_TRACE | Acc=admin | Path=/Account/Login | IP=::1 | Start=2026-04-30 16:27:35.258 | Elapsed=10325ms | Status=Completed
2026-04-30 16:27:45 | INF | NETWORK_UNSTABLE | Acc=admin | Path=/Account/Login | Reason=SlowRequest 10325ms
2026-04-30 16:27:45 | INF | NETWORK_UNSTABLE | Acc=admin | IP=::1 | Path=/Account/Login | Reason=SlowRequest 10326ms
2026-04-30 16:28:44 | INF | NETWORK_UNSTABLE | Acc=admin | IP=::1 | Path=/ | Reason=SlowRequest 7550ms
2026-04-30 16:30:31 | INF | NETWORK_UNSTABLE | Acc=admin | IP=::1 | Path=/Account/Login | Reason=SlowRequest 10648ms
2026-04-30 16:38:15 | INF | NETWORK_UNSTABLE | Acc=admin | IP=::1 | Path=/ | Reason=SlowRequest 7423ms
2026-04-30 16:38:33 | INF | NETWORK_UNSTABLE | Acc=admin | IP=::1 | Path=/Account/Login | Reason=SlowRequest 13924ms
2026-04-30 16:39:36 | INF | NETWORK_UNSTABLE | Acc=admin | IP=::1 | Path=/FileUpload/GetFileList | Reason=SlowRequest 4610ms
2026-04-30 16:41:30 | INF | NETWORK_UNSTABLE | Acc=admin | IP=::1 | Path=/ | Reason=SlowRequest 7168ms
2026-04-30 16:42:08 | INF | NETWORK_UNSTABLE | Acc=admin | IP=::1 | Path=/Account/Login | Reason=SlowRequest 10691ms
2026-04-30 16:57:16 | INF | NETWORK_UNSTABLE | Acc=admin | IP=::1 | Path=/ | Reason=SlowRequest 7071ms
2026-04-30 16:57:37 | INF | NETWORK_UNSTABLE | Acc=admin | IP=::1 | Path=/Account/Login | Reason=SlowRequest 10962ms
2026-04-30 16:59:38 | INF | NETWORK_UNSTABLE | Acc=admin | IP=::1 | Path=/ | Reason=SlowRequest 7208ms
2026-04-30 16:59:53 | INF | NETWORK_UNSTABLE | Acc=admin | IP=::1 | Path=/Account/Login | Reason=SlowRequest 10512ms
2026-04-30 17:02:57 | INF | NETWORK_UNSTABLE | Acc=admin | IP=::1 | Path=/ | Reason=SlowRequest 7477ms
2026-04-30 17:03:16 | INF | NETWORK_UNSTABLE | Acc=admin | IP=::1 | Path=/Account/Login | Reason=SlowRequest 7777ms
