2026-04-21 09:13:36 | INF | ACTION_TRACE | Acc=admin | Path=/AdminPortal/Home/Index | IP=::1 | Start=2026-04-21 09:13:36.514 | Elapsed=126ms | Status=Completed
2026-04-21 09:13:39 | WRN | The query uses the 'First'/'FirstOrDefault' operator without 'OrderBy' and filter operators. This may lead to unpredictable results.
2026-04-21 09:13:39 | INF | CONTROLLER_EXEC | Acc= admin | IP=::1 | Path=ADS999999/ADS999999 | Message=GET /ADS999999/ADS999999
2026-04-21 09:13:39 | INF | ACTION_TRACE | Acc=admin | Path=/ADS999999/ADS999999 | IP=::1 | Start=2026-04-21 09:13:39.701 | Elapsed=59ms | Status=Completed
2026-04-21 09:37:58 | INF | ACTION_TRACE | Acc=admin | Path=/AdminPortal/Home/Index | IP=::1 | Start=2026-04-21 09:37:53.482 | Elapsed=4564ms | Status=Completed
2026-04-21 09:37:58 | INF | NETWORK_UNSTABLE | Acc=admin | Path=/AdminPortal/Home/Index | Reason=SlowRequest 4564ms
2026-04-21 09:38:02 | INF | ACTION_TRACE | Acc=admin | Path=/AdminPortal/Home/Index | IP=::1 | Start=2026-04-21 09:37:58.008 | Elapsed=4571ms | Status=Completed
2026-04-21 09:38:02 | INF | NETWORK_UNSTABLE | Acc=admin | Path=/AdminPortal/Home/Index | Reason=SlowRequest 4571ms
2026-04-21 09:38:16 | INF | CONTROLLER_EXEC | Acc= admin | IP=::1 | Path=ADS999999/ADS999999 | Message=GET /ADS999999/ADS999999
2026-04-21 09:38:16 | INF | ACTION_TRACE | Acc=admin | Path=/ADS999999/ADS999999 | IP=::1 | Start=2026-04-21 09:38:16.873 | Elapsed=24ms | Status=Completed
2026-04-21 09:41:30 | INF | ACTION_TRACE | Acc=admin | Path=/AdminPortal/Home/Index | IP=::1 | Start=2026-04-21 09:41:30.586 | Elapsed=13ms | Status=Completed
2026-04-21 09:41:34 | INF | CONTROLLER_EXEC | Acc= admin | IP=::1 | Path=ADS999999/ADS999999 | Message=GET /ADS999999/ADS999999
2026-04-21 09:41:34 | INF | ACTION_TRACE | Acc=admin | Path=/ADS999999/ADS999999 | IP=::1 | Start=2026-04-21 09:41:34.917 | Elapsed=7ms | Status=Completed
2026-04-21 09:42:10 | WRN | No store type was specified for the decimal property 'OveMoney' on entity type 'HROvertime'. This will cause values to be silently truncated if they do not fit in the default precision and scale. Explicitly specify the SQL server column type that can accommodate all the values in 'OnModelCreating' using 'HasColumnType', specify precision and scale using 'HasPrecision', or configure a value converter using 'HasConversion'.
2026-04-21 09:42:10 | WRN | No store type was specified for the decimal property 'Wag1D1Hour' on entity type 'HRWage'. This will cause values to be silently truncated if they do not fit in the default precision and scale. Explicitly specify the SQL server column type that can accommodate all the values in 'OnModelCreating' using 'HasColumnType', specify precision and scale using 'HasPrecision', or configure a value converter using 'HasConversion'.
2026-04-21 09:42:10 | WRN | No store type was specified for the decimal property 'Wag2D1Hour' on entity type 'HRWage'. This will cause values to be silently truncated if they do not fit in the default precision and scale. Explicitly specify the SQL server column type that can accommodate all the values in 'OnModelCreating' using 'HasColumnType', specify precision and scale using 'HasPrecision', or configure a value converter using 'HasConversion'.
2026-04-21 09:42:10 | WRN | No store type was specified for the decimal property 'Wag4D3Hour' on entity type 'HRWage'. This will cause values to be silently truncated if they do not fit in the default precision and scale. Explicitly specify the SQL server column type that can accommodate all the values in 'OnModelCreating' using 'HasColumnType', specify precision and scale using 'HasPrecision', or configure a value converter using 'HasConversion'.
2026-04-21 09:42:10 | WRN | No store type was specified for the decimal property 'Wag5D3Hour' on entity type 'HRWage'. This will cause values to be silently truncated if they do not fit in the default precision and scale. Explicitly specify the SQL server column type that can accommodate all the values in 'OnModelCreating' using 'HasColumnType', specify precision and scale using 'HasPrecision', or configure a value converter using 'HasConversion'.
2026-04-21 09:42:10 | WRN | No store type was specified for the decimal property 'Wag8D3Hour' on entity type 'HRWage'. This will cause values to be silently truncated if they do not fit in the default precision and scale. Explicitly specify the SQL server column type that can accommodate all the values in 'OnModelCreating' using 'HasColumnType', specify precision and scale using 'HasPrecision', or configure a value converter using 'HasConversion'.
2026-04-21 09:42:10 | WRN | No store type was specified for the decimal property 'WagApplyHour' on entity type 'HRWage'. This will cause values to be silently truncated if they do not fit in the default precision and scale. Explicitly specify the SQL server column type that can accommodate all the values in 'OnModelCreating' using 'HasColumnType', specify precision and scale using 'HasPrecision', or configure a value converter using 'HasConversion'.
2026-04-21 09:42:10 | WRN | No store type was specified for the decimal property 'WagIssueHour' on entity type 'HRWage'. This will cause values to be silently truncated if they do not fit in the default precision and scale. Explicitly specify the SQL server column type that can accommodate all the values in 'OnModelCreating' using 'HasColumnType', specify precision and scale using 'HasPrecision', or configure a value converter using 'HasConversion'.
2026-04-21 09:42:10 | WRN | No store type was specified for the decimal property 'WagSubtotal' on entity type 'HRWage'. This will cause values to be silently truncated if they do not fit in the default precision and scale. Explicitly specify the SQL server column type that can accommodate all the values in 'OnModelCreating' using 'HasColumnType', specify precision and scale using 'HasPrecision', or configure a value converter using 'HasConversion'.
2026-04-21 09:42:15 | WRN | The query uses the 'First'/'FirstOrDefault' operator without 'OrderBy' and filter operators. This may lead to unpredictable results.
2026-04-21 09:42:16 | INF | ACTION_TRACE | Acc=admin | Path=/ | IP=::1 | Start=2026-04-21 09:42:09.225 | Elapsed=6849ms | Status=Completed
2026-04-21 09:42:16 | INF | NETWORK_UNSTABLE | Acc=admin | Path=/ | Reason=SlowRequest 6849ms
2026-04-21 09:42:16 | INF | ACTION_TRACE | Acc=admin | Path=/Captcha/Generate | IP=::1 | Start=2026-04-21 09:42:16.235 | Elapsed=37ms | Status=Completed
2026-04-21 09:42:16 | INF | ACTION_TRACE | Acc=admin | Path=/DNTCaptchaImage/Show | IP=::1 | Start=2026-04-21 09:42:16.291 | Elapsed=169ms | Status=Completed
2026-04-21 09:42:41 | INF | ACTION_TRACE | Acc=admin | Path=/AdminPortal/Account/Login | IP=::1 | Start=2026-04-21 09:42:41.572 | Elapsed=101ms | Status=Completed
2026-04-21 09:42:41 | INF | ACTION_TRACE | Acc=admin | Path=/Captcha/Generate | IP=::1 | Start=2026-04-21 09:42:41.741 | Elapsed=4ms | Status=Completed
2026-04-21 09:42:41 | INF | ACTION_TRACE | Acc=admin | Path=/DNTCaptchaImage/Show | IP=::1 | Start=2026-04-21 09:42:41.752 | Elapsed=14ms | Status=Completed
2026-04-21 09:42:51 | INF | ACTION_TRACE | Acc=admin | Path=/AdminPortal/Account/Login | IP=::1 | Start=2026-04-21 09:42:44.898 | Elapsed=6583ms | Status=Completed
2026-04-21 09:42:51 | INF | NETWORK_UNSTABLE | Acc=admin | Path=/AdminPortal/Account/Login | Reason=SlowRequest 6583ms
2026-04-21 09:42:51 | INF | ACTION_TRACE | Acc=admin | Path=/AdminPortal/Home/Index | IP=::1 | Start=2026-04-21 09:42:51.495 | Elapsed=128ms | Status=Completed
2026-04-21 09:43:03 | WRN | The query uses the 'First'/'FirstOrDefault' operator without 'OrderBy' and filter operators. This may lead to unpredictable results.
2026-04-21 09:43:03 | INF | CONTROLLER_EXEC | Acc= admin | IP=::1 | Path=ADS999999/ADS999999 | Message=GET /ADS999999/ADS999999
2026-04-21 09:43:03 | INF | ACTION_TRACE | Acc=admin | Path=/ADS999999/ADS999999 | IP=::1 | Start=2026-04-21 09:43:03.606 | Elapsed=59ms | Status=Completed
2026-04-21 09:43:39 | INF | ACTION_TRACE | Acc=admin | Path=/AdminPortal/Home/Index | IP=::1 | Start=2026-04-21 09:43:39.261 | Elapsed=36ms | Status=Completed
2026-04-21 09:43:42 | INF | CONTROLLER_EXEC | Acc= admin | IP=::1 | Path=ADS999999/ADS999999 | Message=GET /ADS999999/ADS999999
2026-04-21 09:43:42 | INF | ACTION_TRACE | Acc=admin | Path=/ADS999999/ADS999999 | IP=::1 | Start=2026-04-21 09:43:42.598 | Elapsed=17ms | Status=Completed
2026-04-21 09:45:41 | INF | ACTION_TRACE | Acc=admin | Path=/AdminPortal/Home/Index | IP=::1 | Start=2026-04-21 09:45:41.772 | Elapsed=22ms | Status=Completed
2026-04-21 09:45:44 | INF | CONTROLLER_EXEC | Acc= admin | IP=::1 | Path=ADS999999/ADS999999 | Message=GET /ADS999999/ADS999999
2026-04-21 09:45:44 | INF | ACTION_TRACE | Acc=admin | Path=/ADS999999/ADS999999 | IP=::1 | Start=2026-04-21 09:45:44.051 | Elapsed=23ms | Status=Completed
2026-04-21 09:45:50 | INF | ACTION_TRACE | Acc=admin | Path=/AdminPortal/Home/Index | IP=::1 | Start=2026-04-21 09:45:50.355 | Elapsed=22ms | Status=Completed
2026-04-21 09:45:53 | INF | CONTROLLER_EXEC | Acc= admin | IP=::1 | Path=ADS999999/ADS999999 | Message=GET /ADS999999/ADS999999
2026-04-21 09:45:53 | INF | ACTION_TRACE | Acc=admin | Path=/ADS999999/ADS999999 | IP=::1 | Start=2026-04-21 09:45:53.856 | Elapsed=20ms | Status=Completed
2026-04-21 09:46:43 | INF | ACTION_TRACE | Acc=admin | Path=/AdminPortal/Home/Index | IP=::1 | Start=2026-04-21 09:46:43.267 | Elapsed=26ms | Status=Completed
2026-04-21 09:46:52 | INF | ACTION_TRACE | Acc=admin | Path=/AdminPortal/Home/Index | IP=::1 | Start=2026-04-21 09:46:52.888 | Elapsed=25ms | Status=Completed
2026-04-21 09:47:07 | INF | ACTION_TRACE | Acc=admin | Path=/AdminPortal/Home/Index | IP=::1 | Start=2026-04-21 09:47:07.361 | Elapsed=25ms | Status=Completed
2026-04-21 09:47:11 | INF | CONTROLLER_EXEC | Acc= admin | IP=::1 | Path=ADS999999/ADS999999 | Message=GET /ADS999999/ADS999999
2026-04-21 09:47:11 | INF | ACTION_TRACE | Acc=admin | Path=/ADS999999/ADS999999 | IP=::1 | Start=2026-04-21 09:47:11.313 | Elapsed=19ms | Status=Completed
2026-04-21 09:47:23 | INF | ACTION_TRACE | Acc=admin | Path=/AdminPortal/Home/Index | IP=::1 | Start=2026-04-21 09:47:23.362 | Elapsed=33ms | Status=Completed
2026-04-21 09:47:26 | INF | CONTROLLER_EXEC | Acc= admin | IP=::1 | Path=ADS999999/ADS999999 | Message=GET /ADS999999/ADS999999
2026-04-21 09:47:26 | INF | ACTION_TRACE | Acc=admin | Path=/ADS999999/ADS999999 | IP=::1 | Start=2026-04-21 09:47:26.808 | Elapsed=25ms | Status=Completed
2026-04-21 09:47:40 | INF | ACTION_TRACE | Acc=admin | Path=/AdminPortal/Home/Index | IP=::1 | Start=2026-04-21 09:47:40.106 | Elapsed=37ms | Status=Completed
2026-04-21 09:47:52 | INF | ACTION_TRACE | Acc=admin | Path=/AdminPortal/Home/Index | IP=::1 | Start=2026-04-21 09:47:52.930 | Elapsed=28ms | Status=Completed
2026-04-21 09:48:39 | INF | ACTION_TRACE | Acc=admin | Path=/AdminPortal/Home/Index | IP=::1 | Start=2026-04-21 09:48:39.933 | Elapsed=29ms | Status=Completed
2026-04-21 09:48:46 | INF | ACTION_TRACE | Acc=admin | Path=/AdminPortal/Home/Index | IP=::1 | Start=2026-04-21 09:48:46.057 | Elapsed=159ms | Status=Completed
2026-04-21 09:48:50 | INF | CONTROLLER_EXEC | Acc= admin | IP=::1 | Path=ADS999999/ADS999999 | Message=GET /ADS999999/ADS999999
2026-04-21 09:48:50 | INF | ACTION_TRACE | Acc=admin | Path=/ADS999999/ADS999999 | IP=::1 | Start=2026-04-21 09:48:50.061 | Elapsed=111ms | Status=Completed
2026-04-21 09:48:57 | INF | ACTION_TRACE | Acc=admin | Path=/AdminPortal/Home/Index | IP=::1 | Start=2026-04-21 09:48:57.394 | Elapsed=151ms | Status=Completed
2026-04-21 09:49:01 | INF | CONTROLLER_EXEC | Acc= admin | IP=::1 | Path=ADS999999/ADS999999 | Message=GET /ADS999999/ADS999999
2026-04-21 09:49:01 | INF | ACTION_TRACE | Acc=admin | Path=/ADS999999/ADS999999 | IP=::1 | Start=2026-04-21 09:49:01.515 | Elapsed=24ms | Status=Completed
2026-04-21 09:57:10 | INF | ACTION_TRACE | Acc=admin | Path=/AdminPortal/Home/Index | IP=::1 | Start=2026-04-21 09:57:00.888 | Elapsed=9150ms | Status=Completed
2026-04-21 09:57:10 | INF | NETWORK_UNSTABLE | Acc=admin | Path=/AdminPortal/Home/Index | Reason=SlowRequest 9150ms
2026-04-21 09:57:13 | INF | CONTROLLER_EXEC | Acc= admin | IP=::1 | Path=ADS999999/ADS999999 | Message=GET /ADS999999/ADS999999
2026-04-21 09:57:13 | INF | ACTION_TRACE | Acc=admin | Path=/ADS999999/ADS999999 | IP=::1 | Start=2026-04-21 09:57:13.638 | Elapsed=17ms | Status=Completed
2026-04-21 09:57:14 | INF | CONTROLLER_EXEC | Acc= admin | IP=::1 | Path=ADS999999/ADS999999 | Message=GET /ADS999999/ADS999999
2026-04-21 09:57:14 | INF | ACTION_TRACE | Acc=admin | Path=/ADS999999/ADS999999 | IP=::1 | Start=2026-04-21 09:57:02.770 | Elapsed=11808ms | Status=Completed
2026-04-21 09:57:14 | INF | NETWORK_UNSTABLE | Acc=admin | Path=/ADS999999/ADS999999 | Reason=SlowRequest 11808ms
2026-04-21 09:57:47 | INF | ACTION_TRACE | Acc=admin | Path=/AdminPortal/Home/Index | IP=::1 | Start=2026-04-21 09:57:47.397 | Elapsed=29ms | Status=Completed
2026-04-21 09:57:53 | INF | CONTROLLER_EXEC | Acc= admin | IP=::1 | Path=ADS999999/ADS999999 | Message=GET /ADS999999/ADS999999
2026-04-21 09:57:53 | INF | ACTION_TRACE | Acc=admin | Path=/ADS999999/ADS999999 | IP=::1 | Start=2026-04-21 09:57:53.864 | Elapsed=27ms | Status=Completed
2026-04-21 09:58:07 | INF | ACTION_TRACE | Acc=admin | Path=/AdminPortal/Home/Index | IP=::1 | Start=2026-04-21 09:58:07.397 | Elapsed=31ms | Status=Completed
2026-04-21 09:58:09 | INF | CONTROLLER_EXEC | Acc= admin | IP=::1 | Path=ADS999999/ADS999999 | Message=GET /ADS999999/ADS999999
2026-04-21 09:58:09 | INF | ACTION_TRACE | Acc=admin | Path=/ADS999999/ADS999999 | IP=::1 | Start=2026-04-21 09:58:09.749 | Elapsed=20ms | Status=Completed
2026-04-21 09:58:27 | INF | ACTION_TRACE | Acc=admin | Path=/AdminPortal/Home/Index | IP=::1 | Start=2026-04-21 09:58:27.894 | Elapsed=29ms | Status=Completed
2026-04-21 09:58:33 | INF | CONTROLLER_EXEC | Acc= admin | IP=::1 | Path=ADS999999/ADS999999 | Message=GET /ADS999999/ADS999999
2026-04-21 09:58:33 | INF | ACTION_TRACE | Acc=admin | Path=/ADS999999/ADS999999 | IP=::1 | Start=2026-04-21 09:58:33.561 | Elapsed=29ms | Status=Completed
2026-04-21 09:59:01 | INF | ACTION_TRACE | Acc=admin | Path=/AdminPortal/Home/Index | IP=::1 | Start=2026-04-21 09:59:01.765 | Elapsed=29ms | Status=Completed
2026-04-21 09:59:09 | INF | CONTROLLER_EXEC | Acc= admin | IP=::1 | Path=ADS999999/ADS999999 | Message=GET /ADS999999/ADS999999
2026-04-21 09:59:09 | INF | ACTION_TRACE | Acc=admin | Path=/ADS999999/ADS999999 | IP=::1 | Start=2026-04-21 09:59:09.729 | Elapsed=28ms | Status=Completed
2026-04-21 09:59:16 | INF | ACTION_TRACE | Acc=admin | Path=/AdminPortal/Home/Index | IP=::1 | Start=2026-04-21 09:59:16.269 | Elapsed=27ms | Status=Completed
2026-04-21 09:59:21 | INF | CONTROLLER_EXEC | Acc= admin | IP=::1 | Path=ADS999999/ADS999999 | Message=GET /ADS999999/ADS999999
2026-04-21 09:59:21 | INF | ACTION_TRACE | Acc=admin | Path=/ADS999999/ADS999999 | IP=::1 | Start=2026-04-21 09:59:21.601 | Elapsed=23ms | Status=Completed
2026-04-21 09:59:30 | INF | ACTION_TRACE | Acc=admin | Path=/AdminPortal/Home/Index | IP=::1 | Start=2026-04-21 09:59:30.912 | Elapsed=30ms | Status=Completed
2026-04-21 09:59:34 | INF | CONTROLLER_EXEC | Acc= admin | IP=::1 | Path=ADS999999/ADS999999 | Message=GET /ADS999999/ADS999999
2026-04-21 09:59:34 | INF | ACTION_TRACE | Acc=admin | Path=/ADS999999/ADS999999 | IP=::1 | Start=2026-04-21 09:59:34.916 | Elapsed=22ms | Status=Completed
2026-04-21 09:59:40 | INF | ACTION_TRACE | Acc=admin | Path=/AdminPortal/Home/Index | IP=::1 | Start=2026-04-21 09:59:40.839 | Elapsed=31ms | Status=Completed
2026-04-21 09:59:43 | INF | CONTROLLER_EXEC | Acc= admin | IP=::1 | Path=ADS999999/ADS999999 | Message=GET /ADS999999/ADS999999
2026-04-21 09:59:43 | INF | ACTION_TRACE | Acc=admin | Path=/ADS999999/ADS999999 | IP=::1 | Start=2026-04-21 09:59:43.517 | Elapsed=23ms | Status=Completed
2026-04-21 09:59:50 | INF | ACTION_TRACE | Acc=admin | Path=/AdminPortal/Home/Index | IP=::1 | Start=2026-04-21 09:59:50.591 | Elapsed=26ms | Status=Completed
2026-04-21 09:59:53 | INF | CONTROLLER_EXEC | Acc= admin | IP=::1 | Path=ADS999999/ADS999999 | Message=GET /ADS999999/ADS999999
2026-04-21 09:59:53 | INF | ACTION_TRACE | Acc=admin | Path=/ADS999999/ADS999999 | IP=::1 | Start=2026-04-21 09:59:53.008 | Elapsed=23ms | Status=Completed
2026-04-21 10:01:39 | INF | ACTION_TRACE | Acc=admin | Path=/AdminPortal/Home/Index | IP=::1 | Start=2026-04-21 10:01:39.339 | Elapsed=27ms | Status=Completed
2026-04-21 10:01:43 | INF | CONTROLLER_EXEC | Acc= admin | IP=::1 | Path=ADS999999/ADS999999 | Message=GET /ADS999999/ADS999999
2026-04-21 10:01:43 | INF | ACTION_TRACE | Acc=admin | Path=/ADS999999/ADS999999 | IP=::1 | Start=2026-04-21 10:01:43.507 | Elapsed=23ms | Status=Completed
2026-04-21 10:02:01 | INF | ACTION_TRACE | Acc=admin | Path=/AdminPortal/Home/Index | IP=::1 | Start=2026-04-21 10:02:01.236 | Elapsed=26ms | Status=Completed
2026-04-21 10:02:04 | INF | CONTROLLER_EXEC | Acc= admin | IP=::1 | Path=ADS999999/ADS999999 | Message=GET /ADS999999/ADS999999
2026-04-21 10:02:04 | INF | ACTION_TRACE | Acc=admin | Path=/ADS999999/ADS999999 | IP=::1 | Start=2026-04-21 10:02:04.188 | Elapsed=23ms | Status=Completed
2026-04-21 10:02:21 | INF | ACTION_TRACE | Acc=admin | Path=/AdminPortal/Home/Index | IP=::1 | Start=2026-04-21 10:02:21.712 | Elapsed=42ms | Status=Completed
2026-04-21 10:02:24 | INF | CONTROLLER_EXEC | Acc= admin | IP=::1 | Path=ADS999999/ADS999999 | Message=GET /ADS999999/ADS999999
2026-04-21 10:02:24 | INF | ACTION_TRACE | Acc=admin | Path=/ADS999999/ADS999999 | IP=::1 | Start=2026-04-21 10:02:24.513 | Elapsed=92ms | Status=Completed
2026-04-21 10:02:52 | INF | ACTION_TRACE | Acc=admin | Path=/AdminPortal/Home/Index | IP=::1 | Start=2026-04-21 10:02:52.128 | Elapsed=28ms | Status=Completed
2026-04-21 10:02:54 | INF | CONTROLLER_EXEC | Acc= admin | IP=::1 | Path=ADS999999/ADS999999 | Message=GET /ADS999999/ADS999999
2026-04-21 10:02:54 | INF | ACTION_TRACE | Acc=admin | Path=/ADS999999/ADS999999 | IP=::1 | Start=2026-04-21 10:02:54.572 | Elapsed=23ms | Status=Completed
2026-04-21 10:03:07 | INF | ACTION_TRACE | Acc=admin | Path=/AdminPortal/Home/Index | IP=::1 | Start=2026-04-21 10:03:07.748 | Elapsed=28ms | Status=Completed
2026-04-21 10:03:12 | INF | CONTROLLER_EXEC | Acc= admin | IP=::1 | Path=ADS999999/ADS999999 | Message=GET /ADS999999/ADS999999
2026-04-21 10:03:12 | INF | ACTION_TRACE | Acc=admin | Path=/ADS999999/ADS999999 | IP=::1 | Start=2026-04-21 10:03:12.114 | Elapsed=25ms | Status=Completed
2026-04-21 10:03:40 | INF | ACTION_TRACE | Acc=admin | Path=/AdminPortal/Home/Index | IP=::1 | Start=2026-04-21 10:03:40.431 | Elapsed=30ms | Status=Completed
2026-04-21 10:03:43 | INF | CONTROLLER_EXEC | Acc= admin | IP=::1 | Path=ADS999999/ADS999999 | Message=GET /ADS999999/ADS999999
2026-04-21 10:03:43 | INF | ACTION_TRACE | Acc=admin | Path=/ADS999999/ADS999999 | IP=::1 | Start=2026-04-21 10:03:43.152 | Elapsed=23ms | Status=Completed
2026-04-21 10:04:35 | INF | ACTION_TRACE | Acc=admin | Path=/AdminPortal/Home/Index | IP=::1 | Start=2026-04-21 10:04:35.897 | Elapsed=28ms | Status=Completed
2026-04-21 10:04:39 | INF | CONTROLLER_EXEC | Acc= admin | IP=::1 | Path=ADS999999/ADS999999 | Message=GET /ADS999999/ADS999999
2026-04-21 10:04:39 | INF | ACTION_TRACE | Acc=admin | Path=/ADS999999/ADS999999 | IP=::1 | Start=2026-04-21 10:04:39.685 | Elapsed=22ms | Status=Completed
2026-04-21 10:04:49 | INF | ACTION_TRACE | Acc=admin | Path=/AdminPortal/Home/Index | IP=::1 | Start=2026-04-21 10:04:49.201 | Elapsed=28ms | Status=Completed
2026-04-21 10:04:51 | INF | CONTROLLER_EXEC | Acc= admin | IP=::1 | Path=ADS999999/ADS999999 | Message=GET /ADS999999/ADS999999
2026-04-21 10:04:51 | INF | ACTION_TRACE | Acc=admin | Path=/ADS999999/ADS999999 | IP=::1 | Start=2026-04-21 10:04:51.724 | Elapsed=26ms | Status=Completed
2026-04-21 10:05:03 | INF | ACTION_TRACE | Acc=admin | Path=/AdminPortal/Home/Index | IP=::1 | Start=2026-04-21 10:05:03.792 | Elapsed=36ms | Status=Completed
2026-04-21 10:05:06 | INF | CONTROLLER_EXEC | Acc= admin | IP=::1 | Path=ADS999999/ADS999999 | Message=GET /ADS999999/ADS999999
2026-04-21 10:05:06 | INF | ACTION_TRACE | Acc=admin | Path=/ADS999999/ADS999999 | IP=::1 | Start=2026-04-21 10:05:06.843 | Elapsed=22ms | Status=Completed
2026-04-21 10:05:27 | INF | ACTION_TRACE | Acc=admin | Path=/AdminPortal/Home/Index | IP=::1 | Start=2026-04-21 10:05:27.187 | Elapsed=25ms | Status=Completed
2026-04-21 10:05:32 | INF | CONTROLLER_EXEC | Acc= admin | IP=::1 | Path=ADS999999/ADS999999 | Message=GET /ADS999999/ADS999999
2026-04-21 10:05:32 | INF | ACTION_TRACE | Acc=admin | Path=/ADS999999/ADS999999 | IP=::1 | Start=2026-04-21 10:05:32.118 | Elapsed=23ms | Status=Completed
2026-04-21 10:17:03 | INF | ACTION_TRACE | Acc=admin | Path=/AdminPortal/Home/Index | IP=::1 | Start=2026-04-21 10:16:58.411 | Elapsed=4615ms | Status=Completed
2026-04-21 10:17:03 | INF | NETWORK_UNSTABLE | Acc=admin | Path=/AdminPortal/Home/Index | Reason=SlowRequest 4615ms
2026-04-21 10:17:13 | INF | CONTROLLER_EXEC | Acc= admin | IP=::1 | Path=ADS999999/ADS999999 | Message=GET /ADS999999/ADS999999
2026-04-21 10:17:13 | INF | ACTION_TRACE | Acc=admin | Path=/ADS999999/ADS999999 | IP=::1 | Start=2026-04-21 10:17:13.651 | Elapsed=24ms | Status=Completed
2026-04-21 10:17:26 | INF | ACTION_TRACE | Acc=admin | Path=/AdminPortal/Home/Index | IP=::1 | Start=2026-04-21 10:17:26.212 | Elapsed=31ms | Status=Completed
2026-04-21 10:17:29 | INF | CONTROLLER_EXEC | Acc= admin | IP=::1 | Path=ADS999999/ADS999999 | Message=GET /ADS999999/ADS999999
2026-04-21 10:17:29 | INF | ACTION_TRACE | Acc=admin | Path=/ADS999999/ADS999999 | IP=::1 | Start=2026-04-21 10:17:29.325 | Elapsed=20ms | Status=Completed
2026-04-21 10:17:39 | INF | CONTROLLER_EXEC | Acc= admin | IP=::1 | Path=ADS999999/ADS999999 | Message=GET /ADS999999/ADS999999
2026-04-21 10:17:39 | INF | ACTION_TRACE | Acc=admin | Path=/ADS999999/ADS999999 | IP=::1 | Start=2026-04-21 10:17:39.090 | Elapsed=3ms | Status=Completed
2026-04-21 10:19:15 | INF | ACTION_TRACE | Acc=admin | Path=/AdminPortal/Home/Index | IP=::1 | Start=2026-04-21 10:19:15.198 | Elapsed=31ms | Status=Completed
2026-04-21 10:19:19 | INF | CONTROLLER_EXEC | Acc= admin | IP=::1 | Path=ADS999999/ADS999999 | Message=GET /ADS999999/ADS999999
2026-04-21 10:19:19 | INF | ACTION_TRACE | Acc=admin | Path=/ADS999999/ADS999999 | IP=::1 | Start=2026-04-21 10:19:19.225 | Elapsed=22ms | Status=Completed
2026-04-21 10:19:29 | INF | CONTROLLER_EXEC | Acc= admin | IP=::1 | Path=ADS999999/ADS999999 | Message=GET /ADS999999/ADS999999
2026-04-21 10:19:29 | INF | ACTION_TRACE | Acc=admin | Path=/ADS999999/ADS999999 | IP=::1 | Start=2026-04-21 10:19:29.517 | Elapsed=5ms | Status=Completed
2026-04-21 10:20:27 | INF | ACTION_TRACE | Acc=admin | Path=/AdminPortal/Home/Index | IP=::1 | Start=2026-04-21 10:20:27.257 | Elapsed=33ms | Status=Completed
2026-04-21 10:20:43 | INF | CONTROLLER_EXEC | Acc= admin | IP=::1 | Path=ADS999999/ADS999999 | Message=GET /ADS999999/ADS999999
2026-04-21 10:20:43 | INF | ACTION_TRACE | Acc=admin | Path=/ADS999999/ADS999999 | IP=::1 | Start=2026-04-21 10:20:43.089 | Elapsed=23ms | Status=Completed
2026-04-21 10:20:48 | INF | ACTION_TRACE | Acc=admin | Path=/AdminPortal/Home/Index | IP=::1 | Start=2026-04-21 10:20:48.814 | Elapsed=29ms | Status=Completed
2026-04-21 10:20:51 | INF | CONTROLLER_EXEC | Acc= admin | IP=::1 | Path=ADS999999/ADS999999 | Message=GET /ADS999999/ADS999999
2026-04-21 10:20:51 | INF | ACTION_TRACE | Acc=admin | Path=/ADS999999/ADS999999 | IP=::1 | Start=2026-04-21 10:20:51.666 | Elapsed=24ms | Status=Completed
2026-04-21 10:22:33 | INF | ACTION_TRACE | Acc=admin | Path=/AdminPortal/Home/Index | IP=::1 | Start=2026-04-21 10:22:33.407 | Elapsed=46ms | Status=Completed
2026-04-21 10:22:36 | INF | CONTROLLER_EXEC | Acc= admin | IP=::1 | Path=ADS999999/ADS999999 | Message=GET /ADS999999/ADS999999
2026-04-21 10:22:36 | INF | ACTION_TRACE | Acc=admin | Path=/ADS999999/ADS999999 | IP=::1 | Start=2026-04-21 10:22:36.413 | Elapsed=22ms | Status=Completed
2026-04-21 10:22:39 | INF | ACTION_TRACE | Acc=admin | Path=/AdminPortal/Home/Index | IP=::1 | Start=2026-04-21 10:22:39.110 | Elapsed=31ms | Status=Completed
2026-04-21 10:22:42 | INF | CONTROLLER_EXEC | Acc= admin | IP=::1 | Path=ADS999999/ADS999999 | Message=GET /ADS999999/ADS999999
2026-04-21 10:22:42 | INF | ACTION_TRACE | Acc=admin | Path=/ADS999999/ADS999999 | IP=::1 | Start=2026-04-21 10:22:42.347 | Elapsed=19ms | Status=Completed
2026-04-21 10:23:51 | INF | ACTION_TRACE | Acc=admin | Path=/AdminPortal/Home/Index | IP=::1 | Start=2026-04-21 10:23:51.869 | Elapsed=29ms | Status=Completed
2026-04-21 10:23:56 | INF | CONTROLLER_EXEC | Acc= admin | IP=::1 | Path=ADS999999/ADS999999 | Message=GET /ADS999999/ADS999999
2026-04-21 10:23:56 | INF | ACTION_TRACE | Acc=admin | Path=/ADS999999/ADS999999 | IP=::1 | Start=2026-04-21 10:23:56.011 | Elapsed=21ms | Status=Completed
2026-04-21 10:24:07 | INF | CONTROLLER_EXEC | Acc= admin | IP=::1 | Path=ADS999999/ADS999999 | Message=GET /ADS999999/ADS999999
2026-04-21 10:24:07 | INF | ACTION_TRACE | Acc=admin | Path=/ADS999999/ADS999999 | IP=::1 | Start=2026-04-21 10:24:07.321 | Elapsed=4ms | Status=Completed
2026-04-21 10:24:08 | INF | CONTROLLER_EXEC | Acc= admin | IP=::1 | Path=ADS999999/ADS999999 | Message=GET /ADS999999/ADS999999
2026-04-21 10:24:08 | INF | ACTION_TRACE | Acc=admin | Path=/ADS999999/ADS999999 | IP=::1 | Start=2026-04-21 10:24:08.639 | Elapsed=3ms | Status=Completed
2026-04-21 10:24:09 | INF | CONTROLLER_EXEC | Acc= admin | IP=::1 | Path=ADS999999/ADS999999 | Message=GET /ADS999999/ADS999999
2026-04-21 10:24:09 | INF | ACTION_TRACE | Acc=admin | Path=/ADS999999/ADS999999 | IP=::1 | Start=2026-04-21 10:24:09.011 | Elapsed=3ms | Status=Completed
2026-04-21 10:24:33 | WRN | No store type was specified for the decimal property 'OveMoney' on entity type 'HROvertime'. This will cause values to be silently truncated if they do not fit in the default precision and scale. Explicitly specify the SQL server column type that can accommodate all the values in 'OnModelCreating' using 'HasColumnType', specify precision and scale using 'HasPrecision', or configure a value converter using 'HasConversion'.
2026-04-21 10:24:33 | WRN | No store type was specified for the decimal property 'Wag1D1Hour' on entity type 'HRWage'. This will cause values to be silently truncated if they do not fit in the default precision and scale. Explicitly specify the SQL server column type that can accommodate all the values in 'OnModelCreating' using 'HasColumnType', specify precision and scale using 'HasPrecision', or configure a value converter using 'HasConversion'.
2026-04-21 10:24:33 | WRN | No store type was specified for the decimal property 'Wag2D1Hour' on entity type 'HRWage'. This will cause values to be silently truncated if they do not fit in the default precision and scale. Explicitly specify the SQL server column type that can accommodate all the values in 'OnModelCreating' using 'HasColumnType', specify precision and scale using 'HasPrecision', or configure a value converter using 'HasConversion'.
2026-04-21 10:24:33 | WRN | No store type was specified for the decimal property 'Wag4D3Hour' on entity type 'HRWage'. This will cause values to be silently truncated if they do not fit in the default precision and scale. Explicitly specify the SQL server column type that can accommodate all the values in 'OnModelCreating' using 'HasColumnType', specify precision and scale using 'HasPrecision', or configure a value converter using 'HasConversion'.
2026-04-21 10:24:33 | WRN | No store type was specified for the decimal property 'Wag5D3Hour' on entity type 'HRWage'. This will cause values to be silently truncated if they do not fit in the default precision and scale. Explicitly specify the SQL server column type that can accommodate all the values in 'OnModelCreating' using 'HasColumnType', specify precision and scale using 'HasPrecision', or configure a value converter using 'HasConversion'.
2026-04-21 10:24:33 | WRN | No store type was specified for the decimal property 'Wag8D3Hour' on entity type 'HRWage'. This will cause values to be silently truncated if they do not fit in the default precision and scale. Explicitly specify the SQL server column type that can accommodate all the values in 'OnModelCreating' using 'HasColumnType', specify precision and scale using 'HasPrecision', or configure a value converter using 'HasConversion'.
2026-04-21 10:24:33 | WRN | No store type was specified for the decimal property 'WagApplyHour' on entity type 'HRWage'. This will cause values to be silently truncated if they do not fit in the default precision and scale. Explicitly specify the SQL server column type that can accommodate all the values in 'OnModelCreating' using 'HasColumnType', specify precision and scale using 'HasPrecision', or configure a value converter using 'HasConversion'.
2026-04-21 10:24:33 | WRN | No store type was specified for the decimal property 'WagIssueHour' on entity type 'HRWage'. This will cause values to be silently truncated if they do not fit in the default precision and scale. Explicitly specify the SQL server column type that can accommodate all the values in 'OnModelCreating' using 'HasColumnType', specify precision and scale using 'HasPrecision', or configure a value converter using 'HasConversion'.
2026-04-21 10:24:33 | WRN | No store type was specified for the decimal property 'WagSubtotal' on entity type 'HRWage'. This will cause values to be silently truncated if they do not fit in the default precision and scale. Explicitly specify the SQL server column type that can accommodate all the values in 'OnModelCreating' using 'HasColumnType', specify precision and scale using 'HasPrecision', or configure a value converter using 'HasConversion'.
2026-04-21 10:24:38 | WRN | The query uses the 'First'/'FirstOrDefault' operator without 'OrderBy' and filter operators. This may lead to unpredictable results.
2026-04-21 10:24:39 | INF | ACTION_TRACE | Acc=admin | Path=/ | IP=::1 | Start=2026-04-21 10:24:32.355 | Elapsed=7032ms | Status=Completed
2026-04-21 10:24:39 | INF | NETWORK_UNSTABLE | Acc=admin | Path=/ | Reason=SlowRequest 7032ms
2026-04-21 10:24:39 | INF | ACTION_TRACE | Acc=admin | Path=/Captcha/Generate | IP=::1 | Start=2026-04-21 10:24:39.583 | Elapsed=40ms | Status=Completed
2026-04-21 10:24:39 | INF | ACTION_TRACE | Acc=admin | Path=/DNTCaptchaImage/Show | IP=::1 | Start=2026-04-21 10:24:39.649 | Elapsed=106ms | Status=Completed
2026-04-21 10:25:18 | INF | ACTION_TRACE | Acc=admin | Path=/AdminPortal/Account/Login | IP=::1 | Start=2026-04-21 10:25:18.266 | Elapsed=102ms | Status=Completed
2026-04-21 10:25:18 | INF | ACTION_TRACE | Acc=admin | Path=/Captcha/Generate | IP=::1 | Start=2026-04-21 10:25:18.454 | Elapsed=5ms | Status=Completed
2026-04-21 10:25:18 | INF | ACTION_TRACE | Acc=admin | Path=/DNTCaptchaImage/Show | IP=::1 | Start=2026-04-21 10:25:18.467 | Elapsed=16ms | Status=Completed
2026-04-21 10:25:28 | INF | ACTION_TRACE | Acc=admin | Path=/AdminPortal/Account/Login | IP=::1 | Start=2026-04-21 10:25:21.676 | Elapsed=6754ms | Status=Completed
2026-04-21 10:25:28 | INF | NETWORK_UNSTABLE | Acc=admin | Path=/AdminPortal/Account/Login | Reason=SlowRequest 6754ms
2026-04-21 10:25:28 | INF | ACTION_TRACE | Acc=admin | Path=/AdminPortal/Home/Index | IP=::1 | Start=2026-04-21 10:25:28.446 | Elapsed=145ms | Status=Completed
2026-04-21 10:25:32 | WRN | The query uses the 'First'/'FirstOrDefault' operator without 'OrderBy' and filter operators. This may lead to unpredictable results.
2026-04-21 10:25:32 | INF | CONTROLLER_EXEC | Acc= admin | IP=::1 | Path=ADS999999/ADS999999 | Message=GET /ADS999999/ADS999999
2026-04-21 10:25:32 | INF | ACTION_TRACE | Acc=admin | Path=/ADS999999/ADS999999 | IP=::1 | Start=2026-04-21 10:25:32.269 | Elapsed=57ms | Status=Completed
2026-04-21 10:26:47 | INF | ACTION_TRACE | Acc=admin | Path=/AdminPortal/Home/Index | IP=::1 | Start=2026-04-21 10:26:47.011 | Elapsed=28ms | Status=Completed
2026-04-21 10:26:49 | INF | CONTROLLER_EXEC | Acc= admin | IP=::1 | Path=ADS999999/ADS999999 | Message=GET /ADS999999/ADS999999
2026-04-21 10:26:49 | INF | ACTION_TRACE | Acc=admin | Path=/ADS999999/ADS999999 | IP=::1 | Start=2026-04-21 10:26:49.818 | Elapsed=24ms | Status=Completed
2026-04-21 10:26:53 | INF | ACTION_TRACE | Acc=admin | Path=/.well-known/appspecific/com.chrome.devtools.json | IP=::1 | Start=2026-04-21 10:26:53.947 | Elapsed=0ms | Status=Completed
2026-04-21 10:27:10 | INF | ACTION_TRACE | Acc=admin | Path=/AdminPortal/Home/Index | IP=::1 | Start=2026-04-21 10:27:10.144 | Elapsed=12ms | Status=Completed
2026-04-21 10:27:10 | INF | ACTION_TRACE | Acc=admin | Path=/.well-known/appspecific/com.chrome.devtools.json | IP=::1 | Start=2026-04-21 10:27:10.278 | Elapsed=0ms | Status=Completed
2026-04-21 10:27:15 | INF | CONTROLLER_EXEC | Acc= admin | IP=::1 | Path=ADS999999/ADS999999 | Message=GET /ADS999999/ADS999999
2026-04-21 10:27:15 | INF | ACTION_TRACE | Acc=admin | Path=/ADS999999/ADS999999 | IP=::1 | Start=2026-04-21 10:27:15.244 | Elapsed=7ms | Status=Completed
2026-04-21 10:27:34 | INF | ACTION_TRACE | Acc=admin | Path=/AdminPortal/Home/Index | IP=::1 | Start=2026-04-21 10:27:34.238 | Elapsed=26ms | Status=Completed
2026-04-21 10:27:36 | INF | CONTROLLER_EXEC | Acc= admin | IP=::1 | Path=ADS999999/ADS999999 | Message=GET /ADS999999/ADS999999
2026-04-21 10:27:36 | INF | ACTION_TRACE | Acc=admin | Path=/ADS999999/ADS999999 | IP=::1 | Start=2026-04-21 10:27:36.626 | Elapsed=22ms | Status=Completed
2026-04-21 10:27:44 | INF | ACTION_TRACE | Acc=admin | Path=/.well-known/appspecific/com.chrome.devtools.json | IP=::1 | Start=2026-04-21 10:27:44.408 | Elapsed=0ms | Status=Completed
2026-04-21 10:27:49 | INF | ACTION_TRACE | Acc=admin | Path=/AdminPortal/Home/Index | IP=::1 | Start=2026-04-21 10:27:48.995 | Elapsed=9ms | Status=Completed
2026-04-21 10:27:49 | INF | ACTION_TRACE | Acc=admin | Path=/.well-known/appspecific/com.chrome.devtools.json | IP=::1 | Start=2026-04-21 10:27:49.078 | Elapsed=0ms | Status=Completed
2026-04-21 10:27:51 | INF | CONTROLLER_EXEC | Acc= admin | IP=::1 | Path=ADS999999/ADS999999 | Message=GET /ADS999999/ADS999999
2026-04-21 10:27:51 | INF | ACTION_TRACE | Acc=admin | Path=/ADS999999/ADS999999 | IP=::1 | Start=2026-04-21 10:27:51.414 | Elapsed=5ms | Status=Completed
2026-04-21 10:28:28 | INF | ACTION_TRACE | Acc=admin | Path=/AdminPortal/Home/Index | IP=::1 | Start=2026-04-21 10:28:28.929 | Elapsed=25ms | Status=Completed
2026-04-21 10:28:29 | INF | ACTION_TRACE | Acc=admin | Path=/.well-known/appspecific/com.chrome.devtools.json | IP=::1 | Start=2026-04-21 10:28:29.033 | Elapsed=0ms | Status=Completed
2026-04-21 10:35:28 | INF | ACTION_TRACE | Acc=admin | Path=/AdminPortal/Home/Index | IP=::1 | Start=2026-04-21 10:35:28.480 | Elapsed=37ms | Status=Completed
2026-04-21 10:35:33 | INF | ACTION_TRACE | Acc=admin | Path=/.well-known/appspecific/com.chrome.devtools.json | IP=::1 | Start=2026-04-21 10:35:33.122 | Elapsed=0ms | Status=Completed
2026-04-21 10:35:33 | INF | ACTION_TRACE | Acc=admin | Path=/.well-known/appspecific/com.chrome.devtools.json | IP=::1 | Start=2026-04-21 10:35:33.122 | Elapsed=0ms | Status=Completed
2026-04-21 10:35:33 | INF | ACTION_TRACE | Acc=admin | Path=/AdminPortal/Home/Index | IP=::1 | Start=2026-04-21 10:35:33.122 | Elapsed=50ms | Status=Completed
2026-04-21 10:35:34 | INF | CONTROLLER_EXEC | Acc= admin | IP=::1 | Path=ADS999999/ADS999999 | Message=GET /ADS999999/ADS999999
2026-04-21 10:35:34 | INF | ACTION_TRACE | Acc=admin | Path=/ADS999999/ADS999999 | IP=::1 | Start=2026-04-21 10:35:34.827 | Elapsed=22ms | Status=Completed
2026-04-21 10:36:02 | INF | ACTION_TRACE | Acc=admin | Path=/AdminPortal/Home/Index | IP=::1 | Start=2026-04-21 10:36:01.979 | Elapsed=31ms | Status=Completed
2026-04-21 10:36:04 | INF | CONTROLLER_EXEC | Acc= admin | IP=::1 | Path=ADS999999/ADS999999 | Message=GET /ADS999999/ADS999999
2026-04-21 10:36:04 | INF | ACTION_TRACE | Acc=admin | Path=/ADS999999/ADS999999 | IP=::1 | Start=2026-04-21 10:36:04.839 | Elapsed=23ms | Status=Completed
2026-04-21 10:36:55 | INF | ACTION_TRACE | Acc=admin | Path=/AdminPortal/Home/Index | IP=::1 | Start=2026-04-21 10:36:55.924 | Elapsed=33ms | Status=Completed
2026-04-21 10:37:09 | INF | CONTROLLER_EXEC | Acc= admin | IP=::1 | Path=ADS999999/ADS999999 | Message=GET /ADS999999/ADS999999
2026-04-21 10:37:09 | INF | ACTION_TRACE | Acc=admin | Path=/ADS999999/ADS999999 | IP=::1 | Start=2026-04-21 10:37:09.631 | Elapsed=25ms | Status=Completed
2026-04-21 10:38:02 | INF | ACTION_TRACE | Acc=admin | Path=/AdminPortal/Home/Index | IP=::1 | Start=2026-04-21 10:38:02.922 | Elapsed=29ms | Status=Completed
2026-04-21 10:38:07 | INF | CONTROLLER_EXEC | Acc= admin | IP=::1 | Path=ADS999999/ADS999999 | Message=GET /ADS999999/ADS999999
2026-04-21 10:38:07 | INF | ACTION_TRACE | Acc=admin | Path=/ADS999999/ADS999999 | IP=::1 | Start=2026-04-21 10:38:07.075 | Elapsed=23ms | Status=Completed
2026-04-21 10:38:11 | INF | ACTION_TRACE | Acc=admin | Path=/AdminPortal/Home/Index | IP=::1 | Start=2026-04-21 10:38:11.664 | Elapsed=30ms | Status=Completed
2026-04-21 10:38:15 | INF | CONTROLLER_EXEC | Acc= admin | IP=::1 | Path=ADS999999/ADS999999 | Message=GET /ADS999999/ADS999999
2026-04-21 10:38:15 | INF | ACTION_TRACE | Acc=admin | Path=/ADS999999/ADS999999 | IP=::1 | Start=2026-04-21 10:38:15.092 | Elapsed=22ms | Status=Completed
2026-04-21 10:38:32 | INF | ACTION_TRACE | Acc=admin | Path=/AdminPortal/Home/Index | IP=::1 | Start=2026-04-21 10:38:32.726 | Elapsed=55ms | Status=Completed
2026-04-21 10:38:35 | INF | CONTROLLER_EXEC | Acc= admin | IP=::1 | Path=ADS999999/ADS999999 | Message=GET /ADS999999/ADS999999
2026-04-21 10:38:35 | INF | ACTION_TRACE | Acc=admin | Path=/ADS999999/ADS999999 | IP=::1 | Start=2026-04-21 10:38:35.674 | Elapsed=20ms | Status=Completed
2026-04-21 10:38:43 | INF | ACTION_TRACE | Acc=admin | Path=/AdminPortal/Home/Index | IP=::1 | Start=2026-04-21 10:38:43.302 | Elapsed=29ms | Status=Completed
2026-04-21 10:38:47 | INF | ACTION_TRACE | Acc=admin | Path=/AdminPortal/Home/Index | IP=::1 | Start=2026-04-21 10:38:47.485 | Elapsed=30ms | Status=Completed
2026-04-21 10:38:49 | INF | CONTROLLER_EXEC | Acc= admin | IP=::1 | Path=ADS999999/ADS999999 | Message=GET /ADS999999/ADS999999
2026-04-21 10:38:49 | INF | ACTION_TRACE | Acc=admin | Path=/ADS999999/ADS999999 | IP=::1 | Start=2026-04-21 10:38:49.723 | Elapsed=24ms | Status=Completed
2026-04-21 10:39:13 | INF | ACTION_TRACE | Acc=admin | Path=/AdminPortal/Home/Index | IP=::1 | Start=2026-04-21 10:39:13.828 | Elapsed=33ms | Status=Completed
2026-04-21 10:39:16 | INF | CONTROLLER_EXEC | Acc= admin | IP=::1 | Path=ADS999999/ADS999999 | Message=GET /ADS999999/ADS999999
2026-04-21 10:39:16 | INF | ACTION_TRACE | Acc=admin | Path=/ADS999999/ADS999999 | IP=::1 | Start=2026-04-21 10:39:16.447 | Elapsed=26ms | Status=Completed
2026-04-21 10:39:22 | INF | ACTION_TRACE | Acc=admin | Path=/AdminPortal/Home/Index | IP=::1 | Start=2026-04-21 10:39:22.752 | Elapsed=30ms | Status=Completed
2026-04-21 10:39:25 | INF | CONTROLLER_EXEC | Acc= admin | IP=::1 | Path=ADS999999/ADS999999 | Message=GET /ADS999999/ADS999999
2026-04-21 10:39:25 | INF | ACTION_TRACE | Acc=admin | Path=/ADS999999/ADS999999 | IP=::1 | Start=2026-04-21 10:39:25.852 | Elapsed=23ms | Status=Completed
2026-04-21 10:39:50 | INF | ACTION_TRACE | Acc=admin | Path=/AdminPortal/Home/Index | IP=::1 | Start=2026-04-21 10:39:50.876 | Elapsed=27ms | Status=Completed
2026-04-21 10:39:53 | INF | CONTROLLER_EXEC | Acc= admin | IP=::1 | Path=ADS999999/ADS999999 | Message=GET /ADS999999/ADS999999
2026-04-21 10:39:53 | INF | ACTION_TRACE | Acc=admin | Path=/ADS999999/ADS999999 | IP=::1 | Start=2026-04-21 10:39:53.712 | Elapsed=21ms | Status=Completed
2026-04-21 10:40:01 | INF | ACTION_TRACE | Acc=admin | Path=/AdminPortal/Home/Index | IP=::1 | Start=2026-04-21 10:40:01.921 | Elapsed=27ms | Status=Completed
2026-04-21 10:41:09 | INF | ACTION_TRACE | Acc=admin | Path=/AdminPortal/Home/Index | IP=::1 | Start=2026-04-21 10:41:09.007 | Elapsed=31ms | Status=Completed
2026-04-21 10:41:13 | INF | CONTROLLER_EXEC | Acc= admin | IP=::1 | Path=ADS999999/ADS999999 | Message=GET /ADS999999/ADS999999
2026-04-21 10:41:13 | INF | ACTION_TRACE | Acc=admin | Path=/ADS999999/ADS999999 | IP=::1 | Start=2026-04-21 10:41:13.109 | Elapsed=21ms | Status=Completed
2026-04-21 10:41:30 | WRN | The query uses the 'First'/'FirstOrDefault' operator without 'OrderBy' and filter operators. This may lead to unpredictable results.
2026-04-21 10:41:35 | INF | CONTROLLER_EXEC | Acc= admin | IP=::1 | Path=ADS999999/UpdateSystemInfo | Message=POST /ADS999999/UpdateSystemInfo
2026-04-21 10:41:35 | INF | ACTION_TRACE | Acc=admin | Path=/ADS999999/UpdateSystemInfo | IP=::1 | Start=2026-04-21 10:41:30.593 | Elapsed=5065ms | Status=Completed
2026-04-21 10:41:35 | INF | NETWORK_UNSTABLE | Acc=admin | Path=/ADS999999/UpdateSystemInfo | Reason=SlowRequest 5065ms
2026-04-21 10:41:37 | INF | CONTROLLER_EXEC | Acc= admin | IP=::1 | Path=ADS999999/ADS999999 | Message=GET /ADS999999/ADS999999
2026-04-21 10:41:37 | INF | ACTION_TRACE | Acc=admin | Path=/ADS999999/ADS999999 | IP=::1 | Start=2026-04-21 10:41:37.077 | Elapsed=6ms | Status=Completed
2026-04-21 10:42:08 | INF | CONTROLLER_EXEC | Acc= admin | IP=::1 | Path=ADS999999/ADS999999 | Message=GET /ADS999999/ADS999999
2026-04-21 10:42:08 | INF | ACTION_TRACE | Acc=admin | Path=/ADS999999/ADS999999 | IP=::1 | Start=2026-04-21 10:42:08.429 | Elapsed=13ms | Status=Completed
2026-04-21 10:42:18 | INF | CONTROLLER_EXEC | Acc= admin | IP=::1 | Path=ADS999999/ADS999999 | Message=GET /ADS999999/ADS999999
2026-04-21 10:42:18 | INF | ACTION_TRACE | Acc=admin | Path=/ADS999999/ADS999999 | IP=::1 | Start=2026-04-21 10:42:18.654 | Elapsed=9ms | Status=Completed
2026-04-21 10:42:20 | INF | ACTION_TRACE | Acc=admin | Path=/AdminPortal/Account/Login | IP=::1 | Start=2026-04-21 10:42:20.334 | Elapsed=10ms | Status=Completed
2026-04-21 10:42:20 | INF | ACTION_TRACE | Acc=admin | Path=/Captcha/Generate | IP=::1 | Start=2026-04-21 10:42:20.406 | Elapsed=5ms | Status=Completed
2026-04-21 10:42:20 | INF | ACTION_TRACE | Acc=admin | Path=/DNTCaptchaImage/Show | IP=::1 | Start=2026-04-21 10:42:20.418 | Elapsed=18ms | Status=Completed
2026-04-21 10:42:24 | INF | ACTION_TRACE | Acc=admin | Path=/AdminPortal/Account/Login | IP=::1 | Start=2026-04-21 10:42:23.769 | Elapsed=1192ms | Status=Completed
2026-04-21 10:42:24 | INF | ACTION_TRACE | Acc=admin | Path=/AdminPortal/Home/Index | IP=::1 | Start=2026-04-21 10:42:24.968 | Elapsed=3ms | Status=Completed
2026-04-21 10:42:30 | INF | CONTROLLER_EXEC | Acc= admin | IP=::1 | Path=ADS999999/ADS999999 | Message=GET /ADS999999/ADS999999
2026-04-21 10:42:30 | INF | ACTION_TRACE | Acc=admin | Path=/ADS999999/ADS999999 | IP=::1 | Start=2026-04-21 10:42:30.099 | Elapsed=3ms | Status=Completed
2026-04-21 10:42:41 | INF | ACTION_TRACE | Acc=admin | Path=/AdminPortal/Home/Index | IP=::1 | Start=2026-04-21 10:42:41.175 | Elapsed=3ms | Status=Completed
2026-04-21 10:42:44 | INF | CONTROLLER_EXEC | Acc= admin | IP=::1 | Path=ADS999999/ADS999999 | Message=GET /ADS999999/ADS999999
2026-04-21 10:42:44 | INF | ACTION_TRACE | Acc=admin | Path=/ADS999999/ADS999999 | IP=::1 | Start=2026-04-21 10:42:44.770 | Elapsed=3ms | Status=Completed
2026-04-21 10:43:07 | WRN | No store type was specified for the decimal property 'OveMoney' on entity type 'HROvertime'. This will cause values to be silently truncated if they do not fit in the default precision and scale. Explicitly specify the SQL server column type that can accommodate all the values in 'OnModelCreating' using 'HasColumnType', specify precision and scale using 'HasPrecision', or configure a value converter using 'HasConversion'.
2026-04-21 10:43:07 | WRN | No store type was specified for the decimal property 'Wag1D1Hour' on entity type 'HRWage'. This will cause values to be silently truncated if they do not fit in the default precision and scale. Explicitly specify the SQL server column type that can accommodate all the values in 'OnModelCreating' using 'HasColumnType', specify precision and scale using 'HasPrecision', or configure a value converter using 'HasConversion'.
2026-04-21 10:43:07 | WRN | No store type was specified for the decimal property 'Wag2D1Hour' on entity type 'HRWage'. This will cause values to be silently truncated if they do not fit in the default precision and scale. Explicitly specify the SQL server column type that can accommodate all the values in 'OnModelCreating' using 'HasColumnType', specify precision and scale using 'HasPrecision', or configure a value converter using 'HasConversion'.
2026-04-21 10:43:07 | WRN | No store type was specified for the decimal property 'Wag4D3Hour' on entity type 'HRWage'. This will cause values to be silently truncated if they do not fit in the default precision and scale. Explicitly specify the SQL server column type that can accommodate all the values in 'OnModelCreating' using 'HasColumnType', specify precision and scale using 'HasPrecision', or configure a value converter using 'HasConversion'.
2026-04-21 10:43:07 | WRN | No store type was specified for the decimal property 'Wag5D3Hour' on entity type 'HRWage'. This will cause values to be silently truncated if they do not fit in the default precision and scale. Explicitly specify the SQL server column type that can accommodate all the values in 'OnModelCreating' using 'HasColumnType', specify precision and scale using 'HasPrecision', or configure a value converter using 'HasConversion'.
2026-04-21 10:43:07 | WRN | No store type was specified for the decimal property 'Wag8D3Hour' on entity type 'HRWage'. This will cause values to be silently truncated if they do not fit in the default precision and scale. Explicitly specify the SQL server column type that can accommodate all the values in 'OnModelCreating' using 'HasColumnType', specify precision and scale using 'HasPrecision', or configure a value converter using 'HasConversion'.
2026-04-21 10:43:07 | WRN | No store type was specified for the decimal property 'WagApplyHour' on entity type 'HRWage'. This will cause values to be silently truncated if they do not fit in the default precision and scale. Explicitly specify the SQL server column type that can accommodate all the values in 'OnModelCreating' using 'HasColumnType', specify precision and scale using 'HasPrecision', or configure a value converter using 'HasConversion'.
2026-04-21 10:43:07 | WRN | No store type was specified for the decimal property 'WagIssueHour' on entity type 'HRWage'. This will cause values to be silently truncated if they do not fit in the default precision and scale. Explicitly specify the SQL server column type that can accommodate all the values in 'OnModelCreating' using 'HasColumnType', specify precision and scale using 'HasPrecision', or configure a value converter using 'HasConversion'.
2026-04-21 10:43:07 | WRN | No store type was specified for the decimal property 'WagSubtotal' on entity type 'HRWage'. This will cause values to be silently truncated if they do not fit in the default precision and scale. Explicitly specify the SQL server column type that can accommodate all the values in 'OnModelCreating' using 'HasColumnType', specify precision and scale using 'HasPrecision', or configure a value converter using 'HasConversion'.
2026-04-21 10:43:12 | WRN | The query uses the 'First'/'FirstOrDefault' operator without 'OrderBy' and filter operators. This may lead to unpredictable results.
2026-04-21 10:43:13 | INF | ACTION_TRACE | Acc=admin | Path=/ | IP=::1 | Start=2026-04-21 10:43:06.807 | Elapsed=6837ms | Status=Completed
2026-04-21 10:43:13 | INF | NETWORK_UNSTABLE | Acc=admin | Path=/ | Reason=SlowRequest 6837ms
2026-04-21 10:43:13 | INF | ACTION_TRACE | Acc=admin | Path=/Captcha/Generate | IP=::1 | Start=2026-04-21 10:43:13.803 | Elapsed=36ms | Status=Completed
2026-04-21 10:43:13 | INF | ACTION_TRACE | Acc=admin | Path=/DNTCaptchaImage/Show | IP=::1 | Start=2026-04-21 10:43:13.859 | Elapsed=100ms | Status=Completed
2026-04-21 10:43:15 | INF | ACTION_TRACE | Acc=admin | Path=/AdminPortal/Account/Login | IP=::1 | Start=2026-04-21 10:43:15.328 | Elapsed=100ms | Status=Completed
2026-04-21 10:43:15 | INF | ACTION_TRACE | Acc=admin | Path=/Captcha/Generate | IP=::1 | Start=2026-04-21 10:43:15.566 | Elapsed=4ms | Status=Completed
2026-04-21 10:43:15 | INF | ACTION_TRACE | Acc=admin | Path=/DNTCaptchaImage/Show | IP=::1 | Start=2026-04-21 10:43:15.576 | Elapsed=13ms | Status=Completed
2026-04-21 10:43:26 | INF | ACTION_TRACE | Acc=admin | Path=/AdminPortal/Account/Login | IP=::1 | Start=2026-04-21 10:43:18.086 | Elapsed=7921ms | Status=Completed
2026-04-21 10:43:26 | INF | NETWORK_UNSTABLE | Acc=admin | Path=/AdminPortal/Account/Login | Reason=SlowRequest 7921ms
2026-04-21 10:43:26 | INF | ACTION_TRACE | Acc=admin | Path=/AdminPortal/Home/Index | IP=::1 | Start=2026-04-21 10:43:26.024 | Elapsed=150ms | Status=Completed
2026-04-21 10:43:34 | WRN | The query uses the 'First'/'FirstOrDefault' operator without 'OrderBy' and filter operators. This may lead to unpredictable results.
2026-04-21 10:43:34 | INF | CONTROLLER_EXEC | Acc= admin | IP=::1 | Path=ADS999999/ADS999999 | Message=GET /ADS999999/ADS999999
2026-04-21 10:43:34 | INF | ACTION_TRACE | Acc=admin | Path=/ADS999999/ADS999999 | IP=::1 | Start=2026-04-21 10:43:34.792 | Elapsed=54ms | Status=Completed
2026-04-21 10:45:01 | INF | CONTROLLER_EXEC | Acc= admin | IP=::1 | Path=ADS999999/ADS999999 | Message=GET /ADS999999/ADS999999
2026-04-21 10:45:01 | INF | ACTION_TRACE | Acc=admin | Path=/ADS999999/ADS999999 | IP=::1 | Start=2026-04-21 10:45:01.424 | Elapsed=5ms | Status=Completed
2026-04-21 10:48:59 | WRN | The query uses the 'First'/'FirstOrDefault' operator without 'OrderBy' and filter operators. This may lead to unpredictable results.
2026-04-21 10:49:00 | INF | CONTROLLER_EXEC | Acc= admin | IP=::1 | Path=ADS999999/UpdateSystemInfo | Message=POST /ADS999999/UpdateSystemInfo
2026-04-21 10:49:00 | INF | ACTION_TRACE | Acc=admin | Path=/ADS999999/UpdateSystemInfo | IP=::1 | Start=2026-04-21 10:48:59.719 | Elapsed=408ms | Status=Completed
2026-04-21 10:49:00 | INF | CONTROLLER_EXEC | Acc= admin | IP=::1 | Path=ADS999999/ADS999999 | Message=GET /ADS999999/ADS999999
2026-04-21 10:49:00 | INF | ACTION_TRACE | Acc=admin | Path=/ADS999999/ADS999999 | IP=::1 | Start=2026-04-21 10:49:00.926 | Elapsed=16ms | Status=Completed
2026-04-21 10:50:16 | INF | ACTION_TRACE | Acc=admin | Path=/.well-known/appspecific/com.chrome.devtools.json | IP=::1 | Start=2026-04-21 10:50:16.201 | Elapsed=0ms | Status=Completed
2026-04-21 10:50:25 | INF | ACTION_TRACE | Acc=admin | Path=/AdminPortal/Account/Login | IP=::1 | Start=2026-04-21 10:50:25.887 | Elapsed=3ms | Status=Completed
2026-04-21 10:50:25 | INF | ACTION_TRACE | Acc=admin | Path=/.well-known/appspecific/com.chrome.devtools.json | IP=::1 | Start=2026-04-21 10:50:25.974 | Elapsed=0ms | Status=Completed
2026-04-21 10:50:26 | INF | ACTION_TRACE | Acc=admin | Path=/Captcha/Generate | IP=::1 | Start=2026-04-21 10:50:26.152 | Elapsed=1ms | Status=Completed
2026-04-21 10:50:26 | INF | ACTION_TRACE | Acc=admin | Path=/DNTCaptchaImage/Show | IP=::1 | Start=2026-04-21 10:50:26.161 | Elapsed=22ms | Status=Completed
2026-04-21 10:50:34 | INF | ACTION_TRACE | Acc=admin | Path=/AdminPortal/Account/Login | IP=::1 | Start=2026-04-21 10:50:28.749 | Elapsed=5360ms | Status=Completed
2026-04-21 10:50:34 | INF | NETWORK_UNSTABLE | Acc=admin | Path=/AdminPortal/Account/Login | Reason=SlowRequest 5360ms
2026-04-21 10:50:34 | INF | ACTION_TRACE | Acc=admin | Path=/AdminPortal/Home/Index | IP=::1 | Start=2026-04-21 10:50:34.118 | Elapsed=7ms | Status=Completed
2026-04-21 10:50:34 | INF | ACTION_TRACE | Acc=admin | Path=/.well-known/appspecific/com.chrome.devtools.json | IP=::1 | Start=2026-04-21 10:50:34.214 | Elapsed=0ms | Status=Completed
2026-04-21 10:50:36 | INF | CONTROLLER_EXEC | Acc= admin | IP=::1 | Path=ADS999999/ADS999999 | Message=GET /ADS999999/ADS999999
2026-04-21 10:50:36 | INF | ACTION_TRACE | Acc=admin | Path=/ADS999999/ADS999999 | IP=::1 | Start=2026-04-21 10:50:36.563 | Elapsed=49ms | Status=Completed
2026-04-21 10:50:42 | INF | CONTROLLER_EXEC | Acc= admin | IP=::1 | Path=ADS999999/UpdateSystemInfo | Message=POST /ADS999999/UpdateSystemInfo
2026-04-21 10:50:42 | INF | ACTION_TRACE | Acc=admin | Path=/ADS999999/UpdateSystemInfo | IP=::1 | Start=2026-04-21 10:50:42.766 | Elapsed=14ms | Status=Completed
2026-04-21 10:50:43 | INF | CONTROLLER_EXEC | Acc= admin | IP=::1 | Path=ADS999999/ADS999999 | Message=GET /ADS999999/ADS999999
2026-04-21 10:50:43 | INF | ACTION_TRACE | Acc=admin | Path=/ADS999999/ADS999999 | IP=::1 | Start=2026-04-21 10:50:43.784 | Elapsed=9ms | Status=Completed
2026-04-21 10:50:43 | INF | ACTION_TRACE | Acc=admin | Path=/.well-known/appspecific/com.chrome.devtools.json | IP=::1 | Start=2026-04-21 10:50:43.897 | Elapsed=0ms | Status=Completed
2026-04-21 10:56:01 | WRN | No store type was specified for the decimal property 'OveMoney' on entity type 'HROvertime'. This will cause values to be silently truncated if they do not fit in the default precision and scale. Explicitly specify the SQL server column type that can accommodate all the values in 'OnModelCreating' using 'HasColumnType', specify precision and scale using 'HasPrecision', or configure a value converter using 'HasConversion'.
2026-04-21 10:56:01 | WRN | No store type was specified for the decimal property 'Wag1D1Hour' on entity type 'HRWage'. This will cause values to be silently truncated if they do not fit in the default precision and scale. Explicitly specify the SQL server column type that can accommodate all the values in 'OnModelCreating' using 'HasColumnType', specify precision and scale using 'HasPrecision', or configure a value converter using 'HasConversion'.
2026-04-21 10:56:01 | WRN | No store type was specified for the decimal property 'Wag2D1Hour' on entity type 'HRWage'. This will cause values to be silently truncated if they do not fit in the default precision and scale. Explicitly specify the SQL server column type that can accommodate all the values in 'OnModelCreating' using 'HasColumnType', specify precision and scale using 'HasPrecision', or configure a value converter using 'HasConversion'.
2026-04-21 10:56:01 | WRN | No store type was specified for the decimal property 'Wag4D3Hour' on entity type 'HRWage'. This will cause values to be silently truncated if they do not fit in the default precision and scale. Explicitly specify the SQL server column type that can accommodate all the values in 'OnModelCreating' using 'HasColumnType', specify precision and scale using 'HasPrecision', or configure a value converter using 'HasConversion'.
2026-04-21 10:56:01 | WRN | No store type was specified for the decimal property 'Wag5D3Hour' on entity type 'HRWage'. This will cause values to be silently truncated if they do not fit in the default precision and scale. Explicitly specify the SQL server column type that can accommodate all the values in 'OnModelCreating' using 'HasColumnType', specify precision and scale using 'HasPrecision', or configure a value converter using 'HasConversion'.
2026-04-21 10:56:01 | WRN | No store type was specified for the decimal property 'Wag8D3Hour' on entity type 'HRWage'. This will cause values to be silently truncated if they do not fit in the default precision and scale. Explicitly specify the SQL server column type that can accommodate all the values in 'OnModelCreating' using 'HasColumnType', specify precision and scale using 'HasPrecision', or configure a value converter using 'HasConversion'.
2026-04-21 10:56:01 | WRN | No store type was specified for the decimal property 'WagApplyHour' on entity type 'HRWage'. This will cause values to be silently truncated if they do not fit in the default precision and scale. Explicitly specify the SQL server column type that can accommodate all the values in 'OnModelCreating' using 'HasColumnType', specify precision and scale using 'HasPrecision', or configure a value converter using 'HasConversion'.
2026-04-21 10:56:01 | WRN | No store type was specified for the decimal property 'WagIssueHour' on entity type 'HRWage'. This will cause values to be silently truncated if they do not fit in the default precision and scale. Explicitly specify the SQL server column type that can accommodate all the values in 'OnModelCreating' using 'HasColumnType', specify precision and scale using 'HasPrecision', or configure a value converter using 'HasConversion'.
2026-04-21 10:56:01 | WRN | No store type was specified for the decimal property 'WagSubtotal' on entity type 'HRWage'. This will cause values to be silently truncated if they do not fit in the default precision and scale. Explicitly specify the SQL server column type that can accommodate all the values in 'OnModelCreating' using 'HasColumnType', specify precision and scale using 'HasPrecision', or configure a value converter using 'HasConversion'.
2026-04-21 10:56:06 | WRN | The query uses the 'First'/'FirstOrDefault' operator without 'OrderBy' and filter operators. This may lead to unpredictable results.
2026-04-21 10:56:07 | INF | ACTION_TRACE | Acc=admin | Path=/ | IP=::1 | Start=2026-04-21 10:56:01.096 | Elapsed=6769ms | Status=Completed
2026-04-21 10:56:07 | INF | NETWORK_UNSTABLE | Acc=admin | Path=/ | Reason=SlowRequest 6769ms
2026-04-21 10:56:08 | INF | ACTION_TRACE | Acc=admin | Path=/Captcha/Generate | IP=::1 | Start=2026-04-21 10:56:08.029 | Elapsed=35ms | Status=Completed
2026-04-21 10:56:08 | INF | ACTION_TRACE | Acc=admin | Path=/DNTCaptchaImage/Show | IP=::1 | Start=2026-04-21 10:56:08.086 | Elapsed=99ms | Status=Completed
2026-04-21 10:56:16 | INF | ACTION_TRACE | Acc=admin | Path=/AdminPortal/Account/Login | IP=::1 | Start=2026-04-21 10:56:16.634 | Elapsed=94ms | Status=Completed
2026-04-21 10:56:16 | INF | ACTION_TRACE | Acc=admin | Path=/Captcha/Generate | IP=::1 | Start=2026-04-21 10:56:16.874 | Elapsed=3ms | Status=Completed
2026-04-21 10:56:16 | INF | ACTION_TRACE | Acc=admin | Path=/DNTCaptchaImage/Show | IP=::1 | Start=2026-04-21 10:56:16.885 | Elapsed=13ms | Status=Completed
2026-04-21 10:56:29 | INF | ACTION_TRACE | Acc=admin | Path=/AdminPortal/Account/Login | IP=::1 | Start=2026-04-21 10:56:20.900 | Elapsed=8411ms | Status=Completed
2026-04-21 10:56:29 | INF | NETWORK_UNSTABLE | Acc=admin | Path=/AdminPortal/Account/Login | Reason=SlowRequest 8411ms
2026-04-21 10:56:29 | INF | ACTION_TRACE | Acc=admin | Path=/AdminPortal/Home/Index | IP=::1 | Start=2026-04-21 10:56:29.324 | Elapsed=118ms | Status=Completed
2026-04-21 10:57:55 | WRN | The query uses the 'First'/'FirstOrDefault' operator without 'OrderBy' and filter operators. This may lead to unpredictable results.
2026-04-21 10:57:55 | INF | CONTROLLER_EXEC | Acc= admin | IP=::1 | Path=ADS999999/ADS999999 | Message=GET /ADS999999/ADS999999
2026-04-21 10:57:55 | INF | ACTION_TRACE | Acc=admin | Path=/ADS999999/ADS999999 | IP=::1 | Start=2026-04-21 10:57:55.605 | Elapsed=56ms | Status=Completed
2026-04-21 11:31:45 | WRN | No store type was specified for the decimal property 'OveMoney' on entity type 'HROvertime'. This will cause values to be silently truncated if they do not fit in the default precision and scale. Explicitly specify the SQL server column type that can accommodate all the values in 'OnModelCreating' using 'HasColumnType', specify precision and scale using 'HasPrecision', or configure a value converter using 'HasConversion'.
2026-04-21 11:31:45 | WRN | No store type was specified for the decimal property 'Wag1D1Hour' on entity type 'HRWage'. This will cause values to be silently truncated if they do not fit in the default precision and scale. Explicitly specify the SQL server column type that can accommodate all the values in 'OnModelCreating' using 'HasColumnType', specify precision and scale using 'HasPrecision', or configure a value converter using 'HasConversion'.
2026-04-21 11:31:45 | WRN | No store type was specified for the decimal property 'Wag2D1Hour' on entity type 'HRWage'. This will cause values to be silently truncated if they do not fit in the default precision and scale. Explicitly specify the SQL server column type that can accommodate all the values in 'OnModelCreating' using 'HasColumnType', specify precision and scale using 'HasPrecision', or configure a value converter using 'HasConversion'.
2026-04-21 11:31:45 | WRN | No store type was specified for the decimal property 'Wag4D3Hour' on entity type 'HRWage'. This will cause values to be silently truncated if they do not fit in the default precision and scale. Explicitly specify the SQL server column type that can accommodate all the values in 'OnModelCreating' using 'HasColumnType', specify precision and scale using 'HasPrecision', or configure a value converter using 'HasConversion'.
2026-04-21 11:31:45 | WRN | No store type was specified for the decimal property 'Wag5D3Hour' on entity type 'HRWage'. This will cause values to be silently truncated if they do not fit in the default precision and scale. Explicitly specify the SQL server column type that can accommodate all the values in 'OnModelCreating' using 'HasColumnType', specify precision and scale using 'HasPrecision', or configure a value converter using 'HasConversion'.
2026-04-21 11:31:45 | WRN | No store type was specified for the decimal property 'Wag8D3Hour' on entity type 'HRWage'. This will cause values to be silently truncated if they do not fit in the default precision and scale. Explicitly specify the SQL server column type that can accommodate all the values in 'OnModelCreating' using 'HasColumnType', specify precision and scale using 'HasPrecision', or configure a value converter using 'HasConversion'.
2026-04-21 11:31:45 | WRN | No store type was specified for the decimal property 'WagApplyHour' on entity type 'HRWage'. This will cause values to be silently truncated if they do not fit in the default precision and scale. Explicitly specify the SQL server column type that can accommodate all the values in 'OnModelCreating' using 'HasColumnType', specify precision and scale using 'HasPrecision', or configure a value converter using 'HasConversion'.
2026-04-21 11:31:45 | WRN | No store type was specified for the decimal property 'WagIssueHour' on entity type 'HRWage'. This will cause values to be silently truncated if they do not fit in the default precision and scale. Explicitly specify the SQL server column type that can accommodate all the values in 'OnModelCreating' using 'HasColumnType', specify precision and scale using 'HasPrecision', or configure a value converter using 'HasConversion'.
2026-04-21 11:31:45 | WRN | No store type was specified for the decimal property 'WagSubtotal' on entity type 'HRWage'. This will cause values to be silently truncated if they do not fit in the default precision and scale. Explicitly specify the SQL server column type that can accommodate all the values in 'OnModelCreating' using 'HasColumnType', specify precision and scale using 'HasPrecision', or configure a value converter using 'HasConversion'.
2026-04-21 11:31:51 | WRN | The query uses the 'First'/'FirstOrDefault' operator without 'OrderBy' and filter operators. This may lead to unpredictable results.
2026-04-21 11:31:51 | INF | ACTION_TRACE | Acc=admin | Path=/ | IP=::1 | Start=2026-04-21 11:31:45.084 | Elapsed=6851ms | Status=Completed
2026-04-21 11:31:51 | INF | NETWORK_UNSTABLE | Acc=admin | Path=/ | Reason=SlowRequest 6851ms
2026-04-21 11:31:52 | INF | ACTION_TRACE | Acc=admin | Path=/Captcha/Generate | IP=::1 | Start=2026-04-21 11:31:52.157 | Elapsed=42ms | Status=Completed
2026-04-21 11:31:52 | INF | ACTION_TRACE | Acc=admin | Path=/DNTCaptchaImage/Show | IP=::1 | Start=2026-04-21 11:31:52.212 | Elapsed=519ms | Status=Completed
2026-04-21 11:31:55 | INF | ACTION_TRACE | Acc=admin | Path=/AdminPortal/Account/Login | IP=::1 | Start=2026-04-21 11:31:54.970 | Elapsed=112ms | Status=Completed
2026-04-21 11:31:55 | INF | ACTION_TRACE | Acc=admin | Path=/Captcha/Generate | IP=::1 | Start=2026-04-21 11:31:55.144 | Elapsed=4ms | Status=Completed
2026-04-21 11:31:55 | INF | ACTION_TRACE | Acc=admin | Path=/DNTCaptchaImage/Show | IP=::1 | Start=2026-04-21 11:31:55.155 | Elapsed=13ms | Status=Completed
2026-04-21 11:32:04 | INF | ACTION_TRACE | Acc=admin | Path=/AdminPortal/Account/Login | IP=::1 | Start=2026-04-21 11:31:58.421 | Elapsed=6567ms | Status=Completed
2026-04-21 11:32:04 | INF | NETWORK_UNSTABLE | Acc=admin | Path=/AdminPortal/Account/Login | Reason=SlowRequest 6567ms
2026-04-21 11:32:05 | INF | ACTION_TRACE | Acc=admin | Path=/AdminPortal/Home/Index | IP=::1 | Start=2026-04-21 11:32:05.001 | Elapsed=125ms | Status=Completed
2026-04-21 11:32:08 | WRN | The query uses the 'First'/'FirstOrDefault' operator without 'OrderBy' and filter operators. This may lead to unpredictable results.
2026-04-21 11:32:08 | INF | CONTROLLER_EXEC | Acc= admin | IP=::1 | Path=ADS999999/ADS999999 | Message=GET /ADS999999/ADS999999
2026-04-21 11:32:08 | INF | ACTION_TRACE | Acc=admin | Path=/ADS999999/ADS999999 | IP=::1 | Start=2026-04-21 11:32:08.334 | Elapsed=54ms | Status=Completed
2026-04-21 11:33:19 | WRN | No store type was specified for the decimal property 'OveMoney' on entity type 'HROvertime'. This will cause values to be silently truncated if they do not fit in the default precision and scale. Explicitly specify the SQL server column type that can accommodate all the values in 'OnModelCreating' using 'HasColumnType', specify precision and scale using 'HasPrecision', or configure a value converter using 'HasConversion'.
2026-04-21 11:33:19 | WRN | No store type was specified for the decimal property 'Wag1D1Hour' on entity type 'HRWage'. This will cause values to be silently truncated if they do not fit in the default precision and scale. Explicitly specify the SQL server column type that can accommodate all the values in 'OnModelCreating' using 'HasColumnType', specify precision and scale using 'HasPrecision', or configure a value converter using 'HasConversion'.
2026-04-21 11:33:19 | WRN | No store type was specified for the decimal property 'Wag2D1Hour' on entity type 'HRWage'. This will cause values to be silently truncated if they do not fit in the default precision and scale. Explicitly specify the SQL server column type that can accommodate all the values in 'OnModelCreating' using 'HasColumnType', specify precision and scale using 'HasPrecision', or configure a value converter using 'HasConversion'.
2026-04-21 11:33:19 | WRN | No store type was specified for the decimal property 'Wag4D3Hour' on entity type 'HRWage'. This will cause values to be silently truncated if they do not fit in the default precision and scale. Explicitly specify the SQL server column type that can accommodate all the values in 'OnModelCreating' using 'HasColumnType', specify precision and scale using 'HasPrecision', or configure a value converter using 'HasConversion'.
2026-04-21 11:33:19 | WRN | No store type was specified for the decimal property 'Wag5D3Hour' on entity type 'HRWage'. This will cause values to be silently truncated if they do not fit in the default precision and scale. Explicitly specify the SQL server column type that can accommodate all the values in 'OnModelCreating' using 'HasColumnType', specify precision and scale using 'HasPrecision', or configure a value converter using 'HasConversion'.
2026-04-21 11:33:19 | WRN | No store type was specified for the decimal property 'Wag8D3Hour' on entity type 'HRWage'. This will cause values to be silently truncated if they do not fit in the default precision and scale. Explicitly specify the SQL server column type that can accommodate all the values in 'OnModelCreating' using 'HasColumnType', specify precision and scale using 'HasPrecision', or configure a value converter using 'HasConversion'.
2026-04-21 11:33:19 | WRN | No store type was specified for the decimal property 'WagApplyHour' on entity type 'HRWage'. This will cause values to be silently truncated if they do not fit in the default precision and scale. Explicitly specify the SQL server column type that can accommodate all the values in 'OnModelCreating' using 'HasColumnType', specify precision and scale using 'HasPrecision', or configure a value converter using 'HasConversion'.
2026-04-21 11:33:19 | WRN | No store type was specified for the decimal property 'WagIssueHour' on entity type 'HRWage'. This will cause values to be silently truncated if they do not fit in the default precision and scale. Explicitly specify the SQL server column type that can accommodate all the values in 'OnModelCreating' using 'HasColumnType', specify precision and scale using 'HasPrecision', or configure a value converter using 'HasConversion'.
2026-04-21 11:33:19 | WRN | No store type was specified for the decimal property 'WagSubtotal' on entity type 'HRWage'. This will cause values to be silently truncated if they do not fit in the default precision and scale. Explicitly specify the SQL server column type that can accommodate all the values in 'OnModelCreating' using 'HasColumnType', specify precision and scale using 'HasPrecision', or configure a value converter using 'HasConversion'.
2026-04-21 11:33:24 | WRN | The query uses the 'First'/'FirstOrDefault' operator without 'OrderBy' and filter operators. This may lead to unpredictable results.
2026-04-21 11:33:25 | INF | ACTION_TRACE | Acc=admin | Path=/ | IP=::1 | Start=2026-04-21 11:33:18.600 | Elapsed=6786ms | Status=Completed
2026-04-21 11:33:25 | INF | NETWORK_UNSTABLE | Acc=admin | Path=/ | Reason=SlowRequest 6786ms
2026-04-21 11:33:25 | INF | ACTION_TRACE | Acc=admin | Path=/Captcha/Generate | IP=::1 | Start=2026-04-21 11:33:25.535 | Elapsed=37ms | Status=Completed
2026-04-21 11:33:25 | INF | ACTION_TRACE | Acc=admin | Path=/DNTCaptchaImage/Show | IP=::1 | Start=2026-04-21 11:33:25.599 | Elapsed=101ms | Status=Completed
2026-04-21 11:33:49 | INF | ACTION_TRACE | Acc=admin | Path=/AdminPortal/Account/Login | IP=::1 | Start=2026-04-21 11:33:49.147 | Elapsed=99ms | Status=Completed
2026-04-21 11:33:49 | INF | ACTION_TRACE | Acc=admin | Path=/Captcha/Generate | IP=::1 | Start=2026-04-21 11:33:49.320 | Elapsed=5ms | Status=Completed
2026-04-21 11:33:49 | INF | ACTION_TRACE | Acc=admin | Path=/DNTCaptchaImage/Show | IP=::1 | Start=2026-04-21 11:33:49.333 | Elapsed=14ms | Status=Completed
2026-04-21 11:34:01 | INF | ACTION_TRACE | Acc=admin | Path=/AdminPortal/Account/Login | IP=::1 | Start=2026-04-21 11:33:52.762 | Elapsed=8823ms | Status=Completed
2026-04-21 11:34:01 | INF | NETWORK_UNSTABLE | Acc=admin | Path=/AdminPortal/Account/Login | Reason=SlowRequest 8823ms
2026-04-21 11:34:01 | INF | ACTION_TRACE | Acc=admin | Path=/AdminPortal/Home/Index | IP=::1 | Start=2026-04-21 11:34:01.598 | Elapsed=129ms | Status=Completed
2026-04-21 11:34:11 | WRN | The query uses the 'First'/'FirstOrDefault' operator without 'OrderBy' and filter operators. This may lead to unpredictable results.
2026-04-21 11:34:11 | INF | CONTROLLER_EXEC | Acc= admin | IP=::1 | Path=ADS999999/ADS999999 | Message=GET /ADS999999/ADS999999
2026-04-21 11:34:11 | INF | ACTION_TRACE | Acc=admin | Path=/ADS999999/ADS999999 | IP=::1 | Start=2026-04-21 11:34:11.777 | Elapsed=56ms | Status=Completed
2026-04-21 11:35:02 | INF | ACTION_TRACE | Acc=admin | Path=/AdminPortal/Home/Index | IP=::1 | Start=2026-04-21 11:35:01.973 | Elapsed=30ms | Status=Completed
2026-04-21 11:35:03 | INF | ACTION_TRACE | Acc=admin | Path=/AdminPortal/Home/Index | IP=::1 | Start=2026-04-21 11:35:03.730 | Elapsed=22ms | Status=Completed
2026-04-21 11:35:08 | INF | CONTROLLER_EXEC | Acc= admin | IP=::1 | Path=ADS999999/ADS999999 | Message=GET /ADS999999/ADS999999
2026-04-21 11:35:08 | INF | ACTION_TRACE | Acc=admin | Path=/ADS999999/ADS999999 | IP=::1 | Start=2026-04-21 11:35:08.070 | Elapsed=24ms | Status=Completed
2026-04-21 11:35:19 | INF | ACTION_TRACE | Acc=admin | Path=/AdminPortal/Home/Index | IP=::1 | Start=2026-04-21 11:35:19.868 | Elapsed=27ms | Status=Completed
2026-04-21 11:35:22 | INF | CONTROLLER_EXEC | Acc= admin | IP=::1 | Path=ADS999999/ADS999999 | Message=GET /ADS999999/ADS999999
2026-04-21 11:35:22 | INF | ACTION_TRACE | Acc=admin | Path=/ADS999999/ADS999999 | IP=::1 | Start=2026-04-21 11:35:22.529 | Elapsed=26ms | Status=Completed
2026-04-21 11:35:50 | INF | ACTION_TRACE | Acc=admin | Path=/AdminPortal/Home/Index | IP=::1 | Start=2026-04-21 11:35:50.063 | Elapsed=25ms | Status=Completed
2026-04-21 11:39:40 | INF | CONTROLLER_EXEC | Acc= admin | IP=::1 | Path=ADS999999/ADS999999 | Message=GET /ADS999999/ADS999999
2026-04-21 11:39:40 | INF | ACTION_TRACE | Acc=admin | Path=/ADS999999/ADS999999 | IP=::1 | Start=2026-04-21 11:39:40.254 | Elapsed=45ms | Status=Completed
2026-04-21 12:41:09 | INF | ACTION_TRACE | Acc=admin | Path=/AdminPortal/Home/Index | IP=::1 | Start=2026-04-21 12:41:09.362 | Elapsed=136ms | Status=Completed
2026-04-21 12:41:21 | INF | ACTION_TRACE | Acc=admin | Path=/ADS999001/ADS999001 | IP=::1 | Start=2026-04-21 12:41:21.162 | Elapsed=0ms | Status=Completed
2026-04-21 12:41:23 | INF | CONTROLLER_EXEC | Acc= admin | IP=::1 | Path=ADS999002/ADS999002 | Message=GET /ADS999002/ADS999002
2026-04-21 12:41:23 | INF | ACTION_TRACE | Acc=admin | Path=/ADS999002/ADS999002 | IP=::1 | Start=2026-04-21 12:41:23.324 | Elapsed=118ms | Status=Completed
2026-04-21 12:41:23 | INF | CONTROLLER_EXEC | Acc= admin | IP=::1 | Path=ADS999002/GetAllRoleList | Message=POST /ADS999002/GetAllRoleList
2026-04-21 12:41:23 | INF | ACTION_TRACE | Acc=admin | Path=/ADS999002/GetAllRoleList | IP=::1 | Start=2026-04-21 12:41:23.516 | Elapsed=75ms | Status=Completed
2026-04-21 12:41:51 | INF | CONTROLLER_EXEC | Acc= admin | IP=::1 | Path=ADS999003/ADS999003 | Message=GET /ADS999003/ADS999003
2026-04-21 12:41:51 | INF | ACTION_TRACE | Acc=admin | Path=/ADS999003/ADS999003 | IP=::1 | Start=2026-04-21 12:41:51.190 | Elapsed=24ms | Status=Completed
2026-04-21 12:41:51 | INF | CONTROLLER_EXEC | Acc= admin | IP=::1 | Path=ADS999003/GetAllUserList | Message=POST /ADS999003/GetAllUserList
2026-04-21 12:41:51 | INF | ACTION_TRACE | Acc=admin | Path=/ADS999003/GetAllUserList | IP=::1 | Start=2026-04-21 12:41:51.258 | Elapsed=51ms | Status=Completed
2026-04-21 12:41:53 | WRN | The query uses the 'First'/'FirstOrDefault' operator without 'OrderBy' and filter operators. This may lead to unpredictable results.
2026-04-21 12:41:53 | INF | CONTROLLER_EXEC | Acc= admin | IP=::1 | Path=ADS999999/ADS999999 | Message=GET /ADS999999/ADS999999
2026-04-21 12:41:53 | INF | ACTION_TRACE | Acc=admin | Path=/ADS999999/ADS999999 | IP=::1 | Start=2026-04-21 12:41:53.300 | Elapsed=52ms | Status=Completed
2026-04-21 12:42:29 | INF | ACTION_TRACE | Acc=admin | Path=/ADS999001/ADS999001 | IP=::1 | Start=2026-04-21 12:42:29.666 | Elapsed=0ms | Status=Completed
2026-04-21 12:42:32 | INF | CONTROLLER_EXEC | Acc= admin | IP=::1 | Path=ADS999002/ADS999002 | Message=GET /ADS999002/ADS999002
2026-04-21 12:42:32 | INF | ACTION_TRACE | Acc=admin | Path=/ADS999002/ADS999002 | IP=::1 | Start=2026-04-21 12:42:32.323 | Elapsed=11ms | Status=Completed
2026-04-21 12:42:32 | INF | CONTROLLER_EXEC | Acc= admin | IP=::1 | Path=ADS999002/GetAllRoleList | Message=POST /ADS999002/GetAllRoleList
2026-04-21 12:42:32 | INF | ACTION_TRACE | Acc=admin | Path=/ADS999002/GetAllRoleList | IP=::1 | Start=2026-04-21 12:42:32.362 | Elapsed=9ms | Status=Completed
2026-04-21 13:36:53 | INF | CONTROLLER_EXEC | Acc= admin | IP=::1 | Path=ADS999999/ADS999999 | Message=GET /ADS999999/ADS999999
2026-04-21 13:36:53 | INF | ACTION_TRACE | Acc=admin | Path=/ADS999999/ADS999999 | IP=::1 | Start=2026-04-21 13:36:48.739 | Elapsed=4571ms | Status=Completed
2026-04-21 13:36:53 | INF | NETWORK_UNSTABLE | Acc=admin | Path=/ADS999999/ADS999999 | Reason=SlowRequest 4571ms
2026-04-21 13:51:17 | WRN | No store type was specified for the decimal property 'OveMoney' on entity type 'HROvertime'. This will cause values to be silently truncated if they do not fit in the default precision and scale. Explicitly specify the SQL server column type that can accommodate all the values in 'OnModelCreating' using 'HasColumnType', specify precision and scale using 'HasPrecision', or configure a value converter using 'HasConversion'.
2026-04-21 13:51:17 | WRN | No store type was specified for the decimal property 'Wag1D1Hour' on entity type 'HRWage'. This will cause values to be silently truncated if they do not fit in the default precision and scale. Explicitly specify the SQL server column type that can accommodate all the values in 'OnModelCreating' using 'HasColumnType', specify precision and scale using 'HasPrecision', or configure a value converter using 'HasConversion'.
2026-04-21 13:51:17 | WRN | No store type was specified for the decimal property 'Wag2D1Hour' on entity type 'HRWage'. This will cause values to be silently truncated if they do not fit in the default precision and scale. Explicitly specify the SQL server column type that can accommodate all the values in 'OnModelCreating' using 'HasColumnType', specify precision and scale using 'HasPrecision', or configure a value converter using 'HasConversion'.
2026-04-21 13:51:17 | WRN | No store type was specified for the decimal property 'Wag4D3Hour' on entity type 'HRWage'. This will cause values to be silently truncated if they do not fit in the default precision and scale. Explicitly specify the SQL server column type that can accommodate all the values in 'OnModelCreating' using 'HasColumnType', specify precision and scale using 'HasPrecision', or configure a value converter using 'HasConversion'.
2026-04-21 13:51:17 | WRN | No store type was specified for the decimal property 'Wag5D3Hour' on entity type 'HRWage'. This will cause values to be silently truncated if they do not fit in the default precision and scale. Explicitly specify the SQL server column type that can accommodate all the values in 'OnModelCreating' using 'HasColumnType', specify precision and scale using 'HasPrecision', or configure a value converter using 'HasConversion'.
2026-04-21 13:51:17 | WRN | No store type was specified for the decimal property 'Wag8D3Hour' on entity type 'HRWage'. This will cause values to be silently truncated if they do not fit in the default precision and scale. Explicitly specify the SQL server column type that can accommodate all the values in 'OnModelCreating' using 'HasColumnType', specify precision and scale using 'HasPrecision', or configure a value converter using 'HasConversion'.
2026-04-21 13:51:17 | WRN | No store type was specified for the decimal property 'WagApplyHour' on entity type 'HRWage'. This will cause values to be silently truncated if they do not fit in the default precision and scale. Explicitly specify the SQL server column type that can accommodate all the values in 'OnModelCreating' using 'HasColumnType', specify precision and scale using 'HasPrecision', or configure a value converter using 'HasConversion'.
2026-04-21 13:51:17 | WRN | No store type was specified for the decimal property 'WagIssueHour' on entity type 'HRWage'. This will cause values to be silently truncated if they do not fit in the default precision and scale. Explicitly specify the SQL server column type that can accommodate all the values in 'OnModelCreating' using 'HasColumnType', specify precision and scale using 'HasPrecision', or configure a value converter using 'HasConversion'.
2026-04-21 13:51:17 | WRN | No store type was specified for the decimal property 'WagSubtotal' on entity type 'HRWage'. This will cause values to be silently truncated if they do not fit in the default precision and scale. Explicitly specify the SQL server column type that can accommodate all the values in 'OnModelCreating' using 'HasColumnType', specify precision and scale using 'HasPrecision', or configure a value converter using 'HasConversion'.
2026-04-21 13:51:32 | ERR | An error occurred using the connection to database 'EHRIS' on server '192.168.11.112'.
2026-04-21 13:51:32 | ERR | An exception occurred while iterating over the results of a query for context type 'EHRIS.Core.DbContext.ApplicationDbContext'.
Microsoft.Data.SqlClient.SqlException (0x80131904): 建立連接至 SQL Server 時，發生網路相關或執行個體特定的錯誤。找不到或無法存取伺服器。確認執行個名稱是否正確，以及 SQL Server 是否設定為允許遠端連線。 (provider: 具名管道提供者, error: 40 - 無法開啟 SQL Server 連線)
 ---> System.ComponentModel.Win32Exception (1326): 使用者名稱或密碼不正確。
   at Microsoft.Data.SqlClient.SqlInternalConnection.OnError(SqlException exception, Boolean breakConnection, Action`1 wrapCloseInAction)
   at Microsoft.Data.SqlClient.TdsParser.ThrowExceptionAndWarning(TdsParserStateObject stateObj, SqlCommand command, Boolean callerHasConnectionLock, Boolean asyncClose)
   at Microsoft.Data.SqlClient.TdsParser.Connect(ServerInfo serverInfo, SqlInternalConnectionTds connHandler, TimeoutTimer timeout, SqlConnectionString connectionOptions, Boolean withFailover)
   at Microsoft.Data.SqlClient.SqlInternalConnectionTds.AttemptOneLogin(ServerInfo serverInfo, String newPassword, SecureString newSecurePassword, TimeoutTimer timeout, Boolean withFailover)
   at Microsoft.Data.SqlClient.SqlInternalConnectionTds.LoginNoFailover(ServerInfo serverInfo, String newPassword, SecureString newSecurePassword, Boolean redirectedUserInstance, SqlConnectionString connectionOptions, SqlCredential credential, TimeoutTimer timeout)
   at Microsoft.Data.SqlClient.SqlInternalConnectionTds.OpenLoginEnlist(TimeoutTimer timeout, SqlConnectionString connectionOptions, SqlCredential credential, String newPassword, SecureString newSecurePassword, Boolean redirectedUserInstance)
   at Microsoft.Data.SqlClient.SqlInternalConnectionTds..ctor(DbConnectionPoolIdentity identity, SqlConnectionString connectionOptions, SqlCredential credential, Object providerInfo, String newPassword, SecureString newSecurePassword, Boolean redirectedUserInstance, SqlConnectionString userConnectionOptions, SessionData reconnectSessionData, Boolean applyTransientFaultHandling, String accessToken, IDbConnectionPool pool, Func`3 accessTokenCallback)
   at Microsoft.Data.SqlClient.SqlConnectionFactory.CreateConnection(DbConnectionOptions options, DbConnectionPoolKey poolKey, DbConnectionPoolGroupProviderInfo poolGroupProviderInfo, IDbConnectionPool pool, DbConnection owningConnection, DbConnectionOptions userOptions)
   at Microsoft.Data.ProviderBase.DbConnectionFactory.CreatePooledConnection(IDbConnectionPool pool, DbConnection owningObject, DbConnectionOptions options, DbConnectionPoolKey poolKey, DbConnectionOptions userOptions)
   at Microsoft.Data.SqlClient.ConnectionPool.WaitHandleDbConnectionPool.CreateObject(DbConnection owningObject, DbConnectionOptions userOptions, DbConnectionInternal oldConnection)
   at Microsoft.Data.SqlClient.ConnectionPool.WaitHandleDbConnectionPool.UserCreateRequest(DbConnection owningObject, DbConnectionOptions userOptions, DbConnectionInternal oldConnection)
   at Microsoft.Data.SqlClient.ConnectionPool.WaitHandleDbConnectionPool.TryGetConnection(DbConnection owningObject, UInt32 waitForMultipleObjectsTimeout, Boolean allowCreate, Boolean onlyOneCheckConnection, DbConnectionOptions userOptions, DbConnectionInternal& connection)
   at Microsoft.Data.SqlClient.ConnectionPool.WaitHandleDbConnectionPool.WaitForPendingOpen()
--- End of stack trace from previous location ---
   at Microsoft.EntityFrameworkCore.Storage.RelationalConnection.OpenInternalAsync(Boolean errorsExpected, CancellationToken cancellationToken)
   at Microsoft.EntityFrameworkCore.Storage.RelationalConnection.OpenInternalAsync(Boolean errorsExpected, CancellationToken cancellationToken)
   at Microsoft.EntityFrameworkCore.Storage.RelationalConnection.OpenAsync(CancellationToken cancellationToken, Boolean errorsExpected)
   at Microsoft.EntityFrameworkCore.Storage.RelationalCommand.ExecuteReaderAsync(RelationalCommandParameterObject parameterObject, CancellationToken cancellationToken)
   at Microsoft.EntityFrameworkCore.Query.Internal.SingleQueryingEnumerable`1.AsyncEnumerator.InitializeReaderAsync(AsyncEnumerator enumerator, CancellationToken cancellationToken)
   at Microsoft.EntityFrameworkCore.Storage.ExecutionStrategy.<>c__DisplayClass30_0`2.<<ExecuteAsync>b__0>d.MoveNext()
--- End of stack trace from previous location ---
   at Microsoft.EntityFrameworkCore.Storage.ExecutionStrategy.ExecuteImplementationAsync[TState,TResult](Func`4 operation, Func`4 verifySucceeded, TState state, CancellationToken cancellationToken)
   at Microsoft.EntityFrameworkCore.Storage.ExecutionStrategy.ExecuteImplementationAsync[TState,TResult](Func`4 operation, Func`4 verifySucceeded, TState state, CancellationToken cancellationToken)
   at Microsoft.EntityFrameworkCore.Storage.ExecutionStrategy.ExecuteAsync[TState,TResult](TState state, Func`4 operation, Func`4 verifySucceeded, CancellationToken cancellationToken)
   at Microsoft.EntityFrameworkCore.Query.Internal.SingleQueryingEnumerable`1.AsyncEnumerator.MoveNextAsync()
ClientConnectionId:00000000-0000-0000-0000-000000000000
Error Number:1326,State:0,Class:20
2026-04-21 13:54:25 | WRN | No store type was specified for the decimal property 'OveMoney' on entity type 'HROvertime'. This will cause values to be silently truncated if they do not fit in the default precision and scale. Explicitly specify the SQL server column type that can accommodate all the values in 'OnModelCreating' using 'HasColumnType', specify precision and scale using 'HasPrecision', or configure a value converter using 'HasConversion'.
2026-04-21 13:54:25 | WRN | No store type was specified for the decimal property 'Wag1D1Hour' on entity type 'HRWage'. This will cause values to be silently truncated if they do not fit in the default precision and scale. Explicitly specify the SQL server column type that can accommodate all the values in 'OnModelCreating' using 'HasColumnType', specify precision and scale using 'HasPrecision', or configure a value converter using 'HasConversion'.
2026-04-21 13:54:25 | WRN | No store type was specified for the decimal property 'Wag2D1Hour' on entity type 'HRWage'. This will cause values to be silently truncated if they do not fit in the default precision and scale. Explicitly specify the SQL server column type that can accommodate all the values in 'OnModelCreating' using 'HasColumnType', specify precision and scale using 'HasPrecision', or configure a value converter using 'HasConversion'.
2026-04-21 13:54:25 | WRN | No store type was specified for the decimal property 'Wag4D3Hour' on entity type 'HRWage'. This will cause values to be silently truncated if they do not fit in the default precision and scale. Explicitly specify the SQL server column type that can accommodate all the values in 'OnModelCreating' using 'HasColumnType', specify precision and scale using 'HasPrecision', or configure a value converter using 'HasConversion'.
2026-04-21 13:54:25 | WRN | No store type was specified for the decimal property 'Wag5D3Hour' on entity type 'HRWage'. This will cause values to be silently truncated if they do not fit in the default precision and scale. Explicitly specify the SQL server column type that can accommodate all the values in 'OnModelCreating' using 'HasColumnType', specify precision and scale using 'HasPrecision', or configure a value converter using 'HasConversion'.
2026-04-21 13:54:25 | WRN | No store type was specified for the decimal property 'Wag8D3Hour' on entity type 'HRWage'. This will cause values to be silently truncated if they do not fit in the default precision and scale. Explicitly specify the SQL server column type that can accommodate all the values in 'OnModelCreating' using 'HasColumnType', specify precision and scale using 'HasPrecision', or configure a value converter using 'HasConversion'.
2026-04-21 13:54:25 | WRN | No store type was specified for the decimal property 'WagApplyHour' on entity type 'HRWage'. This will cause values to be silently truncated if they do not fit in the default precision and scale. Explicitly specify the SQL server column type that can accommodate all the values in 'OnModelCreating' using 'HasColumnType', specify precision and scale using 'HasPrecision', or configure a value converter using 'HasConversion'.
2026-04-21 13:54:25 | WRN | No store type was specified for the decimal property 'WagIssueHour' on entity type 'HRWage'. This will cause values to be silently truncated if they do not fit in the default precision and scale. Explicitly specify the SQL server column type that can accommodate all the values in 'OnModelCreating' using 'HasColumnType', specify precision and scale using 'HasPrecision', or configure a value converter using 'HasConversion'.
2026-04-21 13:54:25 | WRN | No store type was specified for the decimal property 'WagSubtotal' on entity type 'HRWage'. This will cause values to be silently truncated if they do not fit in the default precision and scale. Explicitly specify the SQL server column type that can accommodate all the values in 'OnModelCreating' using 'HasColumnType', specify precision and scale using 'HasPrecision', or configure a value converter using 'HasConversion'.
2026-04-21 13:54:30 | WRN | The query uses the 'First'/'FirstOrDefault' operator without 'OrderBy' and filter operators. This may lead to unpredictable results.
2026-04-21 13:54:31 | INF | ACTION_TRACE | Acc=admin | Path=/ | IP=::1 | Start=2026-04-21 13:54:24.808 | Elapsed=7047ms | Status=Completed
2026-04-21 13:54:31 | INF | NETWORK_UNSTABLE | Acc=admin | Path=/ | Reason=SlowRequest 7047ms
2026-04-21 13:54:32 | INF | ACTION_TRACE | Acc=admin | Path=/Captcha/Generate | IP=::1 | Start=2026-04-21 13:54:32.054 | Elapsed=40ms | Status=Completed
2026-04-21 13:54:32 | INF | ACTION_TRACE | Acc=admin | Path=/DNTCaptchaImage/Show | IP=::1 | Start=2026-04-21 13:54:32.106 | Elapsed=123ms | Status=Completed
2026-04-21 13:54:47 | INF | ACTION_TRACE | Acc=admin | Path=/AdminPortal/Account/Login | IP=::1 | Start=2026-04-21 13:54:46.963 | Elapsed=97ms | Status=Completed
2026-04-21 13:54:47 | INF | ACTION_TRACE | Acc=admin | Path=/Captcha/Generate | IP=::1 | Start=2026-04-21 13:54:47.199 | Elapsed=4ms | Status=Completed
2026-04-21 13:54:47 | INF | ACTION_TRACE | Acc=admin | Path=/DNTCaptchaImage/Show | IP=::1 | Start=2026-04-21 13:54:47.210 | Elapsed=14ms | Status=Completed
2026-04-21 13:54:59 | INF | ACTION_TRACE | Acc=admin | Path=/AdminPortal/Account/Login | IP=::1 | Start=2026-04-21 13:54:50.125 | Elapsed=9244ms | Status=Completed
2026-04-21 13:54:59 | INF | NETWORK_UNSTABLE | Acc=admin | Path=/AdminPortal/Account/Login | Reason=SlowRequest 9244ms
2026-04-21 13:54:59 | INF | ACTION_TRACE | Acc=admin | Path=/AdminPortal/Home/Index | IP=::1 | Start=2026-04-21 13:54:59.383 | Elapsed=173ms | Status=Completed
2026-04-21 13:57:12 | WRN | The query uses the 'First'/'FirstOrDefault' operator without 'OrderBy' and filter operators. This may lead to unpredictable results.
2026-04-21 13:57:12 | INF | CONTROLLER_EXEC | Acc= admin | IP=::1 | Path=ADS999999/ADS999999 | Message=GET /ADS999999/ADS999999
2026-04-21 13:57:12 | INF | ACTION_TRACE | Acc=admin | Path=/ADS999999/ADS999999 | IP=::1 | Start=2026-04-21 13:57:12.283 | Elapsed=183ms | Status=Completed
2026-04-21 13:59:40 | WRN | The query uses the 'First'/'FirstOrDefault' operator without 'OrderBy' and filter operators. This may lead to unpredictable results.
2026-04-21 13:59:41 | INF | CONTROLLER_EXEC | Acc= admin | IP=::1 | Path=ADS999999/UpdateSystemInfo | Message=POST /ADS999999/UpdateSystemInfo
2026-04-21 13:59:41 | INF | ACTION_TRACE | Acc=admin | Path=/ADS999999/UpdateSystemInfo | IP=::1 | Start=2026-04-21 13:59:40.289 | Elapsed=792ms | Status=Completed
2026-04-21 13:59:42 | INF | CONTROLLER_EXEC | Acc= admin | IP=::1 | Path=ADS999999/ADS999999 | Message=GET /ADS999999/ADS999999
2026-04-21 13:59:42 | INF | ACTION_TRACE | Acc=admin | Path=/ADS999999/ADS999999 | IP=::1 | Start=2026-04-21 13:59:42.100 | Elapsed=25ms | Status=Completed
2026-04-21 14:01:35 | INF | ACTION_TRACE | Acc=admin | Path=/AdminPortal/Account/Login | IP=::1 | Start=2026-04-21 14:01:35.769 | Elapsed=2ms | Status=Completed
2026-04-21 14:01:35 | INF | ACTION_TRACE | Acc=admin | Path=/Captcha/Generate | IP=::1 | Start=2026-04-21 14:01:35.905 | Elapsed=1ms | Status=Completed
2026-04-21 14:01:35 | INF | ACTION_TRACE | Acc=admin | Path=/DNTCaptchaImage/Show | IP=::1 | Start=2026-04-21 14:01:35.912 | Elapsed=15ms | Status=Completed
2026-04-21 14:01:41 | INF | ACTION_TRACE | Acc=admin | Path=/AdminPortal/Account/Login | IP=::1 | Start=2026-04-21 14:01:38.897 | Elapsed=3048ms | Status=Completed
2026-04-21 14:01:41 | INF | NETWORK_UNSTABLE | Acc=admin | Path=/AdminPortal/Account/Login | Reason=SlowRequest 3048ms
2026-04-21 14:01:41 | INF | ACTION_TRACE | Acc=admin | Path=/AdminPortal/Home/Index | IP=::1 | Start=2026-04-21 14:01:41.954 | Elapsed=5ms | Status=Completed
2026-04-21 14:01:47 | INF | CONTROLLER_EXEC | Acc= admin | IP=::1 | Path=ADS999999/ADS999999 | Message=GET /ADS999999/ADS999999
2026-04-21 14:01:47 | INF | ACTION_TRACE | Acc=admin | Path=/ADS999999/ADS999999 | IP=::1 | Start=2026-04-21 14:01:47.677 | Elapsed=11ms | Status=Completed
2026-04-21 15:16:09 | INF | ACTION_TRACE | Acc=admin | Path=/Home/Index | IP=::1 | Start=2026-04-21 15:16:08.877 | Elapsed=340ms | Status=Completed
2026-04-21 15:16:13 | INF | ACTION_TRACE | Acc=admin | Path=/ | IP=::1 | Start=2026-04-21 15:16:12.955 | Elapsed=261ms | Status=Completed
2026-04-21 15:16:13 | INF | ACTION_TRACE | Acc=admin | Path=/Captcha/Generate | IP=::1 | Start=2026-04-21 15:16:13.316 | Elapsed=2ms | Status=Completed
2026-04-21 15:16:13 | INF | ACTION_TRACE | Acc=admin | Path=/DNTCaptchaImage/Show | IP=::1 | Start=2026-04-21 15:16:13.329 | Elapsed=14ms | Status=Completed
2026-04-21 15:16:19 | INF | ACTION_TRACE | Acc=admin | Path=/AdminPortal/Account/Login | IP=::1 | Start=2026-04-21 15:16:19.476 | Elapsed=17ms | Status=Completed
2026-04-21 15:16:19 | INF | ACTION_TRACE | Acc=admin | Path=/Captcha/Generate | IP=::1 | Start=2026-04-21 15:16:19.625 | Elapsed=1ms | Status=Completed
2026-04-21 15:16:19 | INF | ACTION_TRACE | Acc=admin | Path=/DNTCaptchaImage/Show | IP=::1 | Start=2026-04-21 15:16:19.633 | Elapsed=14ms | Status=Completed
2026-04-21 15:16:24 | INF | ACTION_TRACE | Acc=admin | Path=/AdminPortal/Account/Login | IP=::1 | Start=2026-04-21 15:16:22.990 | Elapsed=1803ms | Status=Completed
2026-04-21 15:16:24 | INF | ACTION_TRACE | Acc=admin | Path=/AdminPortal/Home/Index | IP=::1 | Start=2026-04-21 15:16:24.800 | Elapsed=86ms | Status=Completed
2026-04-21 15:28:40 | INF | CONTROLLER_EXEC | Acc= admin | IP=::1 | Path=ADS999002/ADS999002 | Message=GET /ADS999002/ADS999002
2026-04-21 15:28:40 | INF | ACTION_TRACE | Acc=admin | Path=/ADS999002/ADS999002 | IP=::1 | Start=2026-04-21 15:28:35.925 | Elapsed=4628ms | Status=Completed
2026-04-21 15:28:40 | INF | NETWORK_UNSTABLE | Acc=admin | Path=/ADS999002/ADS999002 | Reason=SlowRequest 4628ms
2026-04-21 15:28:40 | INF | CONTROLLER_EXEC | Acc= admin | IP=::1 | Path=ADS999002/GetAllRoleList | Message=POST /ADS999002/GetAllRoleList
2026-04-21 15:28:40 | INF | ACTION_TRACE | Acc=admin | Path=/ADS999002/GetAllRoleList | IP=::1 | Start=2026-04-21 15:28:40.588 | Elapsed=75ms | Status=Completed
2026-04-21 15:31:28 | INF | CONTROLLER_EXEC | Acc= admin | IP=::1 | Path=ADS999003/ADS999003 | Message=GET /ADS999003/ADS999003
2026-04-21 15:31:28 | INF | ACTION_TRACE | Acc=admin | Path=/ADS999003/ADS999003 | IP=::1 | Start=2026-04-21 15:31:28.067 | Elapsed=30ms | Status=Completed
2026-04-21 15:31:28 | INF | CONTROLLER_EXEC | Acc= admin | IP=::1 | Path=ADS999003/GetAllUserList | Message=POST /ADS999003/GetAllUserList
2026-04-21 15:31:28 | INF | ACTION_TRACE | Acc=admin | Path=/ADS999003/GetAllUserList | IP=::1 | Start=2026-04-21 15:31:28.120 | Elapsed=62ms | Status=Completed
2026-04-21 15:31:30 | INF | CONTROLLER_EXEC | Acc= admin | IP=::1 | Path=ADS999003/GetUserData | Message=GET /ADS999003/GetUserData
2026-04-21 15:31:30 | INF | ACTION_TRACE | Acc=admin | Path=/ADS999003/GetUserData | IP=::1 | Start=2026-04-21 15:31:30.574 | Elapsed=54ms | Status=Completed
