2026-04-21 09:12:37 | WRN | No store type was specified for the decimal property 'OveMoney' on entity type 'HROvertime'. This will cause values to be silently truncated if they do not fit in the default precision and scale. Explicitly specify the SQL server column type that can accommodate all the values in 'OnModelCreating' using 'HasColumnType', specify precision and scale using 'HasPrecision', or configure a value converter using 'HasConversion'.
2026-04-21 09:12:37 | WRN | No store type was specified for the decimal property 'Wag1D1Hour' on entity type 'HRWage'. This will cause values to be silently truncated if they do not fit in the default precision and scale. Explicitly specify the SQL server column type that can accommodate all the values in 'OnModelCreating' using 'HasColumnType', specify precision and scale using 'HasPrecision', or configure a value converter using 'HasConversion'.
2026-04-21 09:12:37 | WRN | No store type was specified for the decimal property 'Wag2D1Hour' on entity type 'HRWage'. This will cause values to be silently truncated if they do not fit in the default precision and scale. Explicitly specify the SQL server column type that can accommodate all the values in 'OnModelCreating' using 'HasColumnType', specify precision and scale using 'HasPrecision', or configure a value converter using 'HasConversion'.
2026-04-21 09:12:37 | WRN | No store type was specified for the decimal property 'Wag4D3Hour' on entity type 'HRWage'. This will cause values to be silently truncated if they do not fit in the default precision and scale. Explicitly specify the SQL server column type that can accommodate all the values in 'OnModelCreating' using 'HasColumnType', specify precision and scale using 'HasPrecision', or configure a value converter using 'HasConversion'.
2026-04-21 09:12:37 | WRN | No store type was specified for the decimal property 'Wag5D3Hour' on entity type 'HRWage'. This will cause values to be silently truncated if they do not fit in the default precision and scale. Explicitly specify the SQL server column type that can accommodate all the values in 'OnModelCreating' using 'HasColumnType', specify precision and scale using 'HasPrecision', or configure a value converter using 'HasConversion'.
2026-04-21 09:12:37 | WRN | No store type was specified for the decimal property 'Wag8D3Hour' on entity type 'HRWage'. This will cause values to be silently truncated if they do not fit in the default precision and scale. Explicitly specify the SQL server column type that can accommodate all the values in 'OnModelCreating' using 'HasColumnType', specify precision and scale using 'HasPrecision', or configure a value converter using 'HasConversion'.
2026-04-21 09:12:37 | WRN | No store type was specified for the decimal property 'WagApplyHour' on entity type 'HRWage'. This will cause values to be silently truncated if they do not fit in the default precision and scale. Explicitly specify the SQL server column type that can accommodate all the values in 'OnModelCreating' using 'HasColumnType', specify precision and scale using 'HasPrecision', or configure a value converter using 'HasConversion'.
2026-04-21 09:12:37 | WRN | No store type was specified for the decimal property 'WagIssueHour' on entity type 'HRWage'. This will cause values to be silently truncated if they do not fit in the default precision and scale. Explicitly specify the SQL server column type that can accommodate all the values in 'OnModelCreating' using 'HasColumnType', specify precision and scale using 'HasPrecision', or configure a value converter using 'HasConversion'.
2026-04-21 09:12:37 | WRN | No store type was specified for the decimal property 'WagSubtotal' on entity type 'HRWage'. This will cause values to be silently truncated if they do not fit in the default precision and scale. Explicitly specify the SQL server column type that can accommodate all the values in 'OnModelCreating' using 'HasColumnType', specify precision and scale using 'HasPrecision', or configure a value converter using 'HasConversion'.
2026-04-21 09:12:43 | WRN | The query uses the 'First'/'FirstOrDefault' operator without 'OrderBy' and filter operators. This may lead to unpredictable results.
2026-04-21 09:12:44 | INF | ACTION_TRACE | Acc=Anonymous | Path=/ | IP=::1 | Start=2026-04-21 09:12:36.927 | Elapsed=7222ms | Status=Completed
2026-04-21 09:12:44 | INF | NETWORK_UNSTABLE | Acc=Anonymous | Path=/ | Reason=SlowRequest 7222ms
2026-04-21 09:12:44 | INF | NETWORK_UNSTABLE | Acc=Anonymous | IP=::1 | Path=/ | Reason=SlowRequest 7413ms
2026-04-21 09:12:44 | INF | ACTION_TRACE | Acc=Anonymous | Path=/Captcha/Generate | IP=::1 | Start=2026-04-21 09:12:44.424 | Elapsed=50ms | Status=Completed
2026-04-21 09:12:44 | INF | ACTION_TRACE | Acc=Anonymous | Path=/DNTCaptchaImage/Show | IP=::1 | Start=2026-04-21 09:12:44.487 | Elapsed=331ms | Status=Completed
2026-04-21 09:13:24 | INF | ACTION_TRACE | Acc=Anonymous | Path=/AdminPortal/Account/Login | IP=::1 | Start=2026-04-21 09:13:24.010 | Elapsed=120ms | Status=Completed
2026-04-21 09:13:24 | INF | ACTION_TRACE | Acc=Anonymous | Path=/Captcha/Generate | IP=::1 | Start=2026-04-21 09:13:24.288 | Elapsed=3ms | Status=Completed
2026-04-21 09:13:24 | INF | ACTION_TRACE | Acc=Anonymous | Path=/DNTCaptchaImage/Show | IP=::1 | Start=2026-04-21 09:13:24.299 | Elapsed=14ms | Status=Completed
2026-04-21 09:13:36 | INF | ACTION_TRACE | Acc=admin | Path=/AdminPortal/Account/Login | IP=::1 | Start=2026-04-21 09:13:28.620 | Elapsed=7872ms | Status=Completed
2026-04-21 09:13:36 | INF | NETWORK_UNSTABLE | Acc=admin | Path=/AdminPortal/Account/Login | Reason=SlowRequest 7872ms
2026-04-21 09:13:36 | INF | NETWORK_UNSTABLE | Acc=admin | IP=::1 | Path=/AdminPortal/Account/Login | Reason=SlowRequest 7873ms
2026-04-21 09:37:58 | INF | NETWORK_UNSTABLE | Acc=admin | IP=::1 | Path=/AdminPortal/Home/Index | Reason=SlowRequest 4566ms
2026-04-21 09:38:02 | INF | NETWORK_UNSTABLE | Acc=admin | IP=::1 | Path=/AdminPortal/Home/Index | Reason=SlowRequest 4574ms
2026-04-21 09:42:16 | INF | NETWORK_UNSTABLE | Acc=admin | IP=::1 | Path=/ | Reason=SlowRequest 7016ms
2026-04-21 09:42:51 | INF | NETWORK_UNSTABLE | Acc=admin | IP=::1 | Path=/AdminPortal/Account/Login | Reason=SlowRequest 6584ms
2026-04-21 09:57:10 | INF | NETWORK_UNSTABLE | Acc=admin | IP=::1 | Path=/AdminPortal/Home/Index | Reason=SlowRequest 9151ms
2026-04-21 09:57:14 | INF | NETWORK_UNSTABLE | Acc=admin | IP=::1 | Path=/ADS999999/ADS999999 | Reason=SlowRequest 11810ms
2026-04-21 10:17:03 | INF | NETWORK_UNSTABLE | Acc=admin | IP=::1 | Path=/AdminPortal/Home/Index | Reason=SlowRequest 4616ms
2026-04-21 10:24:39 | INF | NETWORK_UNSTABLE | Acc=admin | IP=::1 | Path=/ | Reason=SlowRequest 7215ms
2026-04-21 10:25:28 | INF | NETWORK_UNSTABLE | Acc=admin | IP=::1 | Path=/AdminPortal/Account/Login | Reason=SlowRequest 6756ms
2026-04-21 10:41:35 | INF | NETWORK_UNSTABLE | Acc=admin | IP=::1 | Path=/ADS999999/UpdateSystemInfo | Reason=SlowRequest 5067ms
2026-04-21 10:43:13 | INF | NETWORK_UNSTABLE | Acc=admin | IP=::1 | Path=/ | Reason=SlowRequest 7012ms
2026-04-21 10:43:26 | INF | NETWORK_UNSTABLE | Acc=admin | IP=::1 | Path=/AdminPortal/Account/Login | Reason=SlowRequest 7922ms
2026-04-21 10:50:34 | INF | NETWORK_UNSTABLE | Acc=admin | IP=::1 | Path=/AdminPortal/Account/Login | Reason=SlowRequest 5360ms
2026-04-21 10:56:07 | INF | NETWORK_UNSTABLE | Acc=admin | IP=::1 | Path=/ | Reason=SlowRequest 6938ms
2026-04-21 10:56:29 | INF | NETWORK_UNSTABLE | Acc=admin | IP=::1 | Path=/AdminPortal/Account/Login | Reason=SlowRequest 8413ms
2026-04-21 11:31:51 | INF | NETWORK_UNSTABLE | Acc=admin | IP=::1 | Path=/ | Reason=SlowRequest 7020ms
2026-04-21 11:32:04 | INF | NETWORK_UNSTABLE | Acc=admin | IP=::1 | Path=/AdminPortal/Account/Login | Reason=SlowRequest 6568ms
2026-04-21 11:33:25 | INF | NETWORK_UNSTABLE | Acc=admin | IP=::1 | Path=/ | Reason=SlowRequest 6951ms
2026-04-21 11:34:01 | INF | NETWORK_UNSTABLE | Acc=admin | IP=::1 | Path=/AdminPortal/Account/Login | Reason=SlowRequest 8824ms
2026-04-21 12:40:30 | WRN | No store type was specified for the decimal property 'OveMoney' on entity type 'HROvertime'. This will cause values to be silently truncated if they do not fit in the default precision and scale. Explicitly specify the SQL server column type that can accommodate all the values in 'OnModelCreating' using 'HasColumnType', specify precision and scale using 'HasPrecision', or configure a value converter using 'HasConversion'.
2026-04-21 12:40:30 | WRN | No store type was specified for the decimal property 'Wag1D1Hour' on entity type 'HRWage'. This will cause values to be silently truncated if they do not fit in the default precision and scale. Explicitly specify the SQL server column type that can accommodate all the values in 'OnModelCreating' using 'HasColumnType', specify precision and scale using 'HasPrecision', or configure a value converter using 'HasConversion'.
2026-04-21 12:40:30 | WRN | No store type was specified for the decimal property 'Wag2D1Hour' on entity type 'HRWage'. This will cause values to be silently truncated if they do not fit in the default precision and scale. Explicitly specify the SQL server column type that can accommodate all the values in 'OnModelCreating' using 'HasColumnType', specify precision and scale using 'HasPrecision', or configure a value converter using 'HasConversion'.
2026-04-21 12:40:30 | WRN | No store type was specified for the decimal property 'Wag4D3Hour' on entity type 'HRWage'. This will cause values to be silently truncated if they do not fit in the default precision and scale. Explicitly specify the SQL server column type that can accommodate all the values in 'OnModelCreating' using 'HasColumnType', specify precision and scale using 'HasPrecision', or configure a value converter using 'HasConversion'.
2026-04-21 12:40:30 | WRN | No store type was specified for the decimal property 'Wag5D3Hour' on entity type 'HRWage'. This will cause values to be silently truncated if they do not fit in the default precision and scale. Explicitly specify the SQL server column type that can accommodate all the values in 'OnModelCreating' using 'HasColumnType', specify precision and scale using 'HasPrecision', or configure a value converter using 'HasConversion'.
2026-04-21 12:40:30 | WRN | No store type was specified for the decimal property 'Wag8D3Hour' on entity type 'HRWage'. This will cause values to be silently truncated if they do not fit in the default precision and scale. Explicitly specify the SQL server column type that can accommodate all the values in 'OnModelCreating' using 'HasColumnType', specify precision and scale using 'HasPrecision', or configure a value converter using 'HasConversion'.
2026-04-21 12:40:30 | WRN | No store type was specified for the decimal property 'WagApplyHour' on entity type 'HRWage'. This will cause values to be silently truncated if they do not fit in the default precision and scale. Explicitly specify the SQL server column type that can accommodate all the values in 'OnModelCreating' using 'HasColumnType', specify precision and scale using 'HasPrecision', or configure a value converter using 'HasConversion'.
2026-04-21 12:40:30 | WRN | No store type was specified for the decimal property 'WagIssueHour' on entity type 'HRWage'. This will cause values to be silently truncated if they do not fit in the default precision and scale. Explicitly specify the SQL server column type that can accommodate all the values in 'OnModelCreating' using 'HasColumnType', specify precision and scale using 'HasPrecision', or configure a value converter using 'HasConversion'.
2026-04-21 12:40:30 | WRN | No store type was specified for the decimal property 'WagSubtotal' on entity type 'HRWage'. This will cause values to be silently truncated if they do not fit in the default precision and scale. Explicitly specify the SQL server column type that can accommodate all the values in 'OnModelCreating' using 'HasColumnType', specify precision and scale using 'HasPrecision', or configure a value converter using 'HasConversion'.
2026-04-21 12:40:35 | WRN | The query uses the 'First'/'FirstOrDefault' operator without 'OrderBy' and filter operators. This may lead to unpredictable results.
2026-04-21 12:40:36 | INF | ACTION_TRACE | Acc=Anonymous | Path=/ | IP=::1 | Start=2026-04-21 12:40:29.111 | Elapsed=7311ms | Status=Completed
2026-04-21 12:40:36 | INF | NETWORK_UNSTABLE | Acc=Anonymous | Path=/ | Reason=SlowRequest 7311ms
2026-04-21 12:40:36 | INF | NETWORK_UNSTABLE | Acc=Anonymous | IP=::1 | Path=/ | Reason=SlowRequest 7509ms
2026-04-21 12:40:36 | INF | ACTION_TRACE | Acc=Anonymous | Path=/Captcha/Generate | IP=::1 | Start=2026-04-21 12:40:36.723 | Elapsed=99ms | Status=Completed
2026-04-21 12:40:37 | INF | ACTION_TRACE | Acc=Anonymous | Path=/DNTCaptchaImage/Show | IP=::1 | Start=2026-04-21 12:40:36.850 | Elapsed=355ms | Status=Completed
2026-04-21 12:40:41 | INF | ACTION_TRACE | Acc=Anonymous | Path=/AdminPortal/Account/Login | IP=::1 | Start=2026-04-21 12:40:41.706 | Elapsed=142ms | Status=Completed
2026-04-21 12:40:42 | INF | ACTION_TRACE | Acc=Anonymous | Path=/Captcha/Generate | IP=::1 | Start=2026-04-21 12:40:42.002 | Elapsed=5ms | Status=Completed
2026-04-21 12:40:42 | INF | ACTION_TRACE | Acc=Anonymous | Path=/DNTCaptchaImage/Show | IP=::1 | Start=2026-04-21 12:40:42.016 | Elapsed=12ms | Status=Completed
2026-04-21 12:41:09 | INF | ACTION_TRACE | Acc=admin | Path=/AdminPortal/Account/Login | IP=::1 | Start=2026-04-21 12:40:59.837 | Elapsed=9505ms | Status=Completed
2026-04-21 12:41:09 | INF | NETWORK_UNSTABLE | Acc=admin | Path=/AdminPortal/Account/Login | Reason=SlowRequest 9505ms
2026-04-21 12:41:09 | INF | NETWORK_UNSTABLE | Acc=admin | IP=::1 | Path=/AdminPortal/Account/Login | Reason=SlowRequest 9506ms
2026-04-21 13:36:53 | INF | NETWORK_UNSTABLE | Acc=admin | IP=::1 | Path=/ADS999999/ADS999999 | Reason=SlowRequest 4572ms
2026-04-21 13:54:31 | INF | NETWORK_UNSTABLE | Acc=admin | IP=::1 | Path=/ | Reason=SlowRequest 7212ms
2026-04-21 13:54:59 | INF | NETWORK_UNSTABLE | Acc=admin | IP=::1 | Path=/AdminPortal/Account/Login | Reason=SlowRequest 9246ms
2026-04-21 14:01:41 | INF | NETWORK_UNSTABLE | Acc=admin | IP=::1 | Path=/AdminPortal/Account/Login | Reason=SlowRequest 3049ms
2026-04-21 15:15:50 | WRN | No store type was specified for the decimal property 'OveMoney' on entity type 'HROvertime'. This will cause values to be silently truncated if they do not fit in the default precision and scale. Explicitly specify the SQL server column type that can accommodate all the values in 'OnModelCreating' using 'HasColumnType', specify precision and scale using 'HasPrecision', or configure a value converter using 'HasConversion'.
2026-04-21 15:15:50 | WRN | No store type was specified for the decimal property 'Wag1D1Hour' on entity type 'HRWage'. This will cause values to be silently truncated if they do not fit in the default precision and scale. Explicitly specify the SQL server column type that can accommodate all the values in 'OnModelCreating' using 'HasColumnType', specify precision and scale using 'HasPrecision', or configure a value converter using 'HasConversion'.
2026-04-21 15:15:50 | WRN | No store type was specified for the decimal property 'Wag2D1Hour' on entity type 'HRWage'. This will cause values to be silently truncated if they do not fit in the default precision and scale. Explicitly specify the SQL server column type that can accommodate all the values in 'OnModelCreating' using 'HasColumnType', specify precision and scale using 'HasPrecision', or configure a value converter using 'HasConversion'.
2026-04-21 15:15:50 | WRN | No store type was specified for the decimal property 'Wag4D3Hour' on entity type 'HRWage'. This will cause values to be silently truncated if they do not fit in the default precision and scale. Explicitly specify the SQL server column type that can accommodate all the values in 'OnModelCreating' using 'HasColumnType', specify precision and scale using 'HasPrecision', or configure a value converter using 'HasConversion'.
2026-04-21 15:15:50 | WRN | No store type was specified for the decimal property 'Wag5D3Hour' on entity type 'HRWage'. This will cause values to be silently truncated if they do not fit in the default precision and scale. Explicitly specify the SQL server column type that can accommodate all the values in 'OnModelCreating' using 'HasColumnType', specify precision and scale using 'HasPrecision', or configure a value converter using 'HasConversion'.
2026-04-21 15:15:50 | WRN | No store type was specified for the decimal property 'Wag8D3Hour' on entity type 'HRWage'. This will cause values to be silently truncated if they do not fit in the default precision and scale. Explicitly specify the SQL server column type that can accommodate all the values in 'OnModelCreating' using 'HasColumnType', specify precision and scale using 'HasPrecision', or configure a value converter using 'HasConversion'.
2026-04-21 15:15:50 | WRN | No store type was specified for the decimal property 'WagApplyHour' on entity type 'HRWage'. This will cause values to be silently truncated if they do not fit in the default precision and scale. Explicitly specify the SQL server column type that can accommodate all the values in 'OnModelCreating' using 'HasColumnType', specify precision and scale using 'HasPrecision', or configure a value converter using 'HasConversion'.
2026-04-21 15:15:50 | WRN | No store type was specified for the decimal property 'WagIssueHour' on entity type 'HRWage'. This will cause values to be silently truncated if they do not fit in the default precision and scale. Explicitly specify the SQL server column type that can accommodate all the values in 'OnModelCreating' using 'HasColumnType', specify precision and scale using 'HasPrecision', or configure a value converter using 'HasConversion'.
2026-04-21 15:15:50 | WRN | No store type was specified for the decimal property 'WagSubtotal' on entity type 'HRWage'. This will cause values to be silently truncated if they do not fit in the default precision and scale. Explicitly specify the SQL server column type that can accommodate all the values in 'OnModelCreating' using 'HasColumnType', specify precision and scale using 'HasPrecision', or configure a value converter using 'HasConversion'.
2026-04-21 15:15:55 | WRN | The query uses the 'First'/'FirstOrDefault' operator without 'OrderBy' and filter operators. This may lead to unpredictable results.
2026-04-21 15:15:56 | INF | ACTION_TRACE | Acc=Anonymous | Path=/ | IP=::1 | Start=2026-04-21 15:15:49.088 | Elapsed=7112ms | Status=Completed
2026-04-21 15:15:56 | INF | NETWORK_UNSTABLE | Acc=Anonymous | Path=/ | Reason=SlowRequest 7112ms
2026-04-21 15:15:56 | INF | NETWORK_UNSTABLE | Acc=Anonymous | IP=::1 | Path=/ | Reason=SlowRequest 7296ms
2026-04-21 15:15:56 | INF | ACTION_TRACE | Acc=Anonymous | Path=/Captcha/Generate | IP=::1 | Start=2026-04-21 15:15:56.402 | Elapsed=34ms | Status=Completed
2026-04-21 15:15:56 | INF | ACTION_TRACE | Acc=Anonymous | Path=/DNTCaptchaImage/Show | IP=::1 | Start=2026-04-21 15:15:56.449 | Elapsed=128ms | Status=Completed
2026-04-21 15:16:08 | INF | ACTION_TRACE | Acc=admin | Path=/Account/Login | IP=::1 | Start=2026-04-21 15:16:02.642 | Elapsed=6218ms | Status=Completed
2026-04-21 15:16:08 | INF | NETWORK_UNSTABLE | Acc=admin | Path=/Account/Login | Reason=SlowRequest 6218ms
2026-04-21 15:16:08 | INF | NETWORK_UNSTABLE | Acc=admin | IP=::1 | Path=/Account/Login | Reason=SlowRequest 6219ms
2026-04-21 15:28:40 | INF | NETWORK_UNSTABLE | Acc=admin | IP=::1 | Path=/ADS999002/ADS999002 | Reason=SlowRequest 4632ms
